Component: ARM Compiler 5.06 update 7 (build 960) Tool: armlink [4d3601]

==============================================================================

Section Cross References

    startup_stm32f103xb.o(STACK) refers (Special) to heapauxi.o(.text) for __use_two_region_memory
    startup_stm32f103xb.o(HEAP) refers (Special) to heapauxi.o(.text) for __use_two_region_memory
    startup_stm32f103xb.o(RESET) refers (Special) to heapauxi.o(.text) for __use_two_region_memory
    startup_stm32f103xb.o(RESET) refers to startup_stm32f103xb.o(STACK) for __initial_sp
    startup_stm32f103xb.o(RESET) refers to startup_stm32f103xb.o(.text) for Reset_Handler
    startup_stm32f103xb.o(RESET) refers to stm32f1xx_it.o(i.NMI_Handler) for NMI_Handler
    startup_stm32f103xb.o(RESET) refers to context_rvds.o(.text) for HardFault_Handler
    startup_stm32f103xb.o(RESET) refers to stm32f1xx_it.o(i.MemManage_Handler) for MemManage_Handler
    startup_stm32f103xb.o(RESET) refers to stm32f1xx_it.o(i.BusFault_Handler) for BusFault_Handler
    startup_stm32f103xb.o(RESET) refers to stm32f1xx_it.o(i.UsageFault_Handler) for UsageFault_Handler
    startup_stm32f103xb.o(RESET) refers to stm32f1xx_it.o(i.DebugMon_Handler) for DebugMon_Handler
    startup_stm32f103xb.o(RESET) refers to board.o(i.SysTick_Handler) for SysTick_Handler
    startup_stm32f103xb.o(.text) refers (Special) to heapauxi.o(.text) for __use_two_region_memory
    startup_stm32f103xb.o(.text) refers to system_stm32f1xx.o(i.SystemInit) for SystemInit
    startup_stm32f103xb.o(.text) refers to __main.o(!!!main) for __main
    startup_stm32f103xb.o(.text) refers to startup_stm32f103xb.o(HEAP) for Heap_Mem
    startup_stm32f103xb.o(.text) refers to startup_stm32f103xb.o(STACK) for Stack_Mem
    main.o(i.SystemClock_Config) refers to rt_memclr_w.o(.text) for __aeabi_memclr4
    main.o(i.SystemClock_Config) refers to stm32f1xx_hal_rcc.o(i.HAL_RCC_OscConfig) for HAL_RCC_OscConfig
    main.o(i.SystemClock_Config) refers to stm32f1xx_hal_rcc.o(i.HAL_RCC_ClockConfig) for HAL_RCC_ClockConfig
    main.o(i.main) refers to stm32f1xx_hal.o(i.HAL_Init) for HAL_Init
    main.o(i.main) refers to main.o(i.SystemClock_Config) for SystemClock_Config
    main.o(i.main) refers to gpio.o(i.MX_GPIO_Init) for MX_GPIO_Init
    stm32f1xx_hal.o(i.HAL_DeInit) refers to stm32f1xx_hal.o(i.HAL_MspDeInit) for HAL_MspDeInit
    stm32f1xx_hal.o(i.HAL_Delay) refers to stm32f1xx_hal.o(i.HAL_GetTick) for HAL_GetTick
    stm32f1xx_hal.o(i.HAL_Delay) refers to stm32f1xx_hal.o(.data) for .data
    stm32f1xx_hal.o(i.HAL_GetTick) refers to stm32f1xx_hal.o(.data) for .data
    stm32f1xx_hal.o(i.HAL_GetTickFreq) refers to stm32f1xx_hal.o(.data) for .data
    stm32f1xx_hal.o(i.HAL_GetTickPrio) refers to stm32f1xx_hal.o(.data) for .data
    stm32f1xx_hal.o(i.HAL_IncTick) refers to stm32f1xx_hal.o(.data) for .data
    stm32f1xx_hal.o(i.HAL_Init) refers to stm32f1xx_hal_cortex.o(i.HAL_NVIC_SetPriorityGrouping) for HAL_NVIC_SetPriorityGrouping
    stm32f1xx_hal.o(i.HAL_Init) refers to stm32f1xx_hal.o(i.HAL_InitTick) for HAL_InitTick
    stm32f1xx_hal.o(i.HAL_Init) refers to stm32f1xx_hal_msp.o(i.HAL_MspInit) for HAL_MspInit
    stm32f1xx_hal.o(i.HAL_InitTick) refers to stm32f1xx_hal_cortex.o(i.HAL_SYSTICK_Config) for HAL_SYSTICK_Config
    stm32f1xx_hal.o(i.HAL_InitTick) refers to stm32f1xx_hal_cortex.o(i.HAL_NVIC_SetPriority) for HAL_NVIC_SetPriority
    stm32f1xx_hal.o(i.HAL_InitTick) refers to stm32f1xx_hal.o(.data) for .data
    stm32f1xx_hal.o(i.HAL_InitTick) refers to system_stm32f1xx.o(.data) for SystemCoreClock
    stm32f1xx_hal.o(i.HAL_SetTickFreq) refers to stm32f1xx_hal.o(i.HAL_InitTick) for HAL_InitTick
    stm32f1xx_hal.o(i.HAL_SetTickFreq) refers to stm32f1xx_hal.o(.data) for .data
    stm32f1xx_hal_rcc.o(i.HAL_RCC_ClockConfig) refers to stm32f1xx_hal.o(i.HAL_GetTick) for HAL_GetTick
    stm32f1xx_hal_rcc.o(i.HAL_RCC_ClockConfig) refers to stm32f1xx_hal_rcc.o(i.HAL_RCC_GetSysClockFreq) for HAL_RCC_GetSysClockFreq
    stm32f1xx_hal_rcc.o(i.HAL_RCC_ClockConfig) refers to stm32f1xx_hal.o(i.HAL_InitTick) for HAL_InitTick
    stm32f1xx_hal_rcc.o(i.HAL_RCC_ClockConfig) refers to system_stm32f1xx.o(.constdata) for AHBPrescTable
    stm32f1xx_hal_rcc.o(i.HAL_RCC_ClockConfig) refers to system_stm32f1xx.o(.data) for SystemCoreClock
    stm32f1xx_hal_rcc.o(i.HAL_RCC_ClockConfig) refers to stm32f1xx_hal.o(.data) for uwTickPrio
    stm32f1xx_hal_rcc.o(i.HAL_RCC_DeInit) refers to stm32f1xx_hal.o(i.HAL_GetTick) for HAL_GetTick
    stm32f1xx_hal_rcc.o(i.HAL_RCC_DeInit) refers to stm32f1xx_hal.o(i.HAL_InitTick) for HAL_InitTick
    stm32f1xx_hal_rcc.o(i.HAL_RCC_DeInit) refers to system_stm32f1xx.o(.data) for SystemCoreClock
    stm32f1xx_hal_rcc.o(i.HAL_RCC_DeInit) refers to stm32f1xx_hal.o(.data) for uwTickPrio
    stm32f1xx_hal_rcc.o(i.HAL_RCC_GetHCLKFreq) refers to system_stm32f1xx.o(.data) for SystemCoreClock
    stm32f1xx_hal_rcc.o(i.HAL_RCC_GetPCLK1Freq) refers to system_stm32f1xx.o(.data) for SystemCoreClock
[...]
    .text                                    0x08000188   Section       64  startup_stm32f103xb.o(.text)
    .text                                    0x080001c8   Section      244  context_rvds.o(.text)
    .text                                    0x080002bc   Section        0  strlen.o(.text)
    .text                                    0x080002fa   Section        0  strncmp.o(.text)
    .text                                    0x08000390   Section      100  rt_memcpy_w.o(.text)
    .text                                    0x080003f4   Section       68  rt_memclr.o(.text)
    .text                                    0x08000438   Section       78  rt_memclr_w.o(.text)
    .text                                    0x08000486   Section        0  heapauxi.o(.text)
    .text                                    0x0800048c   Section       74  sys_stackheap_outer.o(.text)
    .text                                    0x080004d6   Section        0  exit.o(.text)
    .text                                    0x080004e8   Section        8  libspace.o(.text)
    .text                                    0x080004f0   Section        0  sys_exit.o(.text)
    .text                                    0x080004fc   Section        2  use_no_semi.o(.text)
    .text                                    0x080004fe   Section        0  indicate_semi.o(.text)
    i.$Sub$$main                             0x080004fe   Section        0  components.o(i.$Sub$$main)
    i.BusFault_Handler                       0x08000508   Section        0  stm32f1xx_it.o(i.BusFault_Handler)
    i.DebugMon_Handler                       0x0800050a   Section        0  stm32f1xx_it.o(i.DebugMon_Handler)
    i.HAL_GetTick                            0x0800050c   Section        0  stm32f1xx_hal.o(i.HAL_GetTick)
    i.HAL_Init                               0x08000518   Section        0  stm32f1xx_hal.o(i.HAL_Init)
    i.HAL_InitTick                           0x0800053c   Section        0  stm32f1xx_hal.o(i.HAL_InitTick)
    i.HAL_MspInit                            0x0800057c   Section        0  stm32f1xx_hal_msp.o(i.HAL_MspInit)
    i.HAL_NVIC_SetPriority                   0x080005b8   Section        0  stm32f1xx_hal_cortex.o(i.HAL_NVIC_SetPriority)
    i.HAL_NVIC_SetPriorityGrouping           0x080005f8   Section        0  stm32f1xx_hal_cortex.o(i.HAL_NVIC_SetPriorityGrouping)
    i.HAL_RCC_ClockConfig                    0x0800061c   Section        0  stm32f1xx_hal_rcc.o(i.HAL_RCC_ClockConfig)
    i.HAL_RCC_GetSysClockFreq                0x08000748   Section        0  stm32f1xx_hal_rcc.o(i.HAL_RCC_GetSysClockFreq)
    i.HAL_RCC_OscConfig                      0x08000794   Section        0  stm32f1xx_hal_rcc.o(i.HAL_RCC_OscConfig)
    i.HAL_SYSTICK_Config                     0x08000ab4   Section        0  stm32f1xx_hal_cortex.o(i.HAL_SYSTICK_Config)
    i.MX_GPIO_Init                           0x08000adc   Section        0  gpio.o(i.MX_GPIO_Init)
    i.MemManage_Handler                      0x08000af8   Section        0  stm32f1xx_it.o(i.MemManage_Handler)
    i.NMI_Handler                            0x08000afa   Section        0  stm32f1xx_it.o(i.NMI_Handler)
    i.SysTick_Handler                        0x08000afc   Section        0  board.o(i.SysTick_Handler)
    i.SystemClock_Config                     0x08000b0e   Section        0  main.o(i.SystemClock_Config)
    i.SystemCoreClockUpdate                  0x08000b6c   Section        0  system_stm32f1xx.o(i.SystemCoreClockUpdate)
    i.SystemInit                             0x08000bd4   Section        0  system_stm32f1xx.o(i.SystemInit)
    i.UsageFault_Handler                     0x08000bd6   Section        0  stm32f1xx_it.o(i.UsageFault_Handler)
    i.__NVIC_SetPriority                     0x08000bd8   Section        0  stm32f1xx_hal_cortex.o(i.__NVIC_SetPriority)
    __NVIC_SetPriority                       0x08000bd9   Thumb Code    32  stm32f1xx_hal_cortex.o(i.__NVIC_SetPriority)
    i.__rt_ffs                               0x08000bf8   Section        0  kservice.o(i.__rt_ffs)
    i._msh_exec_cmd                          0x08000c40   Section        0  msh.o(i._msh_exec_cmd)
    _msh_exec_cmd                            0x08000c41   Thumb Code   108  msh.o(i._msh_exec_cmd)
    i._rt_thread_init                        0x08000cac   Section        0  thread.o(i._rt_thread_init)
    _rt_thread_init                          0x08000cad   Thumb Code   114  thread.o(i._rt_thread_init)
    i._rt_timer_init                         0x08000d28   Section        0  timer.o(i._rt_timer_init)
    _rt_timer_init                           0x08000d29   Thumb Code    40  timer.o(i._rt_timer_init)
    i._thread_cleanup_execute                0x08000d50   Section        0  thread.o(i._thread_cleanup_execute)
    _thread_cleanup_execute                  0x08000d51   Thumb Code    28  thread.o(i._thread_cleanup_execute)
    i.bus_fault_track                        0x08000d6c   Section        0  cpuport.o(i.bus_fault_track)
    bus_fault_track                          0x08000d6d   Thumb Code    16  cpuport.o(i.bus_fault_track)
    i.cmd_free                               0x08000d80   Section        0  msh.o(i.cmd_free)
    i.cmd_ps                                 0x08000d8a   Section        0  msh.o(i.cmd_ps)
    i.finsh_getchar                          0x08000d94   Section        0  shell.o(i.finsh_getchar)
    finsh_getchar                            0x08000d95   Thumb Code     4  shell.o(i.finsh_getchar)
    i.finsh_set_prompt_mode                  0x08000d98   Section        0  shell.o(i.finsh_set_prompt_mode)
    i.finsh_system_function_init             0x08000db0   Section        0  shell.o(i.finsh_system_function_init)
    i.finsh_system_init                      0x08000dbc   Section        0  shell.o(i.finsh_system_init)
    i.finsh_thread_entry                     0x08000e38   Section        0  shell.o(i.finsh_thread_entry)
    i.hard_fault_track                       0x08001004   Section        0  cpuport.o(i.hard_fault_track)
    hard_fault_track                         0x08001005   Thumb Code    48  cpuport.o(i.hard_fault_track)
    i.hello                                  0x08001040   Section        0  cmd.o(i.hello)
    i.list                                   0x08001044   Section        0  cmd.o(i.list)
    i.list_find_init                         0x08001074   Section        0  cmd.o(i.list_find_init)
    list_find_init                           0x08001075   Thumb Code    36  cmd.o(i.list_find_init)
    i.list_get_next                          0x08001098   Section        0  cmd.o(i.list_get_next)
    list_get_next                            0x08001099   Thumb Code   118  cmd.o(i.list_get_next)
    i.list_mailbox                           0x0800110e   Section        0  cmd.o(i.list_mailbox)
    i.list_mem                               0x0800118a   Section        0  mem.o(i.list_mem)
    i.list_sem                               0x0800118c   Section        0  cmd.o(i.list_sem)
    i.list_thread                            0x08001208   Section        0  cmd.o(i.list_thread)
    i.list_timer                             0x0800128e   Section        0  cmd.o(i.list_timer)
    i.main                                   0x080012f0   Section        0  main.o(i.main)
    i.main_thread_entry                      0x080012fe   Section        0  components.o(i.main_thread_entry)
    i.mem_manage_fault_track                 0x0800130c   Section        0  cpuport.o(i.mem_manage_fault_track)
    mem_manage_fault_track                   0x0800130d   Thumb Code    14  cpuport.o(i.mem_manage_fault_track)
    i.msh_auto_complete                      0x08001320   Section        0  msh.o(i.msh_auto_complete)
    i.msh_exec                               0x080013bc   Section        0  msh.o(i.msh_exec)
    i.msh_get_cmd                            0x080013fc   Section        0  msh.o(i.msh_get_cmd)
    msh_get_cmd                              0x080013fd   Thumb Code    76  msh.o(i.msh_get_cmd)
    i.msh_help                               0x08001458   Section        0  msh.o(i.msh_help)
    i.msh_is_used                            0x0800148c   Section        0  msh.o(i.msh_is_used)
    i.msh_split                              0x08001490   Section        0  msh.o(i.msh_split)
    msh_split                                0x08001491   Thumb Code   158  msh.o(i.msh_split)
    i.plug_holes                             0x08001530   Section        0  mem.o(i.plug_holes)
    plug_holes                               0x08001531   Thumb Code   100  mem.o(i.plug_holes)
    i.rt_application_init                    0x08001598   Section        0  components.o(i.rt_application_init)
    i.rt_calloc                              0x080015c8   Section        0  mem.o(i.rt_calloc)
    i.rt_components_board_init               0x080015e4   Section        0  components.o(i.rt_components_board_init)
    i.rt_components_init                     0x08001604   Section        0  components.o(i.rt_components_init)
    i.rt_enter_critical                      0x08001624   Section        0  scheduler.o(i.rt_enter_critical)
    i.rt_exit_critical                       0x08001640   Section        0  scheduler.o(i.rt_exit_critical)
    i.rt_free                                0x08001678   Section        0  mem.o(i.rt_free)
    i.rt_heap_begin_get                      0x080016d4   Section        0  board.o(i.rt_heap_begin_get)
    i.rt_heap_end_get                        0x080016dc   Section        0  board.o(i.rt_heap_end_get)
    i.rt_hw_board_init                       0x080016e4   Section        0  board.o(i.rt_hw_board_init)
    i.rt_hw_console_getchar                  0x0800173c   Section        0  finsh_port.o(i.rt_hw_console_getchar)
    i.rt_hw_hard_fault_exception             0x08001758   Section        0  cpuport.o(i.rt_hw_hard_fault_exception)
    i.rt_hw_stack_init                       0x08001784   Section        0  cpuport.o(i.rt_hw_stack_init)
    i.rt_interrupt_enter                     0x080017c4   Section        0  irq.o(i.rt_interrupt_enter)
    i.rt_interrupt_leave                     0x080017e0   Section        0  irq.o(i.rt_interrupt_leave)
    i.rt_ipc_list_suspend                    0x080017fc   Section        0  ipc.o(i.rt_ipc_list_suspend)
    rt_ipc_list_suspend                      0x080017fd   Thumb Code   112  ipc.o(i.rt_ipc_list_suspend)
    i.rt_malloc                              0x0800186c   Section        0  mem.o(i.rt_malloc)
    i.rt_memmove                             0x0800197c   Section        0  kservice.o(i.rt_memmove)
    i.rt_memset                              0x080019b2   Section        0  kservice.o(i.rt_memset)
    i.rt_object_allocate                     0x08001a08   Section        0  object.o(i.rt_object_allocate)
    i.rt_object_delete                       0x08001a62   Section        0  object.o(i.rt_object_delete)
    i.rt_object_detach                       0x08001a90   Section        0  object.o(i.rt_object_detach)
    i.rt_object_get_information              0x08001abc   Section        0  object.o(i.rt_object_get_information)
    i.rt_object_init                         0x08001ae0   Section        0  object.o(i.rt_object_init)
    i.rt_object_is_systemobject              0x08001b3a   Section        0  object.o(i.rt_object_is_systemobject)
    i.rt_schedule                            0x08001b4c   Section        0  scheduler.o(i.rt_schedule)
    i.rt_schedule_insert_thread              0x08001bb0   Section        0  scheduler.o(i.rt_schedule_insert_thread)
    i.rt_schedule_remove_thread              0x08001c00   Section        0  scheduler.o(i.rt_schedule_remove_thread)
    i.rt_sem_init                            0x08001c54   Section        0  ipc.o(i.rt_sem_init)
    i.rt_sem_release                         0x08001c76   Section        0  ipc.o(i.rt_sem_release)
    i.rt_sem_take                            0x08001cce   Section        0  ipc.o(i.rt_sem_take)
    i.rt_show_version                        0x08001d40   Section        0  kservice.o(i.rt_show_version)
    i.rt_strncpy                             0x08001d42   Section        0  kservice.o(i.rt_strncpy)
    i.rt_system_heap_init                    0x08001d6c   Section        0  mem.o(i.rt_system_heap_init)
    i.rt_system_scheduler_init               0x08001dd0   Section        0  scheduler.o(i.rt_system_scheduler_init)
    i.rt_system_scheduler_start              0x08001e0c   Section        0  scheduler.o(i.rt_system_scheduler_start)
    i.rt_system_timer_init                   0x08001e34   Section        0  timer.o(i.rt_system_timer_init)
    i.rt_system_timer_thread_init            0x08001e4c   Section        0  timer.o(i.rt_system_timer_thread_init)
    i.rt_thread_create                       0x08001e4e   Section        0  thread.o(i.rt_thread_create)
    i.rt_thread_exit                         0x08001ea8   Section        0  thread.o(i.rt_thread_exit)
    i.rt_thread_idle_entry                   0x08001f08   Section        0  idle.o(i.rt_thread_idle_entry)
    rt_thread_idle_entry                     0x08001f09   Thumb Code     6  idle.o(i.rt_thread_idle_entry)
    i.rt_thread_idle_excute                  0x08001f10   Section        0  idle.o(i.rt_thread_idle_excute)
    i.rt_thread_idle_init                    0x08001f64   Section        0  idle.o(i.rt_thread_idle_init)
    i.rt_thread_init                         0x08001fa4   Section        0  thread.o(i.rt_thread_init)
    i.rt_thread_resume                       0x08001fd6   Section        0  thread.o(i.rt_thread_resume)
    i.rt_thread_self                         0x08002020   Section        0  thread.o(i.rt_thread_self)
    i.rt_thread_startup                      0x0800202c   Section        0  thread.o(i.rt_thread_startup)
    i.rt_thread_suspend                      0x08002056   Section        0  thread.o(i.rt_thread_suspend)
    i.rt_thread_timeout                      0x0800209a   Section        0  thread.o(i.rt_thread_timeout)
    i.rt_thread_yield                        0x080020c4   Section        0  thread.o(i.rt_thread_yield)
    i.rt_tick_get                            0x08002130   Section        0  clock.o(i.rt_tick_get)
    i.rt_tick_increase                       0x0800213c   Section        0  clock.o(i.rt_tick_increase)
    i.rt_timer_check                         0x08002168   Section        0  timer.o(i.rt_timer_check)
    i.rt_timer_control                       0x0800225c   Section        0  timer.o(i.rt_timer_control)
    i.rt_timer_detach                        0x080022b0   Section        0  timer.o(i.rt_timer_detach)
    i.rt_timer_init                          0x080022f6   Section        0  timer.o(i.rt_timer_init)
    i.rt_timer_start                         0x08002320   Section        0  timer.o(i.rt_timer_start)
    i.rt_timer_stop                          0x080023f0   Section        0  timer.o(i.rt_timer_stop)
    i.rti_board_end                          0x08002442   Section        0  components.o(i.rti_board_end)
    rti_board_end                            0x08002443   Thumb Code     4  components.o(i.rti_board_end)
    i.rti_board_start                        0x08002446   Section        0  components.o(i.rti_board_start)
    rti_board_start                          0x08002447   Thumb Code     4  components.o(i.rti_board_start)
    i.rti_end                                0x0800244a   Section        0  components.o(i.rti_end)
    rti_end                                  0x0800244b   Thumb Code     4  components.o(i.rti_end)
    i.rti_start                              0x0800244e   Section        0  components.o(i.rti_start)
    rti_start                                0x0800244f   Thumb Code     4  components.o(i.rti_start)
    i.rtthread_startup                       0x08002452   Section        0  components.o(i.rtthread_startup)
    i.shell_auto_complete                    0x0800247c   Section        0  shell.o(i.shell_auto_complete)
    shell_auto_complete                      0x0800247d   Thumb Code    24  shell.o(i.shell_auto_complete)
    i.show_wait_queue                        0x08002494   Section        0  cmd.o(i.show_wait_queue)
    show_wait_queue                          0x08002495   Thumb Code    14  cmd.o(i.show_wait_queue)
    i.str_common                             0x080024a2   Section        0  msh.o(i.str_common)
    str_common                               0x080024a3   Thumb Code    30  msh.o(i.str_common)
    i.usage_fault_track                      0x080024c0   Section        0  cpuport.o(i.usage_fault_track)
    usage_fault_track                        0x080024c1   Thumb Code    16  cpuport.o(i.usage_fault_track)
    i.version                                0x080024d4   Section        0  cmd.o(i.version)
    .constdata                               0x080024de   Section       18  stm32f1xx_hal_rcc.o(.constdata)
    aPredivFactorTable                       0x080024de   Data           2  stm32f1xx_hal_rcc.o(.constdata)
    aPLLMULFactorTable                       0x080024e0   Data          16  stm32f1xx_hal_rcc.o(.constdata)
    .constdata                               0x080024f0   Section       16  system_stm32f1xx.o(.constdata)
    .constdata                               0x08002500   Section      290  kservice.o(.constdata)
    small_digits                             0x08002600   Data          17  kservice.o(.constdata)
    large_digits                             0x08002611   Data          17  kservice.o(.constdata)
    .rodata.name                             0x08002622   Section        6  cmd.o(.rodata.name)
    .rodata.name                             0x08002628   Section       16  cmd.o(.rodata.name)
    .rodata.name                             0x08002638   Section        8  cmd.o(.rodata.name)
    .rodata.name                             0x08002640   Section       35  cmd.o(.rodata.name)
    .rodata.name                             0x08002663   Section       14  cmd.o(.rodata.name)
    .rodata.name                             0x08002671   Section       35  cmd.o(.rodata.name)
    .rodata.name                             0x08002694   Section       12  cmd.o(.rodata.name)
    .rodata.name                             0x080026a0   Section       12  cmd.o(.rodata.name)
    .rodata.name                             0x080026ac   Section       18  cmd.o(.rodata.name)
    .rodata.name                             0x080026be   Section       12  cmd.o(.rodata.name)
    .rodata.name                             0x080026ca   Section        9  cmd.o(.rodata.name)
    .rodata.name                             0x080026d3   Section       25  cmd.o(.rodata.name)
    .rodata.name                             0x080026ec   Section       15  cmd.o(.rodata.name)
    .rodata.name                             0x080026fb   Section       25  cmd.o(.rodata.name)
    .rodata.name                             0x08002714   Section       13  cmd.o(.rodata.name)
    .rodata.name                             0x08002721   Section       24  cmd.o(.rodata.name)
    .rodata.name                             0x08002739   Section       19  cmd.o(.rodata.name)
    .rodata.name                             0x0800274c   Section       24  cmd.o(.rodata.name)
    .rodata.name                             0x08002764   Section       11  cmd.o(.rodata.name)
    .rodata.name                             0x0800276f   Section       21  cmd.o(.rodata.name)
    .rodata.name                             0x08002784   Section       17  cmd.o(.rodata.name)
    .rodata.name                             0x08002795   Section       21  cmd.o(.rodata.name)
    .rodata.name                             0x080027aa   Section        5  cmd.o(.rodata.name)
    .rodata.name                             0x080027af   Section       26  cmd.o(.rodata.name)
    .rodata.name                             0x080027c9   Section       11  msh.o(.rodata.name)
    .rodata.name                             0x080027d4   Section       22  msh.o(.rodata.name)
    .rodata.name                             0x080027ea   Section        9  msh.o(.rodata.name)
    .rodata.name                             0x080027f3   Section       28  msh.o(.rodata.name)
    .rodata.name                             0x0800280f   Section       11  msh.o(.rodata.name)
    .rodata.name                             0x0800281a   Section       37  msh.o(.rodata.name)
    .rodata.name                             0x0800283f   Section        9  mem.o(.rodata.name)
    .rodata.name                             0x08002848   Section       30  mem.o(.rodata.name)
    .rti_fn.0                                0x08002868   Section        4  components.o(.rti_fn.0)
    __tagsym$$used                           0x08002868   Number         0  components.o(.rti_fn.0)
    .rti_fn.0.end                            0x0800286c   Section        4  components.o(.rti_fn.0.end)
    __tagsym$$used                           0x0800286c   Number         0  components.o(.rti_fn.0.end)
    .rti_fn.1.end                            0x08002870   Section        4  components.o(.rti_fn.1.end)
    __tagsym$$used                           0x08002870   Number         0  components.o(.rti_fn.1.end)
    .rti_fn.6                                0x08002874   Section        4  shell.o(.rti_fn.6)
    __tagsym$$used                           0x08002874   Number         0  shell.o(.rti_fn.6)
    .rti_fn.6.end                            0x08002878   Section        4  components.o(.rti_fn.6.end)
    __tagsym$$used                           0x08002878   Number         0  components.o(.rti_fn.6.end)
    FSymTab                                  0x0800287c   Section      144  cmd.o(FSymTab)
    __tagsym$$used                           0x0800287c   Number         0  cmd.o(FSymTab)
    __tagsym$$used                           0x08002888   Number         0  cmd.o(FSymTab)
    __tagsym$$used                           0x08002894   Number         0  cmd.o(FSymTab)
    __tagsym$$used                           0x080028a0   Number         0  cmd.o(FSymTab)
    __tagsym$$used                           0x080028ac   Number         0  cmd.o(FSymTab)
    __tagsym$$used                           0x080028b8   Number         0  cmd.o(FSymTab)
    __tagsym$$used                           0x080028c4   Number         0  cmd.o(FSymTab)
    __tagsym$$used                           0x080028d0   Number         0  cmd.o(FSymTab)
    __tagsym$$used                           0x080028dc   Number         0  cmd.o(FSymTab)
    __tagsym$$used                           0x080028e8   Number         0  cmd.o(FSymTab)
    __tagsym$$used                           0x080028f4   Number         0  cmd.o(FSymTab)
    __tagsym$$used                           0x08002900   Number         0  cmd.o(FSymTab)
    FSymTab                                  0x0800290c   Section       36  msh.o(FSymTab)
    __tagsym$$used                           0x0800290c   Number         0  msh.o(FSymTab)
    __tagsym$$used                           0x08002918   Number         0  msh.o(FSymTab)
    __tagsym$$used                           0x08002924   Number         0  msh.o(FSymTab)
    FSymTab                                  0x08002930   Section       12  mem.o(FSymTab)
    __tagsym$$used                           0x08002930   Number         0  mem.o(FSymTab)
    .data                                    0x20000000   Section       12  stm32f1xx_hal.o(.data)
    .data                                    0x2000000c   Section        4  system_stm32f1xx.o(.data)
    .data                                    0x20000010   Section       24  shell.o(.data)
    finsh_prompt_custom                      0x20000020   Data           4  shell.o(.data)
    .data                                    0x20000028   Section        4  clock.o(.data)
    rt_tick                                  0x20000028   Data           4  clock.o(.data)
    .data                                    0x2000002c   Section        1  irq.o(.data)
    .data                                    0x20000030   Section       24  mem.o(.data)
    heap_ptr                                 0x20000030   Data           4  mem.o(.data)
    heap_end                                 0x20000034   Data           4  mem.o(.data)
    lfree                                    0x20000038   Data           4  mem.o(.data)
    mem_size_aligned                         0x2000003c   Data           4  mem.o(.data)
    used_mem                                 0x20000040   Data           4  mem.o(.data)
    max_mem                                  0x20000044   Data           4  mem.o(.data)
    .data                                    0x20000048   Section       64  object.o(.data)
    rt_object_container                      0x20000048   Data          64  object.o(.data)
    .data                                    0x20000088   Section       20  scheduler.o(.data)
    rt_scheduler_lock_nest                   0x2000008a   Data           2  scheduler.o(.data)
    .data                                    0x2000009c   Section       12  timer.o(.data)
    random_nr                                0x2000009c   Data           4  timer.o(.data)
    rt_timer_list                            0x200000a0   Data           8  timer.o(.data)
    .data                                    0x200000a8   Section        4  cpuport.o(.data)
    rt_exception_hook                        0x200000a8   Data           4  cpuport.o(.data)
    .data                                    0x200000ac   Section        4  cpuport.o(.data)
    .data                                    0x200000b0   Section        4  cpuport.o(.data)
    .data                                    0x200000b4   Section        4  cpuport.o(.data)
    .bss                                     0x200000b8   Section    15360  board.o(.bss)
    rt_heap                                  0x200000b8   Data       15360  board.o(.bss)
    .bss                                     0x20003cb8   Section      376  idle.o(.bss)
    idle                                     0x20003cb8   Data         120  idle.o(.bss)
    rt_thread_stack                          0x20003d30   Data         256  idle.o(.bss)
    .bss                                     0x20003e30   Section       32  mem.o(.bss)
    heap_sem                                 0x20003e30   Data          32  mem.o(.bss)
    .bss                                     0x20003e50   Section      256  scheduler.o(.bss)
    .bss                                     0x20003f50   Section       96  libspace.o(.bss)
    HEAP                                     0x20003fb0   Section      512  startup_stm32f103xb.o(HEAP)
    Heap_Mem                                 0x20003fb0   Data         512  startup_stm32f103xb.o(HEAP)
    STACK                                    0x200041b0   Section     1024  startup_stm32f103xb.o(STACK)
    Stack_Mem                                0x200041b0   Data        1024  startup_stm32f103xb.o(STACK)
    __initial_sp                             0x200045b0   Data           0  startup_stm32f103xb.o(STACK)

    Global Symbols

    Symbol Name                              Value     Ov Type        Size  Object(Section)

    BuildAttributes$$THM_ISAv4$P$D$K$B$S$PE$A:L22UL41UL21$X:L11$S22US41US21$IEEE1$IW$USESV6$~STKCKD$USESV7$~SHL$OTIME$ROPI$EBA8$UX$STANDARDLIB$REQ8$PRES8$EABIv2 0x00000000   Number         0  anon$$obj.o ABSOLUTE
    __ARM_use_no_argv                        0x00000000   Number         0  main.o ABSOLUTE
    __ARM_exceptions_init                     - Undefined Weak Reference
    __alloca_initialize                       - Undefined Weak Reference
    __arm_fini_                               - Undefined Weak Reference
    __arm_preinit_                            - Undefined Weak Reference
    __cpp_initialize__aeabi_                  - Undefined Weak Reference
    __cxa_finalize                            - Undefined Weak Reference
    __rt_locale                               - Undefined Weak Reference
    __sigvec_lookup                           - Undefined Weak Reference
    _atexit_init                              - Undefined Weak Reference
    _call_atexit_fns                          - Undefined Weak Reference
    _clock_init                               - Undefined Weak Reference
    _fp_trap_init                             - Undefined Weak Reference
    _fp_trap_shutdown                         - Undefined Weak Reference
    _get_lc_collate                           - Undefined Weak Reference
    _get_lc_ctype                             - Undefined Weak Reference
    _get_lc_monetary                          - Undefined Weak Reference
    _get_lc_numeric                           - Undefined Weak Reference
    _get_lc_time                              - Undefined Weak Reference
    _getenv_init                              - Undefined Weak Reference
    _handle_redirection                       - Undefined Weak Reference
    _init_alloc                               - Undefined Weak Reference
    _init_user_alloc                          - Undefined Weak Reference
    _initio                                   - Undefined Weak Reference
    _rand_init                                - Undefined Weak Reference
    _signal_finish                            - Undefined Weak Reference
    _signal_init                              - Undefined Weak Reference
    _terminate_alloc                          - Undefined Weak Reference
    _terminate_user_alloc                     - Undefined Weak Reference
    _terminateio                              - Undefined Weak Reference
    __Vectors_Size                           0x000000ec   Number         0  startup_stm32f103xb.o ABSOLUTE
    __Vectors                                0x08000000   Data           4  startup_stm32f103xb.o(RESET)
    __Vectors_End                            0x080000ec   Data           0  startup_stm32f103xb.o(RESET)
    __main                                   0x080000ed   Thumb Code     8  __main.o(!!!main)
    __scatterload                            0x080000f5   Thumb Code     0  __scatter.o(!!!scatter)
    __scatterload_rt2                        0x080000f5   Thumb Code    44  __scatter.o(!!!scatter)
    __scatterload_rt2_thumb_only             0x080000f5   Thumb Code     0  __scatter.o(!!!scatter)
    __scatterload_null                       0x08000103   Thumb Code     0  __scatter.o(!!!scatter)
    __scatterload_copy                       0x08000129   Thumb Code    26  __scatter_copy.o(!!handler_copy)
    __scatterload_zeroinit                   0x08000145   Thumb Code    28  __scatter_zi.o(!!handler_zi)
    __rt_lib_init                            0x08000161   Thumb Code     0  libinit.o(.ARM.Collect$$libinit$$00000000)
    __rt_lib_init_alloca_1                   0x08000163   Thumb Code     0  libinit2.o(.ARM.Collect$$libinit$$0000002E)
    __rt_lib_init_argv_1                     0x08000163   Thumb Code     0  libinit2.o(.ARM.Collect$$libinit$$0000002C)
    __rt_lib_init_atexit_1                   0x08000163   Thumb Code     0  libinit2.o(.ARM.Collect$$libinit$$0000001B)
    __rt_lib_init_clock_1                    0x08000163   Thumb Code     0  libinit2.o(.ARM.Collect$$libinit$$00000021)
    __rt_lib_init_cpp_1                      0x08000163   Thumb Code     0  libinit2.o(.ARM.Collect$$libinit$$00000032)
    __rt_lib_init_exceptions_1               0x08000163   Thumb Code     0  libinit2.o(.ARM.Collect$$libinit$$00000030)
    __rt_lib_init_fp_1                       0x08000163   Thumb Code     0  libinit2.o(.ARM.Collect$$libinit$$00000002)
    __rt_lib_init_fp_trap_1                  0x08000163   Thumb Code     0  libinit2.o(.ARM.Collect$$libinit$$0000001F)
    __rt_lib_init_getenv_1                   0x08000163   Thumb Code     0  libinit2.o(.ARM.Collect$$libinit$$00000023)
    __rt_lib_init_heap_1                     0x08000163   Thumb Code     0  libinit2.o(.ARM.Collect$$libinit$$0000000A)
    __rt_lib_init_lc_collate_1               0x08000163   Thumb Code     0  libinit2.o(.ARM.Collect$$libinit$$00000011)
    __rt_lib_init_lc_ctype_1                 0x08000163   Thumb Code     0  libinit2.o(.ARM.Collect$$libinit$$00000013)
    __rt_lib_init_lc_monetary_1              0x08000163   Thumb Code     0  libinit2.o(.ARM.Collect$$libinit$$00000015)
    __rt_lib_init_lc_numeric_1               0x08000163   Thumb Code     0  libinit2.o(.ARM.Collect$$libinit$$00000017)
    __rt_lib_init_lc_time_1                  0x08000163   Thumb Code     0  libinit2.o(.ARM.Collect$$libinit$$00000019)
    __rt_lib_init_preinit_1                  0x08000163   Thumb Code     0  libinit2.o(.ARM.Collect$$libinit$$00000004)
    __rt_lib_init_rand_1                     0x08000163   Thumb Code     0  libinit2.o(.ARM.Collect$$libinit$$0000000E)
    __rt_lib_init_return                     0x08000163   Thumb Code     0  libinit2.o(.ARM.Collect$$libinit$$00000033)
    __rt_lib_init_signal_1                   0x08000163   Thumb Code     0  libinit2.o(.ARM.Collect$$libinit$$0000001D)
    __rt_lib_init_stdio_1                    0x08000163   Thumb Code     0  libinit2.o(.ARM.Collect$$libinit$$00000025)
    __rt_lib_init_user_alloc_1               0x08000163   Thumb Code     0  libinit2.o(.ARM.Collect$$libinit$$0000000C)
    __rt_lib_shutdown                        0x08000165   Thumb Code     0  libshutdown.o(.ARM.Collect$$libshutdown$$00000000)
    __rt_lib_shutdown_cpp_1                  0x08000167   Thumb Code     0  libshutdown2.o(.ARM.Collect$$libshutdown$$00000004)
    __rt_lib_shutdown_fini_1                 0x08000167   Thumb Code     0  libshutdown2.o(.ARM.Collect$$libshutdown$$00000002)
    __rt_lib_shutdown_fp_trap_1              0x08000167   Thumb Code     0  libshutdown2.o(.ARM.Collect$$libshutdown$$00000009)
    __rt_lib_shutdown_heap_1                 0x08000167   Thumb Code     0  libshutdown2.o(.ARM.Collect$$libshutdown$$00000011)
    __rt_lib_shutdown_return                 0x08000167   Thumb Code     0  libshutdown2.o(.ARM.Collect$$libshutdown$$00000012)
    __rt_lib_shutdown_signal_1               0x08000167   Thumb Code     0  libshutdown2.o(.ARM.Collect$$libshutdown$$0000000C)
    __rt_lib_shutdown_stdio_1                0x08000167   Thumb Code     0  libshutdown2.o(.ARM.Collect$$libshutdown$$00000006)
    __rt_lib_shutdown_user_alloc_1           0x08000167   Thumb Code     0  libshutdown2.o(.ARM.Collect$$libshutdown$$0000000E)
    __rt_entry                               0x08000169   Thumb Code     0  __rtentry.o(.ARM.Collect$$rtentry$$00000000)
    __rt_entry_presh_1                       0x08000169   Thumb Code     0  __rtentry2.o(.ARM.Collect$$rtentry$$00000002)
    __rt_entry_sh                            0x08000169   Thumb Code     0  __rtentry4.o(.ARM.Collect$$rtentry$$00000004)
    __rt_entry_li                            0x0800016f   Thumb Code     0  __rtentry2.o(.ARM.Collect$$rtentry$$0000000A)
    __rt_entry_postsh_1                      0x0800016f   Thumb Code     0  __rtentry2.o(.ARM.Collect$$rtentry$$00000009)
    __rt_entry_main                          0x08000173   Thumb Code     0  __rtentry2.o(.ARM.Collect$$rtentry$$0000000D)
    __rt_entry_postli_1                      0x08000173   Thumb Code     0  __rtentry2.o(.ARM.Collect$$rtentry$$0000000C)
    __rt_exit                                0x0800017b   Thumb Code     0  rtexit.o(.ARM.Collect$$rtexit$$00000000)
    __rt_exit_ls                             0x0800017d   Thumb Code     0  rtexit2.o(.ARM.Collect$$rtexit$$00000003)
    __rt_exit_prels_1                        0x0800017d   Thumb Code     0  rtexit2.o(.ARM.Collect$$rtexit$$00000002)
    __rt_exit_exit                           0x08000181   Thumb Code     0  rtexit2.o(.ARM.Collect$$rtexit$$00000004)
    Reset_Handler                            0x08000189   Thumb Code     8  startup_stm32f103xb.o(.text)
    SVC_Handler                              0x0800019b   Thumb Code     2  startup_stm32f103xb.o(.text)
    ADC1_2_IRQHandler                        0x080001a3   Thumb Code     0  startup_stm32f103xb.o(.text)
    CAN1_RX1_IRQHandler                      0x080001a3   Thumb Code     0  startup_stm32f103xb.o(.text)
    CAN1_SCE_IRQHandler                      0x080001a3   Thumb Code     0  startup_stm32f103xb.o(.text)
    DMA1_Channel1_IRQHandler                 0x080001a3   Thumb Code     0  startup_stm32f103xb.o(.text)
    DMA1_Channel2_IRQHandler                 0x080001a3   Thumb Code     0  startup_stm32f103xb.o(.text)
    DMA1_Channel3_IRQHandler                 0x080001a3   Thumb Code     0  startup_stm32f103xb.o(.text)
    DMA1_Channel4_IRQHandler                 0x080001a3   Thumb Code     0  startup_stm32f103xb.o(.text)
    DMA1_Channel5_IRQHandler                 0x080001a3   Thumb Code     0  startup_stm32f103xb.o(.text)
    DMA1_Channel6_IRQHandler                 0x080001a3   Thumb Code     0  startup_stm32f103xb.o(.text)
    DMA1_Channel7_IRQHandler                 0x080001a3   Thumb Code     0  startup_stm32f103xb.o(.text)
    EXTI0_IRQHandler                         0x080001a3   Thumb Code     0  startup_stm32f103xb.o(.text)
    EXTI15_10_IRQHandler                     0x080001a3   Thumb Code     0  startup_stm32f103xb.o(.text)
    EXTI1_IRQHandler                         0x080001a3   Thumb Code     0  startup_stm32f103xb.o(.text)
    EXTI2_IRQHandler                         0x080001a3   Thumb Code     0  startup_stm32f103xb.o(.text)
    EXTI3_IRQHandler                         0x080001a3   Thumb Code     0  startup_stm32f103xb.o(.text)
    EXTI4_IRQHandler                         0x080001a3   Thumb Code     0  startup_stm32f103xb.o(.text)
    EXTI9_5_IRQHandler                       0x080001a3   Thumb Code     0  startup_stm32f103xb.o(.text)
    FLASH_IRQHandler                         0x080001a3   Thumb Code     0  startup_stm32f103xb.o(.text)
    I2C1_ER_IRQHandler                       0x080001a3   Thumb Code     0  startup_stm32f103xb.o(.text)
    I2C1_EV_IRQHandler                       0x080001a3   Thumb Code     0  startup_stm32f103xb.o(.text)
    I2C2_ER_IRQHandler                       0x080001a3   Thumb Code     0  startup_stm32f103xb.o(.text)
    I2C2_EV_IRQHandler                       0x080001a3   Thumb Code     0  startup_stm32f103xb.o(.text)
    PVD_IRQHandler                           0x080001a3   Thumb Code     0  startup_stm32f103xb.o(.text)
    RCC_IRQHandler                           0x080001a3   Thumb Code     0  startup_stm32f103xb.o(.text)
    RTC_Alarm_IRQHandler                     0x080001a3   Thumb Code     0  startup_stm32f103xb.o(.text)
    RTC_IRQHandler                           0x080001a3   Thumb Code     0  startup_stm32f103xb.o(.text)
    SPI1_IRQHandler                          0x080001a3   Thumb Code     0  startup_stm32f103xb.o(.text)
    SPI2_IRQHandler                          0x080001a3   Thumb Code     0  startup_stm32f103xb.o(.text)
    TAMPER_IRQHandler                        0x080001a3   Thumb Code     0  startup_stm32f103xb.o(.text)
    TIM1_BRK_IRQHandler                      0x080001a3   Thumb Code     0  startup_stm32f103xb.o(.text)
    TIM1_CC_IRQHandler                       0x080001a3   Thumb Code     0  startup_stm32f103xb.o(.text)
    TIM1_TRG_COM_IRQHandler                  0x080001a3   Thumb Code     0  startup_stm32f103xb.o(.text)
    TIM1_UP_IRQHandler                       0x080001a3   Thumb Code     0  startup_stm32f103xb.o(.text)
    TIM2_IRQHandler                          0x080001a3   Thumb Code     0  startup_stm32f103xb.o(.text)
    TIM3_IRQHandler                          0x080001a3   Thumb Code     0  startup_stm32f103xb.o(.text)
    TIM4_IRQHandler                          0x080001a3   Thumb Code     0  startup_stm32f103xb.o(.text)
    USART1_IRQHandler                        0x080001a3   Thumb Code     0  startup_stm32f103xb.o(.text)
    USART2_IRQHandler                        0x080001a3   Thumb Code     0  startup_stm32f103xb.o(.text)
    USART3_IRQHandler                        0x080001a3   Thumb Code     0  startup_stm32f103xb.o(.text)
    USBWakeUp_IRQHandler                     0x080001a3   Thumb Code     0  startup_stm32f103xb.o(.text)
    USB_HP_CAN1_TX_IRQHandler                0x080001a3   Thumb Code     0  startup_stm32f103xb.o(.text)
    USB_LP_CAN1_RX0_IRQHandler               0x080001a3   Thumb Code     0  startup_stm32f103xb.o(.text)
    WWDG_IRQHandler                          0x080001a3   Thumb Code     0  startup_stm32f103xb.o(.text)
    __user_initial_stackheap                 0x080001a5   Thumb Code     0  startup_stm32f103xb.o(.text)
    rt_hw_interrupt_disable                  0x080001c9   Thumb Code     8  context_rvds.o(.text)
    rt_hw_interrupt_enable                   0x080001d1   Thumb Code     6  context_rvds.o(.text)
    rt_hw_context_switch                     0x080001d7   Thumb Code    32  context_rvds.o(.text)
    rt_hw_context_switch_interrupt           0x080001d7   Thumb Code     0  context_rvds.o(.text)
    PendSV_Handler                           0x080001f7   Thumb Code    60  context_rvds.o(.text)
    rt_hw_context_switch_to                  0x08000233   Thumb Code    56  context_rvds.o(.text)
    rt_hw_interrupt_thread_switch            0x0800026b   Thumb Code     2  context_rvds.o(.text)
    HardFault_Handler                        0x0800026d   Thumb Code    52  context_rvds.o(.text)
    strlen                                   0x080002bd   Thumb Code    62  strlen.o(.text)
    strncmp                                  0x080002fb   Thumb Code   150  strncmp.o(.text)
    __aeabi_memcpy4                          0x08000391   Thumb Code     0  rt_memcpy_w.o(.text)
    __aeabi_memcpy8                          0x08000391   Thumb Code     0  rt_memcpy_w.o(.text)
    __rt_memcpy_w                            0x08000391   Thumb Code   100  rt_memcpy_w.o(.text)
    _memcpy_lastbytes_aligned                0x080003d9   Thumb Code     0  rt_memcpy_w.o(.text)
    __aeabi_memclr                           0x080003f5   Thumb Code     0  rt_memclr.o(.text)
    __rt_memclr                              0x080003f5   Thumb Code    68  rt_memclr.o(.text)
    _memset                                  0x080003f9   Thumb Code     0  rt_memclr.o(.text)
    __aeabi_memclr4                          0x08000439   Thumb Code     0  rt_memclr_w.o(.text)
    __aeabi_memclr8                          0x08000439   Thumb Code     0  rt_memclr_w.o(.text)
    __rt_memclr_w                            0x08000439   Thumb Code    78  rt_memclr_w.o(.text)
    _memset_w                                0x0800043d   Thumb Code     0  rt_memclr_w.o(.text)
    __use_two_region_memory                  0x08000487   Thumb Code     2  heapauxi.o(.text)
    __rt_heap_escrow$2region                 0x08000489   Thumb Code     2  heapauxi.o(.text)
    __rt_heap_expand$2region                 0x0800048b   Thumb Code     2  heapauxi.o(.text)
    __user_setup_stackheap                   0x0800048d   Thumb Code    74  sys_stackheap_outer.o(.text)
    exit                                     0x080004d7   Thumb Code    18  exit.o(.text)
    __user_libspace                          0x080004e9   Thumb Code     8  libspace.o(.text)
    __user_perproc_libspace                  0x080004e9   Thumb Code     0  libspace.o(.text)
    __user_perthread_libspace                0x080004e9   Thumb Code     0  libspace.o(.text)
    _sys_exit                                0x080004f1   Thumb Code     8  sys_exit.o(.text)
    __I$use$semihosting                      0x080004fd   Thumb Code     0  use_no_semi.o(.text)
    __use_no_semihosting_swi                 0x080004fd   Thumb Code     2  use_no_semi.o(.text)
    __semihosting_library_function           0x080004ff   Thumb Code     0  indicate_semi.o(.text)
    main                                     0x080004ff   Thumb Code    10  components.o(i.$Sub$$main)
    BusFault_Handler                         0x08000509   Thumb Code     2  stm32f1xx_it.o(i.BusFault_Handler)
    DebugMon_Handler                         0x0800050b   Thumb Code     2  stm32f1xx_it.o(i.DebugMon_Handler)
    HAL_GetTick                              0x0800050d   Thumb Code     6  stm32f1xx_hal.o(i.HAL_GetTick)
    HAL_Init                                 0x08000519   Thumb Code    32  stm32f1xx_hal.o(i.HAL_Init)
    HAL_InitTick                             0x0800053d   Thumb Code    54  stm32f1xx_hal.o(i.HAL_InitTick)
    HAL_MspInit                              0x0800057d   Thumb Code    52  stm32f1xx_hal_msp.o(i.HAL_MspInit)
    HAL_NVIC_SetPriority                     0x080005b9   Thumb Code    60  stm32f1xx_hal_cortex.o(i.HAL_NVIC_SetPriority)
    HAL_NVIC_SetPriorityGrouping             0x080005f9   Thumb Code    26  stm32f1xx_hal_cortex.o(i.HAL_NVIC_SetPriorityGrouping)
    HAL_RCC_ClockConfig                      0x0800061d   Thumb Code   280  stm32f1xx_hal_rcc.o(i.HAL_RCC_ClockConfig)
    HAL_RCC_GetSysClockFreq                  0x08000749   Thumb Code    58  stm32f1xx_hal_rcc.o(i.HAL_RCC_GetSysClockFreq)
    HAL_RCC_OscConfig                        0x08000795   Thumb Code   778  stm32f1xx_hal_rcc.o(i.HAL_RCC_OscConfig)
    HAL_SYSTICK_Config                       0x08000ab5   Thumb Code    40  stm32f1xx_hal_cortex.o(i.HAL_SYSTICK_Config)
    MX_GPIO_Init                             0x08000add   Thumb Code    22  gpio.o(i.MX_GPIO_Init)
    MemManage_Handler                        0x08000af9   Thumb Code     2  stm32f1xx_it.o(i.MemManage_Handler)
    NMI_Handler                              0x08000afb   Thumb Code     2  stm32f1xx_it.o(i.NMI_Handler)
    SysTick_Handler                          0x08000afd   Thumb Code    18  board.o(i.SysTick_Handler)
    SystemClock_Config                       0x08000b0f   Thumb Code    94  main.o(i.SystemClock_Config)
    SystemCoreClockUpdate                    0x08000b6d   Thumb Code    82  system_stm32f1xx.o(i.SystemCoreClockUpdate)
    SystemInit                               0x08000bd5   Thumb Code     2  system_stm32f1xx.o(i.SystemInit)
    UsageFault_Handler                       0x08000bd7   Thumb Code     2  stm32f1xx_it.o(i.UsageFault_Handler)
    __rt_ffs                                 0x08000bf9   Thumb Code    66  kservice.o(i.__rt_ffs)
    cmd_free                                 0x08000d81   Thumb Code    10  msh.o(i.cmd_free)
    cmd_ps                                   0x08000d8b   Thumb Code    10  msh.o(i.cmd_ps)
    finsh_set_prompt_mode                    0x08000d99   Thumb Code    18  shell.o(i.finsh_set_prompt_mode)
    finsh_system_function_init               0x08000db1   Thumb Code     8  shell.o(i.finsh_system_function_init)
    finsh_system_init                        0x08000dbd   Thumb Code    90  shell.o(i.finsh_system_init)
    finsh_thread_entry                       0x08000e39   Thumb Code   454  shell.o(i.finsh_thread_entry)
    hello                                    0x08001041   Thumb Code     4  cmd.o(i.hello)
    list                                     0x08001045   Thumb Code    36  cmd.o(i.list)
    list_mailbox                             0x0800110f   Thumb Code   124  cmd.o(i.list_mailbox)
    list_mem                                 0x0800118b   Thumb Code     2  mem.o(i.list_mem)
    list_sem                                 0x0800118d   Thumb Code   124  cmd.o(i.list_sem)
    list_thread                              0x08001209   Thumb Code   134  cmd.o(i.list_thread)
    list_timer                               0x0800128f   Thumb Code    98  cmd.o(i.list_timer)
    $Super$$main                             0x080012f1   Thumb Code    14  main.o(i.main)
    main_thread_entry                        0x080012ff   Thumb Code    14  components.o(i.main_thread_entry)
    msh_auto_complete                        0x08001321   Thumb Code   140  msh.o(i.msh_auto_complete)
    msh_exec                                 0x080013bd   Thumb Code    64  msh.o(i.msh_exec)
    msh_help                                 0x08001459   Thumb Code    36  msh.o(i.msh_help)
    msh_is_used                              0x0800148d   Thumb Code     4  msh.o(i.msh_is_used)
    rt_application_init                      0x08001599   Thumb Code    36  components.o(i.rt_application_init)
    rt_calloc                                0x080015c9   Thumb Code    28  mem.o(i.rt_calloc)
    rt_components_board_init                 0x080015e5   Thumb Code    22  components.o(i.rt_components_board_init)
    rt_components_init                       0x08001605   Thumb Code    22  components.o(i.rt_components_init)
    rt_enter_critical                        0x08001625   Thumb Code    22  scheduler.o(i.rt_enter_critical)
    rt_exit_critical                         0x08001641   Thumb Code    52  scheduler.o(i.rt_exit_critical)
    rt_free                                  0x08001679   Thumb Code    84  mem.o(i.rt_free)
    rt_heap_begin_get                        0x080016d5   Thumb Code     4  board.o(i.rt_heap_begin_get)
    rt_heap_end_get                          0x080016dd   Thumb Code     4  board.o(i.rt_heap_end_get)
    rt_hw_board_init                         0x080016e5   Thumb Code    78  board.o(i.rt_hw_board_init)
    rt_hw_console_getchar                    0x0800173d   Thumb Code    18  finsh_port.o(i.rt_hw_console_getchar)
    rt_hw_hard_fault_exception               0x08001759   Thumb Code    40  cpuport.o(i.rt_hw_hard_fault_exception)
    rt_hw_stack_init                         0x08001785   Thumb Code    60  cpuport.o(i.rt_hw_stack_init)
    rt_interrupt_enter                       0x080017c5   Thumb Code    22  irq.o(i.rt_interrupt_enter)
    rt_interrupt_leave                       0x080017e1   Thumb Code    22  irq.o(i.rt_interrupt_leave)
    rt_malloc                                0x0800186d   Thumb Code   264  mem.o(i.rt_malloc)
    rt_memmove                               0x0800197d   Thumb Code    54  kservice.o(i.rt_memmove)
    rt_memset                                0x080019b3   Thumb Code    86  kservice.o(i.rt_memset)
    rt_object_allocate                       0x08001a09   Thumb Code    90  object.o(i.rt_object_allocate)
    rt_object_delete                         0x08001a63   Thumb Code    46  object.o(i.rt_object_delete)
    rt_object_detach                         0x08001a91   Thumb Code    44  object.o(i.rt_object_detach)
    rt_object_get_information                0x08001abd   Thumb Code    30  object.o(i.rt_object_get_information)
    rt_object_init                           0x08001ae1   Thumb Code    90  object.o(i.rt_object_init)
    rt_object_is_systemobject                0x08001b3b   Thumb Code    16  object.o(i.rt_object_is_systemobject)
    rt_schedule                              0x08001b4d   Thumb Code    88  scheduler.o(i.rt_schedule)
    rt_schedule_insert_thread                0x08001bb1   Thumb Code    72  scheduler.o(i.rt_schedule_insert_thread)
    rt_schedule_remove_thread                0x08001c01   Thumb Code    76  scheduler.o(i.rt_schedule_remove_thread)
    rt_sem_init                              0x08001c55   Thumb Code    34  ipc.o(i.rt_sem_init)
    rt_sem_release                           0x08001c77   Thumb Code    88  ipc.o(i.rt_sem_release)
    rt_sem_take                              0x08001ccf   Thumb Code   114  ipc.o(i.rt_sem_take)
    rt_show_version                          0x08001d41   Thumb Code     2  kservice.o(i.rt_show_version)
    rt_strncpy                               0x08001d43   Thumb Code    42  kservice.o(i.rt_strncpy)
    rt_system_heap_init                      0x08001d6d   Thumb Code    82  mem.o(i.rt_system_heap_init)
    rt_system_scheduler_init                 0x08001dd1   Thumb Code    48  scheduler.o(i.rt_system_scheduler_init)
    rt_system_scheduler_start                0x08001e0d   Thumb Code    32  scheduler.o(i.rt_system_scheduler_start)
    rt_system_timer_init                     0x08001e35   Thumb Code    20  timer.o(i.rt_system_timer_init)
    rt_system_timer_thread_init              0x08001e4d   Thumb Code     2  timer.o(i.rt_system_timer_thread_init)
    rt_thread_create                         0x08001e4f   Thumb Code    90  thread.o(i.rt_thread_create)
    rt_thread_exit                           0x08001ea9   Thumb Code    88  thread.o(i.rt_thread_exit)
    rt_thread_idle_excute                    0x08001f11   Thumb Code    80  idle.o(i.rt_thread_idle_excute)
    rt_thread_idle_init                      0x08001f65   Thumb Code    44  idle.o(i.rt_thread_idle_init)
    rt_thread_init                           0x08001fa5   Thumb Code    50  thread.o(i.rt_thread_init)
    rt_thread_resume                         0x08001fd7   Thumb Code    72  thread.o(i.rt_thread_resume)
    rt_thread_self                           0x08002021   Thumb Code     6  thread.o(i.rt_thread_self)
    rt_thread_startup                        0x0800202d   Thumb Code    42  thread.o(i.rt_thread_startup)
    rt_thread_suspend                        0x08002057   Thumb Code    68  thread.o(i.rt_thread_suspend)
    rt_thread_timeout                        0x0800209b   Thumb Code    40  thread.o(i.rt_thread_timeout)
    rt_thread_yield                          0x080020c5   Thumb Code    98  thread.o(i.rt_thread_yield)
    rt_tick_get                              0x08002131   Thumb Code     6  clock.o(i.rt_tick_get)
    rt_tick_increase                         0x0800213d   Thumb Code    38  clock.o(i.rt_tick_increase)
    rt_timer_check                           0x08002169   Thumb Code   240  timer.o(i.rt_timer_check)
    rt_timer_control                         0x0800225d   Thumb Code    84  timer.o(i.rt_timer_control)
    rt_timer_detach                          0x080022b1   Thumb Code    70  timer.o(i.rt_timer_detach)
    rt_timer_init                            0x080022f7   Thumb Code    42  timer.o(i.rt_timer_init)
    rt_timer_start                           0x08002321   Thumb Code   198  timer.o(i.rt_timer_start)
    rt_timer_stop                            0x080023f1   Thumb Code    82  timer.o(i.rt_timer_stop)
    rtthread_startup                         0x08002453   Thumb Code    42  components.o(i.rtthread_startup)
    version                                  0x080024d5   Thumb Code    10  cmd.o(i.version)
    AHBPrescTable                            0x080024f0   Data          16  system_stm32f1xx.o(.constdata)
    __lowest_bit_bitmap                      0x08002500   Data         256  kservice.o(.constdata)
    __fsym_hello_name                        0x08002622   Data           6  cmd.o(.rodata.name)
    __fsym_hello_desc                        0x08002628   Data          16  cmd.o(.rodata.name)
    __fsym_version_name                      0x08002638   Data           8  cmd.o(.rodata.name)
    __fsym_version_desc                      0x08002640   Data          35  cmd.o(.rodata.name)
    __fsym___cmd_version_name                0x08002663   Data          14  cmd.o(.rodata.name)
    __fsym___cmd_version_desc                0x08002671   Data          35  cmd.o(.rodata.name)
    __fsym_list_thread_name                  0x08002694   Data          12  cmd.o(.rodata.name)
    __fsym_list_thread_desc                  0x080026a0   Data          12  cmd.o(.rodata.name)
    __fsym___cmd_list_thread_name            0x080026ac   Data          18  cmd.o(.rodata.name)
    __fsym___cmd_list_thread_desc            0x080026be   Data          12  cmd.o(.rodata.name)
    __fsym_list_sem_name                     0x080026ca   Data           9  cmd.o(.rodata.name)
    __fsym_list_sem_desc                     0x080026d3   Data          25  cmd.o(.rodata.name)
    __fsym___cmd_list_sem_name               0x080026ec   Data          15  cmd.o(.rodata.name)
    __fsym___cmd_list_sem_desc               0x080026fb   Data          25  cmd.o(.rodata.name)
    __fsym_list_mailbox_name                 0x08002714   Data          13  cmd.o(.rodata.name)
    __fsym_list_mailbox_desc                 0x08002721   Data          24  cmd.o(.rodata.name)
    __fsym___cmd_list_mailbox_name           0x08002739   Data          19  cmd.o(.rodata.name)
    __fsym___cmd_list_mailbox_desc           0x0800274c   Data          24  cmd.o(.rodata.name)
    __fsym_list_timer_name                   0x08002764   Data          11  cmd.o(.rodata.name)
    __fsym_list_timer_desc                   0x0800276f   Data          21  cmd.o(.rodata.name)
    __fsym___cmd_list_timer_name             0x08002784   Data          17  cmd.o(.rodata.name)
    __fsym___cmd_list_timer_desc             0x08002795   Data          21  cmd.o(.rodata.name)
    __fsym_list_name                         0x080027aa   Data           5  cmd.o(.rodata.name)
    __fsym_list_desc                         0x080027af   Data          26  cmd.o(.rodata.name)
    __fsym___cmd_help_name                   0x080027c9   Data          11  msh.o(.rodata.name)
    __fsym___cmd_help_desc                   0x080027d4   Data          22  msh.o(.rodata.name)
    __fsym___cmd_ps_name                     0x080027ea   Data           9  msh.o(.rodata.name)
    __fsym___cmd_ps_desc                     0x080027f3   Data          28  msh.o(.rodata.name)
    __fsym___cmd_free_name                   0x0800280f   Data          11  msh.o(.rodata.name)
    __fsym___cmd_free_desc                   0x0800281a   Data          37  msh.o(.rodata.name)
    __fsym_list_mem_name                     0x0800283f   Data           9  mem.o(.rodata.name)
    __fsym_list_mem_desc                     0x08002848   Data          30  mem.o(.rodata.name)
    __rt_init_rti_start                      0x08002868   Data           4  components.o(.rti_fn.0)
    __rt_init_rti_board_start                0x0800286c   Data           4  components.o(.rti_fn.0.end)
    __rt_init_rti_board_end                  0x08002870   Data           4  components.o(.rti_fn.1.end)
    __rt_init_finsh_system_init              0x08002874   Data           4  shell.o(.rti_fn.6)
    __rt_init_rti_end                        0x08002878   Data           4  components.o(.rti_fn.6.end)
    FSymTab$$Base                            0x0800287c   Number         0  cmd.o(FSymTab)
    __fsym_hello                             0x0800287c   Data          12  cmd.o(FSymTab)
    __fsym_version                           0x08002888   Data          12  cmd.o(FSymTab)
    __fsym___cmd_version                     0x08002894   Data          12  cmd.o(FSymTab)
    __fsym_list_thread                       0x080028a0   Data          12  cmd.o(FSymTab)
    __fsym___cmd_list_thread                 0x080028ac   Data          12  cmd.o(FSymTab)
    __fsym_list_sem                          0x080028b8   Data          12  cmd.o(FSymTab)
    __fsym___cmd_list_sem                    0x080028c4   Data          12  cmd.o(FSymTab)
    __fsym_list_mailbox                      0x080028d0   Data          12  cmd.o(FSymTab)
    __fsym___cmd_list_mailbox                0x080028dc   Data          12  cmd.o(FSymTab)
    __fsym_list_timer                        0x080028e8   Data          12  cmd.o(FSymTab)
    __fsym___cmd_list_timer                  0x080028f4   Data          12  cmd.o(FSymTab)
    __fsym_list                              0x08002900   Data          12  cmd.o(FSymTab)
    __fsym___cmd_help                        0x0800290c   Data          12  msh.o(FSymTab)
    __fsym___cmd_ps                          0x08002918   Data          12  msh.o(FSymTab)
    __fsym___cmd_free                        0x08002924   Data          12  msh.o(FSymTab)
    __fsym_list_mem                          0x08002930   Data          12  mem.o(FSymTab)
    FSymTab$$Limit                           0x0800293c   Number         0  mem.o(FSymTab)
    Region$$Table$$Base                      0x0800293c   Number         0  anon$$obj.o(Region$$Table)
    Region$$Table$$Limit                     0x0800295c   Number         0  anon$$obj.o(Region$$Table)
    uwTickFreq                               0x20000000   Data           1  stm32f1xx_hal.o(.data)
    uwTickPrio                               0x20000004   Data           4  stm32f1xx_hal.o(.data)
    uwTick                                   0x20000008   Data           4  stm32f1xx_hal.o(.data)
    SystemCoreClock                          0x2000000c   Data           4  system_stm32f1xx.o(.data)
    _syscall_table_begin                     0x20000010   Data           4  shell.o(.data)
    _syscall_table_end                       0x20000014   Data           4  shell.o(.data)
    _sysvar_table_begin                      0x20000018   Data           4  shell.o(.data)
    _sysvar_table_end                        0x2000001c   Data           4  shell.o(.data)
    shell                                    0x20000024   Data           4  shell.o(.data)
    rt_interrupt_nest                        0x2000002c   Data           1  irq.o(.data)
    rt_current_priority                      0x20000088   Data           1  scheduler.o(.data)
    rt_current_thread                        0x2000008c   Data           4  scheduler.o(.data)
    rt_thread_ready_priority_group           0x20000090   Data           4  scheduler.o(.data)
    rt_thread_defunct                        0x20000094   Data           8  scheduler.o(.data)
    rt_interrupt_from_thread                 0x200000ac   Data           4  cpuport.o(.data)
    rt_interrupt_to_thread                   0x200000b0   Data           4  cpuport.o(.data)
    rt_thread_switch_interrupt_flag          0x200000b4   Data           4  cpuport.o(.data)
    rt_thread_priority_table                 0x20003e50   Data         256  scheduler.o(.bss)
    __libspace_start                         0x20003f50   Data          96  libspace.o(.bss)
    __temporary_stack_top$libspace           0x20003fb0   Data           0  libspace.o(.bss)



==============================================================================

Memory Map of the image

  Image Entry point : 0x080000ed

  Load Region LR_IROM1 (Base: 0x08000000, Size: 0x00002a14, Max: 0x00010000, ABSOLUTE)

    Execution Region ER_IROM1 (Exec base: 0x08000000, Load base: 0x08000000, Size: 0x0000295c, Max: 0x00010000, ABSOLUTE)

    Exec Addr    Load Addr    Size         Type   Attr      Idx    E Section Name        Object

    0x08000000   0x08000000   0x000000ec   Data   RO            3    RESET               startup_stm32f103xb.o
    0x080000ec   0x080000ec   0x00000008   Code   RO         2604  * !!!main             c_w.l(__main.o)
    0x080000f4   0x080000f4   0x00000034   Code   RO         2763    !!!scatter          c_w.l(__scatter.o)
    0x08000128   0x08000128   0x0000001a   Code   RO         2765    !!handler_copy      c_w.l(__scatter_copy.o)
    0x08000142   0x08000142   0x00000002   PAD
    0x08000144   0x08000144   0x0000001c   Code   RO         2767    !!handler_zi        c_w.l(__scatter_zi.o)
    0x08000160   0x08000160   0x00000002   Code   RO         2631    .ARM.Collect$$libinit$$00000000  c_w.l(libinit.o)
    0x08000162   0x08000162   0x00000000   Code   RO         2638    .ARM.Collect$$libinit$$00000002  c_w.l(libinit2.o)
    0x08000162   0x08000162   0x00000000   Code   RO         2640    .ARM.Collect$$libinit$$00000004  c_w.l(libinit2.o)
    0x08000162   0x08000162   0x00000000   Code   RO         2643    .ARM.Collect$$libinit$$0000000A  c_w.l(libinit2.o)
    0x08000162   0x08000162   0x00000000   Code   RO         2645    .ARM.Collect$$libinit$$0000000C  c_w.l(libinit2.o)
    0x08000162   0x08000162   0x00000000   Code   RO         2647    .ARM.Collect$$libinit$$0000000E  c_w.l(libinit2.o)
    0x08000162   0x08000162   0x00000000   Code   RO         2650    .ARM.Collect$$libinit$$00000011  c_w.l(libinit2.o)
    0x08000162   0x08000162   0x00000000   Code   RO         2652    .ARM.Collect$$libinit$$00000013  c_w.l(libinit2.o)
    0x08000162   0x08000162   0x00000000   Code   RO         2654    .ARM.Collect$$libinit$$00000015  c_w.l(libinit2.o)
    0x08000162   0x08000162   0x00000000   Code   RO         2656    .ARM.Collect$$libinit$$00000017  c_w.l(libinit2.o)
    0x08000162   0x08000162   0x00000000   Code   RO         2658    .ARM.Collect$$libinit$$00000019  c_w.l(libinit2.o)
    0x08000162   0x08000162   0x00000000   Code   RO         2660    .ARM.Collect$$libinit$$0000001B  c_w.l(libinit2.o)
    0x08000162   0x08000162   0x00000000   Code   RO         2662    .ARM.Collect$$libinit$$0000001D  c_w.l(libinit2.o)
    0x08000162   0x08000162   0x00000000   Code   RO         2664    .ARM.Collect$$libinit$$0000001F  c_w.l(libinit2.o)
    0x08000162   0x08000162   0x00000000   Code   RO         2666    .ARM.Collect$$libinit$$00000021  c_w.l(libinit2.o)
    0x08000162   0x08000162   0x00000000   Code   RO         2668    .ARM.Collect$$libinit$$00000023  c_w.l(libinit2.o)
    0x08000162   0x08000162   0x00000000   Code   RO         2670    .ARM.Collect$$libinit$$00000025  c_w.l(libinit2.o)
    0x08000162   0x08000162   0x00000000   Code   RO         2674    .ARM.Collect$$libinit$$0000002C  c_w.l(libinit2.o)
    0x08000162   0x08000162   0x00000000   Code   RO         2676    .ARM.Collect$$libinit$$0000002E  c_w.l(libinit2.o)
    0x08000162   0x08000162   0x00000000   Code   RO         2678    .ARM.Collect$$libinit$$00000030  c_w.l(libinit2.o)
    0x08000162   0x08000162   0x00000000   Code   RO         2680    .ARM.Collect$$libinit$$00000032  c_w.l(libinit2.o)
    0x08000162   0x08000162   0x00000002   Code   RO         2681    .ARM.Collect$$libinit$$00000033  c_w.l(libinit2.o)
    0x08000164   0x08000164   0x00000002   Code   RO         2701    .ARM.Collect$$libshutdown$$00000000  c_w.l(libshutdown.o)
    0x08000166   0x08000166   0x00000000   Code   RO         2714    .ARM.Collect$$libshutdown$$00000002  c_w.l(libshutdown2.o)
    0x08000166   0x08000166   0x00000000   Code   RO         2716    .ARM.Collect$$libshutdown$$00000004  c_w.l(libshutdown2.o)
    0x08000166   0x08000166   0x00000000   Code   RO         2718    .ARM.Collect$$libshutdown$$00000006  c_w.l(libshutdown2.o)
    0x08000166   0x08000166   0x00000000   Code   RO         2721    .ARM.Collect$$libshutdown$$00000009  c_w.l(libshutdown2.o)
    0x08000166   0x08000166   0x00000000   Code   RO         2724    .ARM.Collect$$libshutdown$$0000000C  c_w.l(libshutdown2.o)
    0x08000166   0x08000166   0x00000000   Code   RO         2726    .ARM.Collect$$libshutdown$$0000000E  c_w.l(libshutdown2.o)
    0x08000166   0x08000166   0x00000000   Code   RO         2729    .ARM.Collect$$libshutdown$$00000011  c_w.l(libshutdown2.o)
    0x08000166   0x08000166   0x00000002   Code   RO         2730    .ARM.Collect$$libshutdown$$00000012  c_w.l(libshutdown2.o)
    0x08000168   0x08000168   0x00000000   Code   RO         2606    .ARM.Collect$$rtentry$$00000000  c_w.l(__rtentry.o)
    0x08000168   0x08000168   0x00000000   Code   RO         2608    .ARM.Collect$$rtentry$$00000002  c_w.l(__rtentry2.o)
    0x08000168   0x08000168   0x00000006   Code   RO         2620    .ARM.Collect$$rtentry$$00000004  c_w.l(__rtentry4.o)
    0x0800016e   0x0800016e   0x00000000   Code   RO         2610    .ARM.Collect$$rtentry$$00000009  c_w.l(__rtentry2.o)
    0x0800016e   0x0800016e   0x00000004   Code   RO         2611    .ARM.Collect$$rtentry$$0000000A  c_w.l(__rtentry2.o)
    0x08000172   0x08000172   0x00000000   Code   RO         2613    .ARM.Collect$$rtentry$$0000000C  c_w.l(__rtentry2.o)
    0x08000172   0x08000172   0x00000008   Code   RO         2614    .ARM.Collect$$rtentry$$0000000D  c_w.l(__rtentry2.o)
    0x0800017a   0x0800017a   0x00000002   Code   RO         2635    .ARM.Collect$$rtexit$$00000000  c_w.l(rtexit.o)
    0x0800017c   0x0800017c   0x00000000   Code   RO         2683    .ARM.Collect$$rtexit$$00000002  c_w.l(rtexit2.o)
    0x0800017c   0x0800017c   0x00000004   Code   RO         2684    .ARM.Collect$$rtexit$$00000003  c_w.l(rtexit2.o)
    0x08000180   0x08000180   0x00000006   Code   RO         2685    .ARM.Collect$$rtexit$$00000004  c_w.l(rtexit2.o)
    0x08000186   0x08000186   0x00000002   PAD
    0x08000188   0x08000188   0x00000040   Code   RO            4    .text               startup_stm32f103xb.o
    0x080001c8   0x080001c8   0x000000f4   Code   RO         1612    .text               context_rvds.o
    0x080002bc   0x080002bc   0x0000003e   Code   RO         2588    .text               c_w.l(strlen.o)
    0x080002fa   0x080002fa   0x00000096   Code   RO         2590    .text               c_w.l(strncmp.o)
    0x08000390   0x08000390   0x00000064   Code   RO         2594    .text               c_w.l(rt_memcpy_w.o)
    0x080003f4   0x080003f4   0x00000044   Code   RO         2596    .text               c_w.l(rt_memclr.o)
    0x08000438   0x08000438   0x0000004e   Code   RO         2598    .text               c_w.l(rt_memclr_w.o)
    0x08000486   0x08000486   0x00000006   Code   RO         2602    .text               c_w.l(heapauxi.o)
    0x0800048c   0x0800048c   0x0000004a   Code   RO         2622    .text               c_w.l(sys_stackheap_outer.o)
    0x080004d6   0x080004d6   0x00000012   Code   RO         2624    .text               c_w.l(exit.o)
    0x080004e8   0x080004e8   0x00000008   Code   RO         2632    .text               c_w.l(libspace.o)
    0x080004f0   0x080004f0   0x0000000c   Code   RO         2693    .text               c_w.l(sys_exit.o)
    0x080004fc   0x080004fc   0x00000002   Code   RO         2704    .text               c_w.l(use_no_semi.o)
    0x080004fe   0x080004fe   0x00000000   Code   RO         2706    .text               c_w.l(indicate_semi.o)
    0x080004fe   0x080004fe   0x0000000a   Code   RO         1708    i.$Sub$$main        components.o
    0x08000508   0x08000508   0x00000002   Code   RO          155    i.BusFault_Handler  stm32f1xx_it.o
    0x0800050a   0x0800050a   0x00000002   Code   RO          156    i.DebugMon_Handler  stm32f1xx_it.o
    0x0800050c   0x0800050c   0x0000000c   Code   RO          277    i.HAL_GetTick       stm32f1xx_hal.o
    0x08000518   0x08000518   0x00000024   Code   RO          284    i.HAL_Init          stm32f1xx_hal.o
    0x0800053c   0x0800053c   0x00000040   Code   RO          285    i.HAL_InitTick      stm32f1xx_hal.o
    0x0800057c   0x0800057c   0x0000003c   Code   RO          206    i.HAL_MspInit       stm32f1xx_hal_msp.o
    0x080005b8   0x080005b8   0x00000040   Code   RO          749    i.HAL_NVIC_SetPriority  stm32f1xx_hal_cortex.o
    0x080005f8   0x080005f8   0x00000024   Code   RO          750    i.HAL_NVIC_SetPriorityGrouping  stm32f1xx_hal_cortex.o
    0x0800061c   0x0800061c   0x0000012c   Code   RO          441    i.HAL_RCC_ClockConfig  stm32f1xx_hal_rcc.o
    0x08000748   0x08000748   0x0000004c   Code   RO          450    i.HAL_RCC_GetSysClockFreq  stm32f1xx_hal_rcc.o
    0x08000794   0x08000794   0x00000320   Code   RO          453    i.HAL_RCC_OscConfig  stm32f1xx_hal_rcc.o
    0x08000ab4   0x08000ab4   0x00000028   Code   RO          754    i.HAL_SYSTICK_Config  stm32f1xx_hal_cortex.o
    0x08000adc   0x08000adc   0x0000001c   Code   RO          131    i.MX_GPIO_Init      gpio.o
    0x08000af8   0x08000af8   0x00000002   Code   RO          157    i.MemManage_Handler  stm32f1xx_it.o
    0x08000afa   0x08000afa   0x00000002   Code   RO          158    i.NMI_Handler       stm32f1xx_it.o
    0x08000afc   0x08000afc   0x00000012   Code   RO         1619    i.SysTick_Handler   board.o
    0x08000b0e   0x08000b0e   0x0000005e   Code   RO           14    i.SystemClock_Config  main.o
    0x08000b6c   0x08000b6c   0x00000068   Code   RO         1243    i.SystemCoreClockUpdate  system_stm32f1xx.o
    0x08000bd4   0x08000bd4   0x00000002   Code   RO         1244    i.SystemInit        system_stm32f1xx.o
    0x08000bd6   0x08000bd6   0x00000002   Code   RO          159    i.UsageFault_Handler  stm32f1xx_it.o
    0x08000bd8   0x08000bd8   0x00000020   Code   RO          756    i.__NVIC_SetPriority  stm32f1xx_hal_cortex.o
    0x08000bf8   0x08000bf8   0x00000048   Code   RO         1953    i.__rt_ffs          kservice.o
    0x08000c40   0x08000c40   0x0000006c   Code   RO         1541    i._msh_exec_cmd     msh.o
    0x08000cac   0x08000cac   0x0000007c   Code   RO         2311    i._rt_thread_init   thread.o
    0x08000d28   0x08000d28   0x00000028   Code   RO         2433    i._rt_timer_init    timer.o
    0x08000d50   0x08000d50   0x0000001c   Code   RO         2312    i._thread_cleanup_execute  thread.o
    0x08000d6c   0x08000d6c   0x00000014   Code   RO         2520    i.bus_fault_track   cpuport.o
    0x08000d80   0x08000d80   0x0000000a   Code   RO         1542    i.cmd_free          msh.o
    0x08000d8a   0x08000d8a   0x0000000a   Code   RO         1543    i.cmd_ps            msh.o
    0x08000d94   0x08000d94   0x00000004   Code   RO         1336    i.finsh_getchar     shell.o
    0x08000d98   0x08000d98   0x00000018   Code   RO         1339    i.finsh_set_prompt_mode  shell.o
    0x08000db0   0x08000db0   0x0000000c   Code   RO         1340    i.finsh_system_function_init  shell.o
    0x08000dbc   0x08000dbc   0x0000007c   Code   RO         1341    i.finsh_system_init  shell.o
    0x08000e38   0x08000e38   0x000001cc   Code   RO         1343    i.finsh_thread_entry  shell.o
    0x08001004   0x08001004   0x0000003c   Code   RO         2521    i.hard_fault_track  cpuport.o
    0x08001040   0x08001040   0x00000004   Code   RO         1444    i.hello             cmd.o
    0x08001044   0x08001044   0x00000030   Code   RO         1445    i.list              cmd.o
    0x08001074   0x08001074   0x00000024   Code   RO         1446    i.list_find_init    cmd.o
    0x08001098   0x08001098   0x00000076   Code   RO         1447    i.list_get_next     cmd.o
    0x0800110e   0x0800110e   0x0000007c   Code   RO         1448    i.list_mailbox      cmd.o
    0x0800118a   0x0800118a   0x00000002   Code   RO         2106    i.list_mem          mem.o
    0x0800118c   0x0800118c   0x0000007c   Code   RO         1449    i.list_sem          cmd.o
    0x08001208   0x08001208   0x00000086   Code   RO         1450    i.list_thread       cmd.o
    0x0800128e   0x0800128e   0x00000062   Code   RO         1451    i.list_timer        cmd.o
    0x080012f0   0x080012f0   0x0000000e   Code   RO           15    i.main              main.o
    0x080012fe   0x080012fe   0x0000000e   Code   RO         1709    i.main_thread_entry  components.o
    0x0800130c   0x0800130c   0x00000014   Code   RO         2522    i.mem_manage_fault_track  cpuport.o
    0x08001320   0x08001320   0x0000009c   Code   RO         1544    i.msh_auto_complete  msh.o
    0x080013bc   0x080013bc   0x00000040   Code   RO         1545    i.msh_exec          msh.o
    0x080013fc   0x080013fc   0x0000005c   Code   RO         1546    i.msh_get_cmd       msh.o
    0x08001458   0x08001458   0x00000034   Code   RO         1547    i.msh_help          msh.o
    0x0800148c   0x0800148c   0x00000004   Code   RO         1548    i.msh_is_used       msh.o
    0x08001490   0x08001490   0x0000009e   Code   RO         1549    i.msh_split         msh.o
    0x0800152e   0x0800152e   0x00000002   PAD
    0x08001530   0x08001530   0x00000068   Code   RO         2107    i.plug_holes        mem.o
    0x08001598   0x08001598   0x00000030   Code   RO         1710    i.rt_application_init  components.o
    0x080015c8   0x080015c8   0x0000001c   Code   RO         2108    i.rt_calloc         mem.o
    0x080015e4   0x080015e4   0x00000020   Code   RO         1711    i.rt_components_board_init  components.o
    0x08001604   0x08001604   0x00000020   Code   RO         1712    i.rt_components_init  components.o
    0x08001624   0x08001624   0x0000001c   Code   RO         2250    i.rt_enter_critical  scheduler.o
    0x08001640   0x08001640   0x00000038   Code   RO         2251    i.rt_exit_critical  scheduler.o
    0x08001678   0x08001678   0x0000005c   Code   RO         2109    i.rt_free           mem.o
    0x080016d4   0x080016d4   0x00000008   Code   RO         1620    i.rt_heap_begin_get  board.o
    0x080016dc   0x080016dc   0x00000008   Code   RO         1621    i.rt_heap_end_get   board.o
    0x080016e4   0x080016e4   0x00000058   Code   RO         1622    i.rt_hw_board_init  board.o
    0x0800173c   0x0800173c   0x0000001c   Code   RO         1312    i.rt_hw_console_getchar  finsh_port.o
    0x08001758   0x08001758   0x0000002c   Code   RO         2526    i.rt_hw_hard_fault_exception  cpuport.o
    0x08001784   0x08001784   0x00000040   Code   RO         2527    i.rt_hw_stack_init  cpuport.o
    0x080017c4   0x080017c4   0x0000001c   Code   RO         1926    i.rt_interrupt_enter  irq.o
    0x080017e0   0x080017e0   0x0000001c   Code   RO         1928    i.rt_interrupt_leave  irq.o
    0x080017fc   0x080017fc   0x00000070   Code   RO         1812    i.rt_ipc_list_suspend  ipc.o
    0x0800186c   0x0800186c   0x00000110   Code   RO         2110    i.rt_malloc         mem.o
    0x0800197c   0x0800197c   0x00000036   Code   RO         1961    i.rt_memmove        kservice.o
    0x080019b2   0x080019b2   0x00000056   Code   RO         1962    i.rt_memset         kservice.o
    0x08001a08   0x08001a08   0x0000005a   Code   RO         2172    i.rt_object_allocate  object.o
    0x08001a62   0x08001a62   0x0000002e   Code   RO         2173    i.rt_object_delete  object.o
    0x08001a90   0x08001a90   0x0000002c   Code   RO         2174    i.rt_object_detach  object.o
    0x08001abc   0x08001abc   0x00000024   Code   RO         2176    i.rt_object_get_information  object.o
    0x08001ae0   0x08001ae0   0x0000005a   Code   RO         2180    i.rt_object_init    object.o
    0x08001b3a   0x08001b3a   0x00000010   Code   RO         2181    i.rt_object_is_systemobject  object.o
    0x08001b4a   0x08001b4a   0x00000002   PAD
    0x08001b4c   0x08001b4c   0x00000064   Code   RO         2252    i.rt_schedule       scheduler.o
    0x08001bb0   0x08001bb0   0x00000050   Code   RO         2253    i.rt_schedule_insert_thread  scheduler.o
    0x08001c00   0x08001c00   0x00000054   Code   RO         2254    i.rt_schedule_remove_thread  scheduler.o
    0x08001c54   0x08001c54   0x00000022   Code   RO         1825    i.rt_sem_init       ipc.o
    0x08001c76   0x08001c76   0x00000058   Code   RO         1826    i.rt_sem_release    ipc.o
    0x08001cce   0x08001cce   0x00000072   Code   RO         1827    i.rt_sem_take       ipc.o
    0x08001d40   0x08001d40   0x00000002   Code   RO         1964    i.rt_show_version   kservice.o
    0x08001d42   0x08001d42   0x0000002a   Code   RO         1972    i.rt_strncpy        kservice.o
    0x08001d6c   0x08001d6c   0x00000064   Code   RO         2113    i.rt_system_heap_init  mem.o
    0x08001dd0   0x08001dd0   0x0000003c   Code   RO         2255    i.rt_system_scheduler_init  scheduler.o
    0x08001e0c   0x08001e0c   0x00000028   Code   RO         2256    i.rt_system_scheduler_start  scheduler.o
    0x08001e34   0x08001e34   0x00000018   Code   RO         2434    i.rt_system_timer_init  timer.o
    0x08001e4c   0x08001e4c   0x00000002   Code   RO         2435    i.rt_system_timer_thread_init  timer.o
    0x08001e4e   0x08001e4e   0x0000005a   Code   RO         2314    i.rt_thread_create  thread.o
    0x08001ea8   0x08001ea8   0x00000060   Code   RO         2319    i.rt_thread_exit    thread.o
    0x08001f08   0x08001f08   0x00000006   Code   RO         1776    i.rt_thread_idle_entry  idle.o
    0x08001f0e   0x08001f0e   0x00000002   PAD
    0x08001f10   0x08001f10   0x00000054   Code   RO         1777    i.rt_thread_idle_excute  idle.o
    0x08001f64   0x08001f64   0x00000040   Code   RO         1779    i.rt_thread_idle_init  idle.o
    0x08001fa4   0x08001fa4   0x00000032   Code   RO         2321    i.rt_thread_init    thread.o
    0x08001fd6   0x08001fd6   0x00000048   Code   RO         2323    i.rt_thread_resume  thread.o
    0x0800201e   0x0800201e   0x00000002   PAD
    0x08002020   0x08002020   0x0000000c   Code   RO         2324    i.rt_thread_self    thread.o
    0x0800202c   0x0800202c   0x0000002a   Code   RO         2326    i.rt_thread_startup  thread.o
    0x08002056   0x08002056   0x00000044   Code   RO         2327    i.rt_thread_suspend  thread.o
    0x0800209a   0x0800209a   0x00000028   Code   RO         2328    i.rt_thread_timeout  thread.o
    0x080020c2   0x080020c2   0x00000002   PAD
    0x080020c4   0x080020c4   0x0000006c   Code   RO         2329    i.rt_thread_yield   thread.o
    0x08002130   0x08002130   0x0000000c   Code   RO         1672    i.rt_tick_get       clock.o
    0x0800213c   0x0800213c   0x0000002c   Code   RO         1673    i.rt_tick_increase  clock.o
    0x08002168   0x08002168   0x000000f4   Code   RO         2436    i.rt_timer_check    timer.o
    0x0800225c   0x0800225c   0x00000054   Code   RO         2437    i.rt_timer_control  timer.o
    0x080022b0   0x080022b0   0x00000046   Code   RO         2440    i.rt_timer_detach   timer.o
    0x080022f6   0x080022f6   0x0000002a   Code   RO         2441    i.rt_timer_init     timer.o
    0x08002320   0x08002320   0x000000d0   Code   RO         2444    i.rt_timer_start    timer.o
    0x080023f0   0x080023f0   0x00000052   Code   RO         2445    i.rt_timer_stop     timer.o
    0x08002442   0x08002442   0x00000004   Code   RO         1713    i.rti_board_end     components.o
    0x08002446   0x08002446   0x00000004   Code   RO         1714    i.rti_board_start   components.o
    0x0800244a   0x0800244a   0x00000004   Code   RO         1715    i.rti_end           components.o
    0x0800244e   0x0800244e   0x00000004   Code   RO         1716    i.rti_start         components.o
    0x08002452   0x08002452   0x0000002a   Code   RO         1717    i.rtthread_startup  components.o
    0x0800247c   0x0800247c   0x00000018   Code   RO         1344    i.shell_auto_complete  shell.o
    0x08002494   0x08002494   0x0000000e   Code   RO         1452    i.show_wait_queue   cmd.o
    0x080024a2   0x080024a2   0x0000001e   Code   RO         1550    i.str_common        msh.o
    0x080024c0   0x080024c0   0x00000014   Code   RO         2528    i.usage_fault_track  cpuport.o
    0x080024d4   0x080024d4   0x0000000a   Code   RO         1453    i.version           cmd.o
    0x080024de   0x080024de   0x00000012   Data   RO          454    .constdata          stm32f1xx_hal_rcc.o
    0x080024f0   0x080024f0   0x00000010   Data   RO         1245    .constdata          system_stm32f1xx.o
    0x08002500   0x08002500   0x00000122   Data   RO         1977    .constdata          kservice.o
    0x08002622   0x08002622   0x00000006   Data   RO         1454    .rodata.name        cmd.o
    0x08002628   0x08002628   0x00000010   Data   RO         1455    .rodata.name        cmd.o
    0x08002638   0x08002638   0x00000008   Data   RO         1456    .rodata.name        cmd.o
    0x08002640   0x08002640   0x00000023   Data   RO         1457    .rodata.name        cmd.o
    0x08002663   0x08002663   0x0000000e   Data   RO         1458    .rodata.name        cmd.o
    0x08002671   0x08002671   0x00000023   Data   RO         1459    .rodata.name        cmd.o
    0x08002694   0x08002694   0x0000000c   Data   RO         1460    .rodata.name        cmd.o
    0x080026a0   0x080026a0   0x0000000c   Data   RO         1461    .rodata.name        cmd.o
    0x080026ac   0x080026ac   0x00000012   Data   RO         1462    .rodata.name        cmd.o
    0x080026be   0x080026be   0x0000000c   Data   RO         1463    .rodata.name        cmd.o
    0x080026ca   0x080026ca   0x00000009   Data   RO         1464    .rodata.name        cmd.o
    0x080026d3   0x080026d3   0x00000019   Data   RO         1465    .rodata.name        cmd.o
    0x080026ec   0x080026ec   0x0000000f   Data   RO         1466    .rodata.name        cmd.o
    0x080026fb   0x080026fb   0x00000019   Data   RO         1467    .rodata.name        cmd.o
    0x08002714   0x08002714   0x0000000d   Data   RO         1468    .rodata.name        cmd.o
    0x08002721   0x08002721   0x00000018   Data   RO         1469    .rodata.name        cmd.o
    0x08002739   0x08002739   0x00000013   Data   RO         1470    .rodata.name        cmd.o
    0x0800274c   0x0800274c   0x00000018   Data   RO         1471    .rodata.name        cmd.o
    0x08002764   0x08002764   0x0000000b   Data   RO         1472    .rodata.name        cmd.o
    0x0800276f   0x0800276f   0x00000015   Data   RO         1473    .rodata.name        cmd.o
    0x08002784   0x08002784   0x00000011   Data   RO         1474    .rodata.name        cmd.o
    0x08002795   0x08002795   0x00000015   Data   RO         1475    .rodata.name        cmd.o
    0x080027aa   0x080027aa   0x00000005   Data   RO         1476    .rodata.name        cmd.o
    0x080027af   0x080027af   0x0000001a   Data   RO         1477    .rodata.name        cmd.o
    0x080027c9   0x080027c9   0x0000000b   Data   RO         1551    .rodata.name        msh.o
    0x080027d4   0x080027d4   0x00000016   Data   RO         1552    .rodata.name        msh.o
    0x080027ea   0x080027ea   0x00000009   Data   RO         1553    .rodata.name        msh.o
    0x080027f3   0x080027f3   0x0000001c   Data   RO         1554    .rodata.name        msh.o
    0x0800280f   0x0800280f   0x0000000b   Data   RO         1555    .rodata.name        msh.o
    0x0800281a   0x0800281a   0x00000025   Data   RO         1556    .rodata.name        msh.o
    0x0800283f   0x0800283f   0x00000009   Data   RO         2116    .rodata.name        mem.o
    0x08002848   0x08002848   0x0000001e   Data   RO         2117    .rodata.name        mem.o
    0x08002866   0x08002866   0x00000002   PAD
    0x08002868   0x08002868   0x00000004   Data   RO         1718    .rti_fn.0           components.o
    0x0800286c   0x0800286c   0x00000004   Data   RO         1719    .rti_fn.0.end       components.o
    0x08002870   0x08002870   0x00000004   Data   RO         1720    .rti_fn.1.end       components.o
    0x08002874   0x08002874   0x00000004   Data   RO         1347    .rti_fn.6           shell.o
    0x08002878   0x08002878   0x00000004   Data   RO         1721    .rti_fn.6.end       components.o
    0x0800287c   0x0800287c   0x00000090   Data   RO         1478    FSymTab             cmd.o
    0x0800290c   0x0800290c   0x00000024   Data   RO         1557    FSymTab             msh.o
    0x08002930   0x08002930   0x0000000c   Data   RO         2118    FSymTab             mem.o
    0x0800293c   0x0800293c   0x00000020   Data   RO         2761    Region$$Table       anon$$obj.o


    Execution Region RW_IRAM1 (Exec base: 0x20000000, Load base: 0x0800295c, Size: 0x000045b0, Max: 0x00005000, ABSOLUTE)

    Exec Addr    Load Addr    Size         Type   Attr      Idx    E Section Name        Object

    0x20000000   0x0800295c   0x0000000c   Data   RW          291    .data               stm32f1xx_hal.o
    0x2000000c   0x08002968   0x00000004   Data   RW         1247    .data               system_stm32f1xx.o
    0x20000010   0x0800296c   0x00000018   Data   RW         1346    .data               shell.o
    0x20000028   0x08002984   0x00000004   Data   RW         1675    .data               clock.o
    0x2000002c   0x08002988   0x00000001   Data   RW         1929    .data               irq.o
    0x2000002d   0x08002989   0x00000003   PAD
    0x20000030   0x0800298c   0x00000018   Data   RW         2115    .data               mem.o
    0x20000048   0x080029a4   0x00000040   Data   RW         2183    .data               object.o
    0x20000088   0x080029e4   0x00000014   Data   RW         2258    .data               scheduler.o
    0x2000009c   0x080029f8   0x0000000c   Data   RW         2446    .data               timer.o
    0x200000a8   0x08002a04   0x00000004   Data   RW         2529    .data               cpuport.o
    0x200000ac   0x08002a08   0x00000004   Data   RW         2530    .data               cpuport.o
    0x200000b0   0x08002a0c   0x00000004   Data   RW         2531    .data               cpuport.o
    0x200000b4   0x08002a10   0x00000004   Data   RW         2532    .data               cpuport.o
    0x200000b8        -       0x00003c00   Zero   RW         1624    .bss                board.o
    0x20003cb8        -       0x00000178   Zero   RW         1780    .bss                idle.o
    0x20003e30        -       0x00000020   Zero   RW         2114    .bss                mem.o
    0x20003e50        -       0x00000100   Zero   RW         2257    .bss                scheduler.o
    0x20003f50        -       0x00000060   Zero   RW         2633    .bss                c_w.l(libspace.o)
    0x20003fb0        -       0x00000200   Zero   RW            2    HEAP                startup_stm32f103xb.o
    0x200041b0        -       0x00000400   Zero   RW            1    STACK               startup_stm32f103xb.o


==============================================================================

Image component sizes


      Code (inc. data)   RO Data    RW Data    ZI Data      Debug   Object Name

       122         18          0          0      15360      28410   board.o
        56         12          0          4          0       1317   clock.o
       710         12        567          0          0      14585   cmd.o
       194         32         16          0          0       6428   components.o
       244         28          0          0          0        840   context_rvds.o
       228         34          0         16          0       5530   cpuport.o
         0          0          0          0          0       6550   device.o
        28         10          0          0          0        584   finsh_port.o
        28          6          0          0          0        707   gpio.o
       154         24          0          0        376       5426   idle.o
       348          0          0          0          0       7173   ipc.o
        56         12          0          1          0       1782   irq.o
       256          6        290          0          0       6913   kservice.o
       108          0          0          0          0     378084   main.o
       598         38         51         24         32       5663   mem.o
       684         48        154          0          0       9372   msh.o
       322          6          0         64          0       8440   object.o
       448         58          0         20        256       8862   scheduler.o
       648         50          4         24          0      11025   shell.o
        64         26        236          0       1536        792   startup_stm32f103xb.o
       112         20          0         12          0       4703   stm32f1xx_hal.o
       172         14          0          0          0      28198   stm32f1xx_hal_cortex.o
        60          8          0          0          0        838   stm32f1xx_hal_msp.o
      1176         60         18          0          0       3910   stm32f1xx_hal_rcc.o
        10          0          0          0          0       2061   stm32f1xx_it.o
       106         22         16          4          0       1671   system_stm32f1xx.o
       730         34          0          0          0      11695   thread.o
       796         24          0         12          0      11580   timer.o

    ----------------------------------------------------------------------
      8468        602       1386        184      17560     573139   Object Totals
         0          0         32          0          0          0   (incl. Generated)
        10          0          2          3          0          0   (incl. Padding)

    ----------------------------------------------------------------------

      Code (inc. data)   RO Data    RW Data    ZI Data      Debug   Library Member Name

         8          0          0          0          0         68   __main.o
         0          0          0          0          0          0   __rtentry.o
        12          0          0          0          0          0   __rtentry2.o
         6          0          0          0          0          0   __rtentry4.o
        52          8          0          0          0          0   __scatter.o
        26          0          0          0          0          0   __scatter_copy.o
        28          0          0          0          0          0   __scatter_zi.o
        18          0          0          0          0         80   exit.o
         6          0          0          0          0        152   heapauxi.o
         0          0          0          0          0          0   indicate_semi.o
         2          0          0          0          0          0   libinit.o
         2          0          0          0          0          0   libinit2.o
         2          0          0          0          0          0   libshutdown.o
         2          0          0          0          0          0   libshutdown2.o
         8          4          0          0         96         68   libspace.o
        68          0          0          0          0         68   rt_memclr.o
        78          0          0          0          0         80   rt_memclr_w.o
       100          0          0          0          0         80   rt_memcpy_w.o
         2          0          0          0          0          0   rtexit.o
        10          0          0          0          0          0   rtexit2.o
        62          0          0          0          0         76   strlen.o
       150          0          0          0          0         80   strncmp.o
        12          4          0          0          0         68   sys_exit.o
        74          0          0          0          0         80   sys_stackheap_outer.o
         2          0          0          0          0         68   use_no_semi.o

    ----------------------------------------------------------------------
       734         16          0          0         96        968   Library Totals
         4          0          0          0          0          0   (incl. Padding)

    ----------------------------------------------------------------------

      Code (inc. data)   RO Data    RW Data    ZI Data      Debug   Library Name

       730         16          0          0         96        968   c_w.l

    ----------------------------------------------------------------------
       734         16          0          0         96        968   Library Totals

    ----------------------------------------------------------------------

==============================================================================


      Code (inc. data)   RO Data    RW Data    ZI Data      Debug   

      9202        618       1386        184      17656     567603   Grand Totals
      9202        618       1386        184      17656     567603   ELF Image Totals
      9202        618       1386        184          0          0   ROM Totals

==============================================================================

    Total RO  Size (Code + RO Data)                10588 (  10.34kB)
    Total RW  Size (RW Data + ZI Data)             17840 (  17.42kB)
    Total ROM Size (Code + RO Data + RW Data)      10772 (  10.52kB)

==============================================================================

