Component: ARM Compiler 5.06 update 7 (build 960) Tool: armlink [4d3601]

==============================================================================

Section Cross References

    startup_stm32f103xb.o(STACK) refers (Special) to heapauxi.o(.text) for __use_two_region_memory
    startup_stm32f103xb.o(HEAP) refers (Special) to heapauxi.o(.text) for __use_two_region_memory
    startup_stm32f103xb.o(RESET) refers (Special) to heapauxi.o(.text) for __use_two_region_memory
    startup_stm32f103xb.o(RESET) refers to startup_stm32f103xb.o(STACK) for __initial_sp
    startup_stm32f103xb.o(RESET) refers to startup_stm32f103xb.o(.text) for Reset_Handler
    startup_stm32f103xb.o(RESET) refers to stm32f1xx_it.o(i.NMI_Handler) for NMI_Handler
    startup_stm32f103xb.o(RESET) refers to context_rvds.o(.text) for HardFault_Handler
    startup_stm32f103xb.o(RESET) refers to stm32f1xx_it.o(i.MemManage_Handler) for MemManage_Handler
    startup_stm32f103xb.o(RESET) refers to stm32f1xx_it.o(i.BusFault_Handler) for BusFault_Handler
    startup_stm32f103xb.o(RESET) refers to stm32f1xx_it.o(i.UsageFault_Handler) for UsageFault_Handler
    startup_stm32f103xb.o(RESET) refers to stm32f1xx_it.o(i.DebugMon_Handler) for DebugMon_Handler
    startup_stm32f103xb.o(RESET) refers to board.o(i.SysTick_Handler) for SysTick_Handler
    startup_stm32f103xb.o(.text) refers (Special) to heapauxi.o(.text) for __use_two_region_memory
    startup_stm32f103xb.o(.text) refers to system_stm32f1xx.o(i.SystemInit) for SystemInit
    startup_stm32f103xb.o(.text) refers to __main.o(!!!main) for __main
    startup_stm32f103xb.o(.text) refers to startup_stm32f103xb.o(HEAP) for Heap_Mem
    startup_stm32f103xb.o(.text) refers to startup_stm32f103xb.o(STACK) for Stack_Mem
    main.o(i.SystemClock_Config) refers to rt_memclr_w.o(.text) for __aeabi_memclr4
    main.o(i.SystemClock_Config) refers to stm32f1xx_hal_rcc.o(i.HAL_RCC_OscConfig) for HAL_RCC_OscConfig
    main.o(i.SystemClock_Config) refers to stm32f1xx_hal_rcc.o(i.HAL_RCC_ClockConfig) for HAL_RCC_ClockConfig
    main.o(i.main) refers to stm32f1xx_hal.o(i.HAL_Init) for HAL_Init
    main.o(i.main) refers to main.o(i.SystemClock_Config) for SystemClock_Config
    main.o(i.main) refers to gpio.o(i.MX_GPIO_Init) for MX_GPIO_Init
    main.o(i.main) refers to usart.o(i.MX_USART1_UART_Init) for MX_USART1_UART_Init
    main.o(i.main) refers to usart.o(i.MX_USART2_UART_Init) for MX_USART2_UART_Init
    gpio.o(i.MX_GPIO_Init) refers to stm32f1xx_hal_gpio.o(i.HAL_GPIO_WritePin) for HAL_GPIO_WritePin
    gpio.o(i.MX_GPIO_Init) refers to stm32f1xx_hal_gpio.o(i.HAL_GPIO_Init) for HAL_GPIO_Init
    usart.o(i.HAL_UART_MspDeInit) refers to stm32f1xx_hal_gpio.o(i.HAL_GPIO_DeInit) for HAL_GPIO_DeInit
    usart.o(i.HAL_UART_MspInit) refers to stm32f1xx_hal_gpio.o(i.HAL_GPIO_Init) for HAL_GPIO_Init
    usart.o(i.MX_USART1_UART_Init) refers to stm32f1xx_hal_uart.o(i.HAL_UART_Init) for HAL_UART_Init
    usart.o(i.MX_USART1_UART_Init) refers to main.o(i.Error_Handler) for Error_Handler
    usart.o(i.MX_USART1_UART_Init) refers to usart.o(.bss) for .bss
    usart.o(i.MX_USART2_UART_Init) refers to stm32f1xx_hal_uart.o(i.HAL_UART_Init) for HAL_UART_Init
    usart.o(i.MX_USART2_UART_Init) refers to main.o(i.Error_Handler) for Error_Handler
    usart.o(i.MX_USART2_UART_Init) refers to usart.o(.bss) for .bss
    stm32f1xx_hal.o(i.HAL_DeInit) refers to stm32f1xx_hal.o(i.HAL_MspDeInit) for HAL_MspDeInit
    stm32f1xx_hal.o(i.HAL_Delay) refers to stm32f1xx_hal.o(i.HAL_GetTick) for HAL_GetTick
    stm32f1xx_hal.o(i.HAL_Delay) refers to stm32f1xx_hal.o(.data) for .data
    stm32f1xx_hal.o(i.HAL_GetTick) refers to stm32f1xx_hal.o(.data) for .data
    stm32f1xx_hal.o(i.HAL_GetTickFreq) refers to stm32f1xx_hal.o(.data) for .data
    stm32f1xx_hal.o(i.HAL_GetTickPrio) refers to stm32f1xx_hal.o(.data) for .data
    stm32f1xx_hal.o(i.HAL_IncTick) refers to stm32f1xx_hal.o(.data) for .data
    stm32f1xx_hal.o(i.HAL_Init) refers to stm32f1xx_hal_cortex.o(i.HAL_NVIC_SetPriorityGrouping) for HAL_NVIC_SetPriorityGrouping
    stm32f1xx_hal.o(i.HAL_Init) refers to stm32f1xx_hal.o(i.HAL_InitTick) for HAL_InitTick
    stm32f1xx_hal.o(i.HAL_Init) refers to stm32f1xx_hal_msp.o(i.HAL_MspInit) for HAL_MspInit
    stm32f1xx_hal.o(i.HAL_InitTick) refers to stm32f1xx_hal_cortex.o(i.HAL_SYSTICK_Config) for HAL_SYSTICK_Config
    stm32f1xx_hal.o(i.HAL_InitTick) refers to stm32f1xx_hal_cortex.o(i.HAL_NVIC_SetPriority) for HAL_NVIC_SetPriority
    stm32f1xx_hal.o(i.HAL_InitTick) refers to stm32f1xx_hal.o(.data) for .data
    stm32f1xx_hal.o(i.HAL_InitTick) refers to system_stm32f1xx.o(.data) for SystemCoreClock
    stm32f1xx_hal.o(i.HAL_SetTickFreq) refers to stm32f1xx_hal.o(i.HAL_InitTick) for HAL_InitTick
    stm32f1xx_hal.o(i.HAL_SetTickFreq) refers to stm32f1xx_hal.o(.data) for .data
    stm32f1xx_hal_rcc.o(i.HAL_RCC_ClockConfig) refers to stm32f1xx_hal.o(i.HAL_GetTick) for HAL_GetTick
[...]
    i.rt_application_init                    0x080026d8   Section        0  components.o(i.rt_application_init)
    i.rt_calloc                              0x08002708   Section        0  mem.o(i.rt_calloc)
    i.rt_components_board_init               0x08002724   Section        0  components.o(i.rt_components_board_init)
    i.rt_components_init                     0x08002744   Section        0  components.o(i.rt_components_init)
    i.rt_enter_critical                      0x08002764   Section        0  scheduler.o(i.rt_enter_critical)
    i.rt_exit_critical                       0x08002780   Section        0  scheduler.o(i.rt_exit_critical)
    i.rt_free                                0x080027b8   Section        0  mem.o(i.rt_free)
    i.rt_heap_begin_get                      0x08002880   Section        0  board.o(i.rt_heap_begin_get)
    i.rt_heap_end_get                        0x08002888   Section        0  board.o(i.rt_heap_end_get)
    i.rt_hw_board_init                       0x08002890   Section        0  board.o(i.rt_hw_board_init)
    i.rt_hw_console_getchar                  0x080028c8   Section        0  board.o(i.rt_hw_console_getchar)
    i.rt_hw_console_output                   0x080028f0   Section        0  board.o(i.rt_hw_console_output)
    i.rt_hw_hard_fault_exception             0x08002938   Section        0  cpuport.o(i.rt_hw_hard_fault_exception)
    i.rt_hw_stack_init                       0x08002b38   Section        0  cpuport.o(i.rt_hw_stack_init)
    i.rt_interrupt_enter                     0x08002b78   Section        0  irq.o(i.rt_interrupt_enter)
    i.rt_interrupt_leave                     0x08002b94   Section        0  irq.o(i.rt_interrupt_leave)
    i.rt_ipc_list_suspend                    0x08002bb0   Section        0  ipc.o(i.rt_ipc_list_suspend)
    rt_ipc_list_suspend                      0x08002bb1   Thumb Code   112  ipc.o(i.rt_ipc_list_suspend)
    i.rt_kprintf                             0x08002c20   Section        0  kservice.o(i.rt_kprintf)
    i.rt_malloc                              0x08002c44   Section        0  mem.o(i.rt_malloc)
    i.rt_memmove                             0x08002d54   Section        0  kservice.o(i.rt_memmove)
    i.rt_memset                              0x08002d8a   Section        0  kservice.o(i.rt_memset)
    i.rt_object_allocate                     0x08002de0   Section        0  object.o(i.rt_object_allocate)
    i.rt_object_delete                       0x08002e3a   Section        0  object.o(i.rt_object_delete)
    i.rt_object_detach                       0x08002e68   Section        0  object.o(i.rt_object_detach)
    i.rt_object_get_information              0x08002e94   Section        0  object.o(i.rt_object_get_information)
    i.rt_object_init                         0x08002eb8   Section        0  object.o(i.rt_object_init)
    i.rt_object_is_systemobject              0x08002f12   Section        0  object.o(i.rt_object_is_systemobject)
    i.rt_schedule                            0x08002f24   Section        0  scheduler.o(i.rt_schedule)
    i.rt_schedule_insert_thread              0x08002f88   Section        0  scheduler.o(i.rt_schedule_insert_thread)
    i.rt_schedule_remove_thread              0x08002fd8   Section        0  scheduler.o(i.rt_schedule_remove_thread)
    i.rt_sem_init                            0x0800302c   Section        0  ipc.o(i.rt_sem_init)
    i.rt_sem_release                         0x0800304e   Section        0  ipc.o(i.rt_sem_release)
    i.rt_sem_take                            0x080030a6   Section        0  ipc.o(i.rt_sem_take)
    i.rt_show_version                        0x08003118   Section        0  kservice.o(i.rt_show_version)
    i.rt_strlen                              0x080031c8   Section        0  kservice.o(i.rt_strlen)
    i.rt_strncpy                             0x080031d8   Section        0  kservice.o(i.rt_strncpy)
    i.rt_system_heap_init                    0x08003204   Section        0  mem.o(i.rt_system_heap_init)
    i.rt_system_scheduler_init               0x080032b4   Section        0  scheduler.o(i.rt_system_scheduler_init)
    i.rt_system_scheduler_start              0x080032f0   Section        0  scheduler.o(i.rt_system_scheduler_start)
    i.rt_system_timer_init                   0x08003318   Section        0  timer.o(i.rt_system_timer_init)
    i.rt_system_timer_thread_init            0x08003330   Section        0  timer.o(i.rt_system_timer_thread_init)
    i.rt_thread_create                       0x08003332   Section        0  thread.o(i.rt_thread_create)
    i.rt_thread_exit                         0x0800338c   Section        0  thread.o(i.rt_thread_exit)
    i.rt_thread_idle_entry                   0x080033ec   Section        0  idle.o(i.rt_thread_idle_entry)
    rt_thread_idle_entry                     0x080033ed   Thumb Code     6  idle.o(i.rt_thread_idle_entry)
    i.rt_thread_idle_excute                  0x080033f4   Section        0  idle.o(i.rt_thread_idle_excute)
    i.rt_thread_idle_init                    0x08003448   Section        0  idle.o(i.rt_thread_idle_init)
    i.rt_thread_init                         0x08003488   Section        0  thread.o(i.rt_thread_init)
    i.rt_thread_mdelay                       0x080034ba   Section        0  thread.o(i.rt_thread_mdelay)
    i.rt_thread_resume                       0x080034c8   Section        0  thread.o(i.rt_thread_resume)
    i.rt_thread_self                         0x08003510   Section        0  thread.o(i.rt_thread_self)
    i.rt_thread_sleep                        0x0800351c   Section        0  thread.o(i.rt_thread_sleep)
    i.rt_thread_startup                      0x08003560   Section        0  thread.o(i.rt_thread_startup)
    i.rt_thread_suspend                      0x0800358a   Section        0  thread.o(i.rt_thread_suspend)
    i.rt_thread_timeout                      0x080035ce   Section        0  thread.o(i.rt_thread_timeout)
    i.rt_thread_yield                        0x080035f8   Section        0  thread.o(i.rt_thread_yield)
    i.rt_tick_from_millisecond               0x08003664   Section        0  clock.o(i.rt_tick_from_millisecond)
    i.rt_tick_get                            0x08003698   Section        0  clock.o(i.rt_tick_get)
    i.rt_tick_increase                       0x080036a4   Section        0  clock.o(i.rt_tick_increase)
    i.rt_timer_check                         0x080036d0   Section        0  timer.o(i.rt_timer_check)
    i.rt_timer_control                       0x080037c4   Section        0  timer.o(i.rt_timer_control)
    i.rt_timer_detach                        0x08003818   Section        0  timer.o(i.rt_timer_detach)
    i.rt_timer_init                          0x0800385e   Section        0  timer.o(i.rt_timer_init)
    i.rt_timer_start                         0x08003888   Section        0  timer.o(i.rt_timer_start)
    i.rt_timer_stop                          0x08003958   Section        0  timer.o(i.rt_timer_stop)
    i.rt_vsnprintf                           0x080039ac   Section        0  kservice.o(i.rt_vsnprintf)
    i.rti_board_end                          0x08003cd8   Section        0  components.o(i.rti_board_end)
    rti_board_end                            0x08003cd9   Thumb Code     4  components.o(i.rti_board_end)
    i.rti_board_start                        0x08003cdc   Section        0  components.o(i.rti_board_start)
    rti_board_start                          0x08003cdd   Thumb Code     4  components.o(i.rti_board_start)
    i.rti_end                                0x08003ce0   Section        0  components.o(i.rti_end)
    rti_end                                  0x08003ce1   Thumb Code     4  components.o(i.rti_end)
    i.rti_start                              0x08003ce4   Section        0  components.o(i.rti_start)
    rti_start                                0x08003ce5   Thumb Code     4  components.o(i.rti_start)
    i.rtthread_startup                       0x08003ce8   Section        0  components.o(i.rtthread_startup)
    i.shell_auto_complete                    0x08003d14   Section        0  shell.o(i.shell_auto_complete)
    shell_auto_complete                      0x08003d15   Thumb Code    42  shell.o(i.shell_auto_complete)
    i.show_wait_queue                        0x08003d4c   Section        0  cmd.o(i.show_wait_queue)
    show_wait_queue                          0x08003d4d   Thumb Code    40  cmd.o(i.show_wait_queue)
    i.str_common                             0x08003d7c   Section        0  msh.o(i.str_common)
    str_common                               0x08003d7d   Thumb Code    30  msh.o(i.str_common)
    i.uart_init                              0x08003d9c   Section        0  board.o(i.uart_init)
    uart_init                                0x08003d9d   Thumb Code    42  board.o(i.uart_init)
    i.usage_fault_track                      0x08003dd0   Section        0  cpuport.o(i.usage_fault_track)
    usage_fault_track                        0x08003dd1   Thumb Code   112  cpuport.o(i.usage_fault_track)
    i.version                                0x08003eac   Section        0  cmd.o(i.version)
    .constdata                               0x08003eb6   Section       18  stm32f1xx_hal_rcc.o(.constdata)
    aPredivFactorTable                       0x08003eb6   Data           2  stm32f1xx_hal_rcc.o(.constdata)
    aPLLMULFactorTable                       0x08003eb8   Data          16  stm32f1xx_hal_rcc.o(.constdata)
    .constdata                               0x08003ec8   Section       16  system_stm32f1xx.o(.constdata)
    .constdata                               0x08003ed8   Section        8  system_stm32f1xx.o(.constdata)
    .constdata                               0x08003ee0   Section      290  kservice.o(.constdata)
    small_digits                             0x08003fe0   Data          17  kservice.o(.constdata)
    large_digits                             0x08003ff1   Data          17  kservice.o(.constdata)
    .conststring                             0x08004004   Section       68  cmd.o(.conststring)
    .rodata.name                             0x08004048   Section        6  cmd.o(.rodata.name)
    .rodata.name                             0x0800404e   Section       16  cmd.o(.rodata.name)
    .rodata.name                             0x0800405e   Section        8  cmd.o(.rodata.name)
    .rodata.name                             0x08004066   Section       35  cmd.o(.rodata.name)
    .rodata.name                             0x08004089   Section       14  cmd.o(.rodata.name)
    .rodata.name                             0x08004097   Section       35  cmd.o(.rodata.name)
    .rodata.name                             0x080040ba   Section       12  cmd.o(.rodata.name)
    .rodata.name                             0x080040c6   Section       12  cmd.o(.rodata.name)
    .rodata.name                             0x080040d2   Section       18  cmd.o(.rodata.name)
    .rodata.name                             0x080040e4   Section       12  cmd.o(.rodata.name)
    .rodata.name                             0x080040f0   Section        9  cmd.o(.rodata.name)
    .rodata.name                             0x080040f9   Section       25  cmd.o(.rodata.name)
    .rodata.name                             0x08004112   Section       15  cmd.o(.rodata.name)
    .rodata.name                             0x08004121   Section       25  cmd.o(.rodata.name)
    .rodata.name                             0x0800413a   Section       13  cmd.o(.rodata.name)
    .rodata.name                             0x08004147   Section       24  cmd.o(.rodata.name)
    .rodata.name                             0x0800415f   Section       19  cmd.o(.rodata.name)
    .rodata.name                             0x08004172   Section       24  cmd.o(.rodata.name)
    .rodata.name                             0x0800418a   Section       11  cmd.o(.rodata.name)
    .rodata.name                             0x08004195   Section       21  cmd.o(.rodata.name)
    .rodata.name                             0x080041aa   Section       17  cmd.o(.rodata.name)
    .rodata.name                             0x080041bb   Section       21  cmd.o(.rodata.name)
    .rodata.name                             0x080041d0   Section        5  cmd.o(.rodata.name)
    .rodata.name                             0x080041d5   Section       26  cmd.o(.rodata.name)
    .rodata.name                             0x080041ef   Section       11  msh.o(.rodata.name)
    .rodata.name                             0x080041fa   Section       22  msh.o(.rodata.name)
    .rodata.name                             0x08004210   Section        9  msh.o(.rodata.name)
    .rodata.name                             0x08004219   Section       28  msh.o(.rodata.name)
    .rodata.name                             0x08004235   Section       11  msh.o(.rodata.name)
    .rodata.name                             0x08004240   Section       37  msh.o(.rodata.name)
    .rodata.name                             0x08004265   Section        9  mem.o(.rodata.name)
    .rodata.name                             0x0800426e   Section       30  mem.o(.rodata.name)
    .rti_fn.0                                0x0800428c   Section        4  components.o(.rti_fn.0)
    __tagsym$$used                           0x0800428c   Number         0  components.o(.rti_fn.0)
    .rti_fn.0.end                            0x08004290   Section        4  components.o(.rti_fn.0.end)
    __tagsym$$used                           0x08004290   Number         0  components.o(.rti_fn.0.end)
    .rti_fn.1                                0x08004294   Section        4  board.o(.rti_fn.1)
    __tagsym$$used                           0x08004294   Number         0  board.o(.rti_fn.1)
    .rti_fn.1.end                            0x08004298   Section        4  components.o(.rti_fn.1.end)
    __tagsym$$used                           0x08004298   Number         0  components.o(.rti_fn.1.end)
    .rti_fn.6                                0x0800429c   Section        4  shell.o(.rti_fn.6)
    __tagsym$$used                           0x0800429c   Number         0  shell.o(.rti_fn.6)
    .rti_fn.6.end                            0x080042a0   Section        4  components.o(.rti_fn.6.end)
    __tagsym$$used                           0x080042a0   Number         0  components.o(.rti_fn.6.end)
    FSymTab                                  0x080042a4   Section      144  cmd.o(FSymTab)
    __tagsym$$used                           0x080042a4   Number         0  cmd.o(FSymTab)
    __tagsym$$used                           0x080042b0   Number         0  cmd.o(FSymTab)
    __tagsym$$used                           0x080042bc   Number         0  cmd.o(FSymTab)
    __tagsym$$used                           0x080042c8   Number         0  cmd.o(FSymTab)
    __tagsym$$used                           0x080042d4   Number         0  cmd.o(FSymTab)
    __tagsym$$used                           0x080042e0   Number         0  cmd.o(FSymTab)
    __tagsym$$used                           0x080042ec   Number         0  cmd.o(FSymTab)
    __tagsym$$used                           0x080042f8   Number         0  cmd.o(FSymTab)
    __tagsym$$used                           0x08004304   Number         0  cmd.o(FSymTab)
    __tagsym$$used                           0x08004310   Number         0  cmd.o(FSymTab)
    __tagsym$$used                           0x0800431c   Number         0  cmd.o(FSymTab)
    __tagsym$$used                           0x08004328   Number         0  cmd.o(FSymTab)
    FSymTab                                  0x08004334   Section       36  msh.o(FSymTab)
    __tagsym$$used                           0x08004334   Number         0  msh.o(FSymTab)
    __tagsym$$used                           0x08004340   Number         0  msh.o(FSymTab)
    __tagsym$$used                           0x0800434c   Number         0  msh.o(FSymTab)
    FSymTab                                  0x08004358   Section       12  mem.o(FSymTab)
    __tagsym$$used                           0x08004358   Number         0  mem.o(FSymTab)
    .data                                    0x20000000   Section       12  stm32f1xx_hal.o(.data)
    .data                                    0x2000000c   Section        4  system_stm32f1xx.o(.data)
    .data                                    0x20000010   Section       24  shell.o(.data)
    finsh_prompt_custom                      0x20000020   Data           4  shell.o(.data)
    .data                                    0x20000028   Section        4  clock.o(.data)
    rt_tick                                  0x20000028   Data           4  clock.o(.data)
    .data                                    0x2000002c   Section        1  irq.o(.data)
    .data                                    0x20000030   Section       24  mem.o(.data)
    heap_ptr                                 0x20000030   Data           4  mem.o(.data)
    heap_end                                 0x20000034   Data           4  mem.o(.data)
    lfree                                    0x20000038   Data           4  mem.o(.data)
    mem_size_aligned                         0x2000003c   Data           4  mem.o(.data)
    used_mem                                 0x20000040   Data           4  mem.o(.data)
    max_mem                                  0x20000044   Data           4  mem.o(.data)
    .data                                    0x20000048   Section       64  object.o(.data)
    rt_object_container                      0x20000048   Data          64  object.o(.data)
    .data                                    0x20000088   Section       20  scheduler.o(.data)
    rt_scheduler_lock_nest                   0x2000008a   Data           2  scheduler.o(.data)
    .data                                    0x2000009c   Section       12  timer.o(.data)
    random_nr                                0x2000009c   Data           4  timer.o(.data)
    rt_timer_list                            0x200000a0   Data           8  timer.o(.data)
    .data                                    0x200000a8   Section        4  cpuport.o(.data)
    rt_exception_hook                        0x200000a8   Data           4  cpuport.o(.data)
    .data                                    0x200000ac   Section        4  cpuport.o(.data)
    .data                                    0x200000b0   Section        4  cpuport.o(.data)
    .data                                    0x200000b4   Section        4  cpuport.o(.data)
    .bss                                     0x200000b8   Section      144  usart.o(.bss)
    .bss                                     0x20000148   Section      257  shell.o(.bss)
    finsh_prompt                             0x20000148   Data         257  shell.o(.bss)
    .bss                                     0x2000024c   Section    10312  board.o(.bss)
    rt_heap                                  0x2000024c   Data       10240  board.o(.bss)
    UartHandle                               0x20002a4c   Data          72  board.o(.bss)
    .bss                                     0x20002a94   Section      376  idle.o(.bss)
    idle                                     0x20002a94   Data         120  idle.o(.bss)
    rt_thread_stack                          0x20002b0c   Data         256  idle.o(.bss)
    .bss                                     0x20002c0c   Section      256  kservice.o(.bss)
    rt_log_buf                               0x20002c0c   Data         256  kservice.o(.bss)
    .bss                                     0x20002d0c   Section       32  mem.o(.bss)
    heap_sem                                 0x20002d0c   Data          32  mem.o(.bss)
    .bss                                     0x20002d2c   Section      256  scheduler.o(.bss)
    .bss                                     0x20002e2c   Section       96  libspace.o(.bss)
    HEAP                                     0x20002e90   Section      512  startup_stm32f103xb.o(HEAP)
    Heap_Mem                                 0x20002e90   Data         512  startup_stm32f103xb.o(HEAP)
    STACK                                    0x20003090   Section     1024  startup_stm32f103xb.o(STACK)
    Stack_Mem                                0x20003090   Data        1024  startup_stm32f103xb.o(STACK)
    __initial_sp                             0x20003490   Data           0  startup_stm32f103xb.o(STACK)

    Global Symbols

    Symbol Name                              Value     Ov Type        Size  Object(Section)

    BuildAttributes$$THM_ISAv4$P$D$K$B$S$PE$A:L22UL41UL21$X:L11$S22US41US21$IEEE1$IW$USESV6$~STKCKD$USESV7$~SHL$OTIME$ROPI$IEEEX$EBA8$UX$STANDARDLIB$REQ8$PRES8$EABIv2 0x00000000   Number         0  anon$$obj.o ABSOLUTE
    __ARM_use_no_argv                        0x00000000   Number         0  main.o ABSOLUTE
    __ARM_exceptions_init                     - Undefined Weak Reference
    __alloca_initialize                       - Undefined Weak Reference
    __arm_fini_                               - Undefined Weak Reference
    __arm_preinit_                            - Undefined Weak Reference
    __cpp_initialize__aeabi_                  - Undefined Weak Reference
    __cxa_finalize                            - Undefined Weak Reference
    __rt_locale                               - Undefined Weak Reference
    __sigvec_lookup                           - Undefined Weak Reference
    _atexit_init                              - Undefined Weak Reference
    _call_atexit_fns                          - Undefined Weak Reference
    _clock_init                               - Undefined Weak Reference
    _fp_trap_init                             - Undefined Weak Reference
    _fp_trap_shutdown                         - Undefined Weak Reference
    _get_lc_collate                           - Undefined Weak Reference
    _get_lc_ctype                             - Undefined Weak Reference
    _get_lc_monetary                          - Undefined Weak Reference
    _get_lc_numeric                           - Undefined Weak Reference
    _get_lc_time                              - Undefined Weak Reference
    _getenv_init                              - Undefined Weak Reference
    _handle_redirection                       - Undefined Weak Reference
    _init_alloc                               - Undefined Weak Reference
    _init_user_alloc                          - Undefined Weak Reference
    _initio                                   - Undefined Weak Reference
    _rand_init                                - Undefined Weak Reference
    _signal_finish                            - Undefined Weak Reference
    _signal_init                              - Undefined Weak Reference
    _terminate_alloc                          - Undefined Weak Reference
    _terminate_user_alloc                     - Undefined Weak Reference
    _terminateio                              - Undefined Weak Reference
    __Vectors_Size                           0x000000ec   Number         0  startup_stm32f103xb.o ABSOLUTE
    __Vectors                                0x08000000   Data           4  startup_stm32f103xb.o(RESET)
    __Vectors_End                            0x080000ec   Data           0  startup_stm32f103xb.o(RESET)
    __main                                   0x080000ed   Thumb Code     8  __main.o(!!!main)
    __scatterload                            0x080000f5   Thumb Code     0  __scatter.o(!!!scatter)
    __scatterload_rt2                        0x080000f5   Thumb Code    44  __scatter.o(!!!scatter)
    __scatterload_rt2_thumb_only             0x080000f5   Thumb Code     0  __scatter.o(!!!scatter)
    __scatterload_null                       0x08000103   Thumb Code     0  __scatter.o(!!!scatter)
    __scatterload_copy                       0x08000129   Thumb Code    26  __scatter_copy.o(!!handler_copy)
    __scatterload_zeroinit                   0x08000145   Thumb Code    28  __scatter_zi.o(!!handler_zi)
    __rt_lib_init                            0x08000161   Thumb Code     0  libinit.o(.ARM.Collect$$libinit$$00000000)
    __rt_lib_init_alloca_1                   0x08000163   Thumb Code     0  libinit2.o(.ARM.Collect$$libinit$$0000002E)
    __rt_lib_init_argv_1                     0x08000163   Thumb Code     0  libinit2.o(.ARM.Collect$$libinit$$0000002C)
    __rt_lib_init_atexit_1                   0x08000163   Thumb Code     0  libinit2.o(.ARM.Collect$$libinit$$0000001B)
    __rt_lib_init_clock_1                    0x08000163   Thumb Code     0  libinit2.o(.ARM.Collect$$libinit$$00000021)
    __rt_lib_init_cpp_1                      0x08000163   Thumb Code     0  libinit2.o(.ARM.Collect$$libinit$$00000032)
    __rt_lib_init_exceptions_1               0x08000163   Thumb Code     0  libinit2.o(.ARM.Collect$$libinit$$00000030)
    __rt_lib_init_fp_1                       0x08000163   Thumb Code     0  libinit2.o(.ARM.Collect$$libinit$$00000002)
    __rt_lib_init_fp_trap_1                  0x08000163   Thumb Code     0  libinit2.o(.ARM.Collect$$libinit$$0000001F)
    __rt_lib_init_getenv_1                   0x08000163   Thumb Code     0  libinit2.o(.ARM.Collect$$libinit$$00000023)
    __rt_lib_init_heap_1                     0x08000163   Thumb Code     0  libinit2.o(.ARM.Collect$$libinit$$0000000A)
    __rt_lib_init_lc_collate_1               0x08000163   Thumb Code     0  libinit2.o(.ARM.Collect$$libinit$$00000011)
    __rt_lib_init_lc_ctype_1                 0x08000163   Thumb Code     0  libinit2.o(.ARM.Collect$$libinit$$00000013)
    __rt_lib_init_lc_monetary_1              0x08000163   Thumb Code     0  libinit2.o(.ARM.Collect$$libinit$$00000015)
    __rt_lib_init_lc_numeric_1               0x08000163   Thumb Code     0  libinit2.o(.ARM.Collect$$libinit$$00000017)
    __rt_lib_init_lc_time_1                  0x08000163   Thumb Code     0  libinit2.o(.ARM.Collect$$libinit$$00000019)
    __rt_lib_init_preinit_1                  0x08000163   Thumb Code     0  libinit2.o(.ARM.Collect$$libinit$$00000004)
    __rt_lib_init_rand_1                     0x08000163   Thumb Code     0  libinit2.o(.ARM.Collect$$libinit$$0000000E)
    __rt_lib_init_return                     0x08000163   Thumb Code     0  libinit2.o(.ARM.Collect$$libinit$$00000033)
    __rt_lib_init_signal_1                   0x08000163   Thumb Code     0  libinit2.o(.ARM.Collect$$libinit$$0000001D)
    __rt_lib_init_stdio_1                    0x08000163   Thumb Code     0  libinit2.o(.ARM.Collect$$libinit$$00000025)
    __rt_lib_init_user_alloc_1               0x08000163   Thumb Code     0  libinit2.o(.ARM.Collect$$libinit$$0000000C)
    __rt_lib_shutdown                        0x08000165   Thumb Code     0  libshutdown.o(.ARM.Collect$$libshutdown$$00000000)
    __rt_lib_shutdown_cpp_1                  0x08000167   Thumb Code     0  libshutdown2.o(.ARM.Collect$$libshutdown$$00000004)
    __rt_lib_shutdown_fini_1                 0x08000167   Thumb Code     0  libshutdown2.o(.ARM.Collect$$libshutdown$$00000002)
    __rt_lib_shutdown_fp_trap_1              0x08000167   Thumb Code     0  libshutdown2.o(.ARM.Collect$$libshutdown$$00000009)
    __rt_lib_shutdown_heap_1                 0x08000167   Thumb Code     0  libshutdown2.o(.ARM.Collect$$libshutdown$$00000011)
    __rt_lib_shutdown_return                 0x08000167   Thumb Code     0  libshutdown2.o(.ARM.Collect$$libshutdown$$00000012)
    __rt_lib_shutdown_signal_1               0x08000167   Thumb Code     0  libshutdown2.o(.ARM.Collect$$libshutdown$$0000000C)
    __rt_lib_shutdown_stdio_1                0x08000167   Thumb Code     0  libshutdown2.o(.ARM.Collect$$libshutdown$$00000006)
    __rt_lib_shutdown_user_alloc_1           0x08000167   Thumb Code     0  libshutdown2.o(.ARM.Collect$$libshutdown$$0000000E)
    __rt_entry                               0x08000169   Thumb Code     0  __rtentry.o(.ARM.Collect$$rtentry$$00000000)
    __rt_entry_presh_1                       0x08000169   Thumb Code     0  __rtentry2.o(.ARM.Collect$$rtentry$$00000002)
    __rt_entry_sh                            0x08000169   Thumb Code     0  __rtentry4.o(.ARM.Collect$$rtentry$$00000004)
    __rt_entry_li                            0x0800016f   Thumb Code     0  __rtentry2.o(.ARM.Collect$$rtentry$$0000000A)
    __rt_entry_postsh_1                      0x0800016f   Thumb Code     0  __rtentry2.o(.ARM.Collect$$rtentry$$00000009)
    __rt_entry_main                          0x08000173   Thumb Code     0  __rtentry2.o(.ARM.Collect$$rtentry$$0000000D)
    __rt_entry_postli_1                      0x08000173   Thumb Code     0  __rtentry2.o(.ARM.Collect$$rtentry$$0000000C)
    __rt_exit                                0x0800017b   Thumb Code     0  rtexit.o(.ARM.Collect$$rtexit$$00000000)
    __rt_exit_ls                             0x0800017d   Thumb Code     0  rtexit2.o(.ARM.Collect$$rtexit$$00000003)
    __rt_exit_prels_1                        0x0800017d   Thumb Code     0  rtexit2.o(.ARM.Collect$$rtexit$$00000002)
    __rt_exit_exit                           0x08000181   Thumb Code     0  rtexit2.o(.ARM.Collect$$rtexit$$00000004)
    Reset_Handler                            0x08000189   Thumb Code     8  startup_stm32f103xb.o(.text)
    SVC_Handler                              0x0800019b   Thumb Code     2  startup_stm32f103xb.o(.text)
    ADC1_2_IRQHandler                        0x080001a3   Thumb Code     0  startup_stm32f103xb.o(.text)
    CAN1_RX1_IRQHandler                      0x080001a3   Thumb Code     0  startup_stm32f103xb.o(.text)
    CAN1_SCE_IRQHandler                      0x080001a3   Thumb Code     0  startup_stm32f103xb.o(.text)
    DMA1_Channel1_IRQHandler                 0x080001a3   Thumb Code     0  startup_stm32f103xb.o(.text)
    DMA1_Channel2_IRQHandler                 0x080001a3   Thumb Code     0  startup_stm32f103xb.o(.text)
    DMA1_Channel3_IRQHandler                 0x080001a3   Thumb Code     0  startup_stm32f103xb.o(.text)
    DMA1_Channel4_IRQHandler                 0x080001a3   Thumb Code     0  startup_stm32f103xb.o(.text)
    DMA1_Channel5_IRQHandler                 0x080001a3   Thumb Code     0  startup_stm32f103xb.o(.text)
    DMA1_Channel6_IRQHandler                 0x080001a3   Thumb Code     0  startup_stm32f103xb.o(.text)
    DMA1_Channel7_IRQHandler                 0x080001a3   Thumb Code     0  startup_stm32f103xb.o(.text)
    EXTI0_IRQHandler                         0x080001a3   Thumb Code     0  startup_stm32f103xb.o(.text)
    EXTI15_10_IRQHandler                     0x080001a3   Thumb Code     0  startup_stm32f103xb.o(.text)
    EXTI1_IRQHandler                         0x080001a3   Thumb Code     0  startup_stm32f103xb.o(.text)
    EXTI2_IRQHandler                         0x080001a3   Thumb Code     0  startup_stm32f103xb.o(.text)
    EXTI3_IRQHandler                         0x080001a3   Thumb Code     0  startup_stm32f103xb.o(.text)
    EXTI4_IRQHandler                         0x080001a3   Thumb Code     0  startup_stm32f103xb.o(.text)
    EXTI9_5_IRQHandler                       0x080001a3   Thumb Code     0  startup_stm32f103xb.o(.text)
    FLASH_IRQHandler                         0x080001a3   Thumb Code     0  startup_stm32f103xb.o(.text)
    I2C1_ER_IRQHandler                       0x080001a3   Thumb Code     0  startup_stm32f103xb.o(.text)
    I2C1_EV_IRQHandler                       0x080001a3   Thumb Code     0  startup_stm32f103xb.o(.text)
    I2C2_ER_IRQHandler                       0x080001a3   Thumb Code     0  startup_stm32f103xb.o(.text)
    I2C2_EV_IRQHandler                       0x080001a3   Thumb Code     0  startup_stm32f103xb.o(.text)
    PVD_IRQHandler                           0x080001a3   Thumb Code     0  startup_stm32f103xb.o(.text)
    RCC_IRQHandler                           0x080001a3   Thumb Code     0  startup_stm32f103xb.o(.text)
    RTC_Alarm_IRQHandler                     0x080001a3   Thumb Code     0  startup_stm32f103xb.o(.text)
    RTC_IRQHandler                           0x080001a3   Thumb Code     0  startup_stm32f103xb.o(.text)
    SPI1_IRQHandler                          0x080001a3   Thumb Code     0  startup_stm32f103xb.o(.text)
    SPI2_IRQHandler                          0x080001a3   Thumb Code     0  startup_stm32f103xb.o(.text)
    TAMPER_IRQHandler                        0x080001a3   Thumb Code     0  startup_stm32f103xb.o(.text)
    TIM1_BRK_IRQHandler                      0x080001a3   Thumb Code     0  startup_stm32f103xb.o(.text)
    TIM1_CC_IRQHandler                       0x080001a3   Thumb Code     0  startup_stm32f103xb.o(.text)
    TIM1_TRG_COM_IRQHandler                  0x080001a3   Thumb Code     0  startup_stm32f103xb.o(.text)
    TIM1_UP_IRQHandler                       0x080001a3   Thumb Code     0  startup_stm32f103xb.o(.text)
    TIM2_IRQHandler                          0x080001a3   Thumb Code     0  startup_stm32f103xb.o(.text)
    TIM3_IRQHandler                          0x080001a3   Thumb Code     0  startup_stm32f103xb.o(.text)
    TIM4_IRQHandler                          0x080001a3   Thumb Code     0  startup_stm32f103xb.o(.text)
    USART1_IRQHandler                        0x080001a3   Thumb Code     0  startup_stm32f103xb.o(.text)
    USART2_IRQHandler                        0x080001a3   Thumb Code     0  startup_stm32f103xb.o(.text)
    USART3_IRQHandler                        0x080001a3   Thumb Code     0  startup_stm32f103xb.o(.text)
    USBWakeUp_IRQHandler                     0x080001a3   Thumb Code     0  startup_stm32f103xb.o(.text)
    USB_HP_CAN1_TX_IRQHandler                0x080001a3   Thumb Code     0  startup_stm32f103xb.o(.text)
    USB_LP_CAN1_RX0_IRQHandler               0x080001a3   Thumb Code     0  startup_stm32f103xb.o(.text)
    WWDG_IRQHandler                          0x080001a3   Thumb Code     0  startup_stm32f103xb.o(.text)
    __user_initial_stackheap                 0x080001a5   Thumb Code     0  startup_stm32f103xb.o(.text)
    rt_hw_interrupt_disable                  0x080001c9   Thumb Code     8  context_rvds.o(.text)
    rt_hw_interrupt_enable                   0x080001d1   Thumb Code     6  context_rvds.o(.text)
    rt_hw_context_switch                     0x080001d7   Thumb Code    32  context_rvds.o(.text)
    rt_hw_context_switch_interrupt           0x080001d7   Thumb Code     0  context_rvds.o(.text)
    PendSV_Handler                           0x080001f7   Thumb Code    60  context_rvds.o(.text)
    rt_hw_context_switch_to                  0x08000233   Thumb Code    56  context_rvds.o(.text)
    rt_hw_interrupt_thread_switch            0x0800026b   Thumb Code     2  context_rvds.o(.text)
    HardFault_Handler                        0x0800026d   Thumb Code    52  context_rvds.o(.text)
    strlen                                   0x080002bd   Thumb Code    62  strlen.o(.text)
    strncmp                                  0x080002fb   Thumb Code   150  strncmp.o(.text)
    strcat                                   0x08000391   Thumb Code    24  strcat.o(.text)
    __aeabi_memcpy4                          0x080003a9   Thumb Code     0  rt_memcpy_w.o(.text)
    __aeabi_memcpy8                          0x080003a9   Thumb Code     0  rt_memcpy_w.o(.text)
    __rt_memcpy_w                            0x080003a9   Thumb Code   100  rt_memcpy_w.o(.text)
    _memcpy_lastbytes_aligned                0x080003f1   Thumb Code     0  rt_memcpy_w.o(.text)
    __aeabi_memclr                           0x0800040d   Thumb Code     0  rt_memclr.o(.text)
    __rt_memclr                              0x0800040d   Thumb Code    68  rt_memclr.o(.text)
    _memset                                  0x08000411   Thumb Code     0  rt_memclr.o(.text)
    __aeabi_memclr4                          0x08000451   Thumb Code     0  rt_memclr_w.o(.text)
    __aeabi_memclr8                          0x08000451   Thumb Code     0  rt_memclr_w.o(.text)
    __rt_memclr_w                            0x08000451   Thumb Code    78  rt_memclr_w.o(.text)
    _memset_w                                0x08000455   Thumb Code     0  rt_memclr_w.o(.text)
    strncpy                                  0x0800049f   Thumb Code    86  strncpy.o(.text)
    __use_two_region_memory                  0x080004f5   Thumb Code     2  heapauxi.o(.text)
    __rt_heap_escrow$2region                 0x080004f7   Thumb Code     2  heapauxi.o(.text)
    __rt_heap_expand$2region                 0x080004f9   Thumb Code     2  heapauxi.o(.text)
    __user_libspace                          0x080004fd   Thumb Code     8  libspace.o(.text)
    __user_perproc_libspace                  0x080004fd   Thumb Code     0  libspace.o(.text)
    __user_perthread_libspace                0x080004fd   Thumb Code     0  libspace.o(.text)
    __user_setup_stackheap                   0x08000505   Thumb Code    74  sys_stackheap_outer.o(.text)
    exit                                     0x0800054f   Thumb Code    18  exit.o(.text)
    _sys_exit                                0x08000561   Thumb Code     8  sys_exit.o(.text)
    __I$use$semihosting                      0x0800056d   Thumb Code     0  use_no_semi.o(.text)
    __use_no_semihosting_swi                 0x0800056d   Thumb Code     2  use_no_semi.o(.text)
    __semihosting_library_function           0x0800056f   Thumb Code     0  indicate_semi.o(.text)
    main                                     0x0800056f   Thumb Code    10  components.o(i.$Sub$$main)
    BusFault_Handler                         0x08000579   Thumb Code     2  stm32f1xx_it.o(i.BusFault_Handler)
    DebugMon_Handler                         0x0800057b   Thumb Code     2  stm32f1xx_it.o(i.DebugMon_Handler)
    Error_Handler                            0x0800057d   Thumb Code     4  main.o(i.Error_Handler)
    HAL_GPIO_Init                            0x08000581   Thumb Code   446  stm32f1xx_hal_gpio.o(i.HAL_GPIO_Init)
    HAL_GPIO_WritePin                        0x08000761   Thumb Code    10  stm32f1xx_hal_gpio.o(i.HAL_GPIO_WritePin)
    HAL_GetTick                              0x0800076d   Thumb Code     6  stm32f1xx_hal.o(i.HAL_GetTick)
    HAL_Init                                 0x08000779   Thumb Code    32  stm32f1xx_hal.o(i.HAL_Init)
    HAL_InitTick                             0x0800079d   Thumb Code    54  stm32f1xx_hal.o(i.HAL_InitTick)
    HAL_MspInit                              0x080007dd   Thumb Code    52  stm32f1xx_hal_msp.o(i.HAL_MspInit)
    HAL_NVIC_SetPriority                     0x08000819   Thumb Code    60  stm32f1xx_hal_cortex.o(i.HAL_NVIC_SetPriority)
    HAL_NVIC_SetPriorityGrouping             0x08000859   Thumb Code    26  stm32f1xx_hal_cortex.o(i.HAL_NVIC_SetPriorityGrouping)
    HAL_RCC_ClockConfig                      0x0800087d   Thumb Code   280  stm32f1xx_hal_rcc.o(i.HAL_RCC_ClockConfig)
    HAL_RCC_GetHCLKFreq                      0x080009a9   Thumb Code     6  stm32f1xx_hal_rcc.o(i.HAL_RCC_GetHCLKFreq)
    HAL_RCC_GetPCLK1Freq                     0x080009b5   Thumb Code    20  stm32f1xx_hal_rcc.o(i.HAL_RCC_GetPCLK1Freq)
    HAL_RCC_GetPCLK2Freq                     0x080009d5   Thumb Code    20  stm32f1xx_hal_rcc.o(i.HAL_RCC_GetPCLK2Freq)
    HAL_RCC_GetSysClockFreq                  0x080009f5   Thumb Code    58  stm32f1xx_hal_rcc.o(i.HAL_RCC_GetSysClockFreq)
    HAL_RCC_OscConfig                        0x08000a41   Thumb Code   778  stm32f1xx_hal_rcc.o(i.HAL_RCC_OscConfig)
    HAL_SYSTICK_Config                       0x08000d61   Thumb Code    40  stm32f1xx_hal_cortex.o(i.HAL_SYSTICK_Config)
    HAL_UART_Init                            0x08000d89   Thumb Code   100  stm32f1xx_hal_uart.o(i.HAL_UART_Init)
    HAL_UART_MspInit                         0x08000ded   Thumb Code   156  usart.o(i.HAL_UART_MspInit)
    HAL_UART_Transmit                        0x08000e99   Thumb Code   160  stm32f1xx_hal_uart.o(i.HAL_UART_Transmit)
    MX_GPIO_Init                             0x08000f39   Thumb Code   146  gpio.o(i.MX_GPIO_Init)
    MX_USART1_UART_Init                      0x08000fd9   Thumb Code    48  usart.o(i.MX_USART1_UART_Init)
    MX_USART2_UART_Init                      0x08001011   Thumb Code    48  usart.o(i.MX_USART2_UART_Init)
    MemManage_Handler                        0x08001049   Thumb Code     2  stm32f1xx_it.o(i.MemManage_Handler)
    NMI_Handler                              0x0800104b   Thumb Code     2  stm32f1xx_it.o(i.NMI_Handler)
    SysTick_Handler                          0x0800104d   Thumb Code    18  board.o(i.SysTick_Handler)
    SystemClock_Config                       0x0800105f   Thumb Code    94  main.o(i.SystemClock_Config)
    SystemCoreClockUpdate                    0x080010bd   Thumb Code    82  system_stm32f1xx.o(i.SystemCoreClockUpdate)
    SystemInit                               0x08001125   Thumb Code     2  system_stm32f1xx.o(i.SystemInit)
    UsageFault_Handler                       0x0800129f   Thumb Code     2  stm32f1xx_it.o(i.UsageFault_Handler)
    __rt_ffs                                 0x080012c1   Thumb Code    66  kservice.o(i.__rt_ffs)
    cmd_free                                 0x08001529   Thumb Code    10  msh.o(i.cmd_free)
    cmd_ps                                   0x08001533   Thumb Code    10  msh.o(i.cmd_ps)
    finsh_get_prompt                         0x0800153d   Thumb Code    86  shell.o(i.finsh_get_prompt)
    finsh_set_prompt_mode                    0x080015b5   Thumb Code    18  shell.o(i.finsh_set_prompt_mode)
    finsh_system_function_init               0x080015cd   Thumb Code     8  shell.o(i.finsh_system_function_init)
    finsh_system_init                        0x080015d9   Thumb Code    96  shell.o(i.finsh_system_init)
    finsh_thread_entry                       0x08001671   Thumb Code   640  shell.o(i.finsh_thread_entry)
    hello                                    0x08001995   Thumb Code    12  cmd.o(i.hello)
    list                                     0x080019b5   Thumb Code    54  cmd.o(i.list)
    list_mailbox                             0x08001ab9   Thumb Code   254  cmd.o(i.list_mailbox)
    list_mem                                 0x08001c35   Thumb Code    32  mem.o(i.list_mem)
    list_sem                                 0x08001ca1   Thumb Code   246  cmd.o(i.list_sem)
    list_thread                              0x08001dfd   Thumb Code   288  cmd.o(i.list_thread)
    list_timer                               0x08001fdd   Thumb Code   184  cmd.o(i.list_timer)
    $Super$$main                             0x08002139   Thumb Code    22  main.o(i.main)
    main_thread_entry                        0x0800214f   Thumb Code    14  components.o(i.main_thread_entry)
    msh_auto_complete                        0x08002241   Thumb Code   148  msh.o(i.msh_auto_complete)
    msh_exec                                 0x080022e9   Thumb Code    76  msh.o(i.msh_exec)
    msh_help                                 0x080023a9   Thumb Code    62  msh.o(i.msh_help)
    msh_is_used                              0x08002425   Thumb Code     4  msh.o(i.msh_is_used)
    rt_application_init                      0x080026d9   Thumb Code    36  components.o(i.rt_application_init)
    rt_calloc                                0x08002709   Thumb Code    28  mem.o(i.rt_calloc)
    rt_components_board_init                 0x08002725   Thumb Code    22  components.o(i.rt_components_board_init)
    rt_components_init                       0x08002745   Thumb Code    22  components.o(i.rt_components_init)
    rt_enter_critical                        0x08002765   Thumb Code    22  scheduler.o(i.rt_enter_critical)
    rt_exit_critical                         0x08002781   Thumb Code    52  scheduler.o(i.rt_exit_critical)
    rt_free                                  0x080027b9   Thumb Code   114  mem.o(i.rt_free)
    rt_heap_begin_get                        0x08002881   Thumb Code     4  board.o(i.rt_heap_begin_get)
    rt_heap_end_get                          0x08002889   Thumb Code     4  board.o(i.rt_heap_end_get)
    rt_hw_board_init                         0x08002891   Thumb Code    54  board.o(i.rt_hw_board_init)
    rt_hw_console_getchar                    0x080028c9   Thumb Code    34  board.o(i.rt_hw_console_getchar)
    rt_hw_console_output                     0x080028f1   Thumb Code    68  board.o(i.rt_hw_console_output)
    rt_hw_hard_fault_exception               0x08002939   Thumb Code   190  cpuport.o(i.rt_hw_hard_fault_exception)
    rt_hw_stack_init                         0x08002b39   Thumb Code    60  cpuport.o(i.rt_hw_stack_init)
    rt_interrupt_enter                       0x08002b79   Thumb Code    22  irq.o(i.rt_interrupt_enter)
    rt_interrupt_leave                       0x08002b95   Thumb Code    22  irq.o(i.rt_interrupt_leave)
    rt_kprintf                               0x08002c21   Thumb Code    30  kservice.o(i.rt_kprintf)
    rt_malloc                                0x08002c45   Thumb Code   264  mem.o(i.rt_malloc)
    rt_memmove                               0x08002d55   Thumb Code    54  kservice.o(i.rt_memmove)
    rt_memset                                0x08002d8b   Thumb Code    86  kservice.o(i.rt_memset)
    rt_object_allocate                       0x08002de1   Thumb Code    90  object.o(i.rt_object_allocate)
    rt_object_delete                         0x08002e3b   Thumb Code    46  object.o(i.rt_object_delete)
    rt_object_detach                         0x08002e69   Thumb Code    44  object.o(i.rt_object_detach)
    rt_object_get_information                0x08002e95   Thumb Code    30  object.o(i.rt_object_get_information)
    rt_object_init                           0x08002eb9   Thumb Code    90  object.o(i.rt_object_init)
    rt_object_is_systemobject                0x08002f13   Thumb Code    16  object.o(i.rt_object_is_systemobject)
    rt_schedule                              0x08002f25   Thumb Code    88  scheduler.o(i.rt_schedule)
    rt_schedule_insert_thread                0x08002f89   Thumb Code    72  scheduler.o(i.rt_schedule_insert_thread)
    rt_schedule_remove_thread                0x08002fd9   Thumb Code    76  scheduler.o(i.rt_schedule_remove_thread)
    rt_sem_init                              0x0800302d   Thumb Code    34  ipc.o(i.rt_sem_init)
    rt_sem_release                           0x0800304f   Thumb Code    88  ipc.o(i.rt_sem_release)
    rt_sem_take                              0x080030a7   Thumb Code   114  ipc.o(i.rt_sem_take)
    rt_show_version                          0x08003119   Thumb Code    40  kservice.o(i.rt_show_version)
    rt_strlen                                0x080031c9   Thumb Code    16  kservice.o(i.rt_strlen)
    rt_strncpy                               0x080031d9   Thumb Code    42  kservice.o(i.rt_strncpy)
    rt_system_heap_init                      0x08003205   Thumb Code   100  mem.o(i.rt_system_heap_init)
    rt_system_scheduler_init                 0x080032b5   Thumb Code    48  scheduler.o(i.rt_system_scheduler_init)
    rt_system_scheduler_start                0x080032f1   Thumb Code    32  scheduler.o(i.rt_system_scheduler_start)
    rt_system_timer_init                     0x08003319   Thumb Code    20  timer.o(i.rt_system_timer_init)
    rt_system_timer_thread_init              0x08003331   Thumb Code     2  timer.o(i.rt_system_timer_thread_init)
    rt_thread_create                         0x08003333   Thumb Code    90  thread.o(i.rt_thread_create)
    rt_thread_exit                           0x0800338d   Thumb Code    88  thread.o(i.rt_thread_exit)
    rt_thread_idle_excute                    0x080033f5   Thumb Code    80  idle.o(i.rt_thread_idle_excute)
    rt_thread_idle_init                      0x08003449   Thumb Code    44  idle.o(i.rt_thread_idle_init)
    rt_thread_init                           0x08003489   Thumb Code    50  thread.o(i.rt_thread_init)
    rt_thread_mdelay                         0x080034bb   Thumb Code    14  thread.o(i.rt_thread_mdelay)
    rt_thread_resume                         0x080034c9   Thumb Code    72  thread.o(i.rt_thread_resume)
    rt_thread_self                           0x08003511   Thumb Code     6  thread.o(i.rt_thread_self)
    rt_thread_sleep                          0x0800351d   Thumb Code    64  thread.o(i.rt_thread_sleep)
    rt_thread_startup                        0x08003561   Thumb Code    42  thread.o(i.rt_thread_startup)
    rt_thread_suspend                        0x0800358b   Thumb Code    68  thread.o(i.rt_thread_suspend)
    rt_thread_timeout                        0x080035cf   Thumb Code    40  thread.o(i.rt_thread_timeout)
    rt_thread_yield                          0x080035f9   Thumb Code    98  thread.o(i.rt_thread_yield)
    rt_tick_from_millisecond                 0x08003665   Thumb Code    50  clock.o(i.rt_tick_from_millisecond)
    rt_tick_get                              0x08003699   Thumb Code     6  clock.o(i.rt_tick_get)
    rt_tick_increase                         0x080036a5   Thumb Code    38  clock.o(i.rt_tick_increase)
    rt_timer_check                           0x080036d1   Thumb Code   240  timer.o(i.rt_timer_check)
    rt_timer_control                         0x080037c5   Thumb Code    84  timer.o(i.rt_timer_control)
    rt_timer_detach                          0x08003819   Thumb Code    70  timer.o(i.rt_timer_detach)
    rt_timer_init                            0x0800385f   Thumb Code    42  timer.o(i.rt_timer_init)
    rt_timer_start                           0x08003889   Thumb Code   198  timer.o(i.rt_timer_start)
    rt_timer_stop                            0x08003959   Thumb Code    82  timer.o(i.rt_timer_stop)
    rt_vsnprintf                             0x080039ad   Thumb Code   802  kservice.o(i.rt_vsnprintf)
    rtthread_startup                         0x08003ce9   Thumb Code    42  components.o(i.rtthread_startup)
    version                                  0x08003ead   Thumb Code    10  cmd.o(i.version)
    AHBPrescTable                            0x08003ec8   Data          16  system_stm32f1xx.o(.constdata)
    APBPrescTable                            0x08003ed8   Data           8  system_stm32f1xx.o(.constdata)
    __lowest_bit_bitmap                      0x08003ee0   Data         256  kservice.o(.constdata)
    __fsym_hello_name                        0x08004048   Data           6  cmd.o(.rodata.name)
    __fsym_hello_desc                        0x0800404e   Data          16  cmd.o(.rodata.name)
    __fsym_version_name                      0x0800405e   Data           8  cmd.o(.rodata.name)
    __fsym_version_desc                      0x08004066   Data          35  cmd.o(.rodata.name)
    __fsym___cmd_version_name                0x08004089   Data          14  cmd.o(.rodata.name)
    __fsym___cmd_version_desc                0x08004097   Data          35  cmd.o(.rodata.name)
    __fsym_list_thread_name                  0x080040ba   Data          12  cmd.o(.rodata.name)
    __fsym_list_thread_desc                  0x080040c6   Data          12  cmd.o(.rodata.name)
    __fsym___cmd_list_thread_name            0x080040d2   Data          18  cmd.o(.rodata.name)
    __fsym___cmd_list_thread_desc            0x080040e4   Data          12  cmd.o(.rodata.name)
    __fsym_list_sem_name                     0x080040f0   Data           9  cmd.o(.rodata.name)
    __fsym_list_sem_desc                     0x080040f9   Data          25  cmd.o(.rodata.name)
    __fsym___cmd_list_sem_name               0x08004112   Data          15  cmd.o(.rodata.name)
    __fsym___cmd_list_sem_desc               0x08004121   Data          25  cmd.o(.rodata.name)
    __fsym_list_mailbox_name                 0x0800413a   Data          13  cmd.o(.rodata.name)
    __fsym_list_mailbox_desc                 0x08004147   Data          24  cmd.o(.rodata.name)
    __fsym___cmd_list_mailbox_name           0x0800415f   Data          19  cmd.o(.rodata.name)
    __fsym___cmd_list_mailbox_desc           0x08004172   Data          24  cmd.o(.rodata.name)
    __fsym_list_timer_name                   0x0800418a   Data          11  cmd.o(.rodata.name)
    __fsym_list_timer_desc                   0x08004195   Data          21  cmd.o(.rodata.name)
    __fsym___cmd_list_timer_name             0x080041aa   Data          17  cmd.o(.rodata.name)
    __fsym___cmd_list_timer_desc             0x080041bb   Data          21  cmd.o(.rodata.name)
    __fsym_list_name                         0x080041d0   Data           5  cmd.o(.rodata.name)
    __fsym_list_desc                         0x080041d5   Data          26  cmd.o(.rodata.name)
    __fsym___cmd_help_name                   0x080041ef   Data          11  msh.o(.rodata.name)
    __fsym___cmd_help_desc                   0x080041fa   Data          22  msh.o(.rodata.name)
    __fsym___cmd_ps_name                     0x08004210   Data           9  msh.o(.rodata.name)
    __fsym___cmd_ps_desc                     0x08004219   Data          28  msh.o(.rodata.name)
    __fsym___cmd_free_name                   0x08004235   Data          11  msh.o(.rodata.name)
    __fsym___cmd_free_desc                   0x08004240   Data          37  msh.o(.rodata.name)
    __fsym_list_mem_name                     0x08004265   Data           9  mem.o(.rodata.name)
    __fsym_list_mem_desc                     0x0800426e   Data          30  mem.o(.rodata.name)
    __rt_init_rti_start                      0x0800428c   Data           4  components.o(.rti_fn.0)
    __rt_init_rti_board_start                0x08004290   Data           4  components.o(.rti_fn.0.end)
    __rt_init_uart_init                      0x08004294   Data           4  board.o(.rti_fn.1)
    __rt_init_rti_board_end                  0x08004298   Data           4  components.o(.rti_fn.1.end)
    __rt_init_finsh_system_init              0x0800429c   Data           4  shell.o(.rti_fn.6)
    __rt_init_rti_end                        0x080042a0   Data           4  components.o(.rti_fn.6.end)
    FSymTab$$Base                            0x080042a4   Number         0  cmd.o(FSymTab)
    __fsym_hello                             0x080042a4   Data          12  cmd.o(FSymTab)
    __fsym_version                           0x080042b0   Data          12  cmd.o(FSymTab)
    __fsym___cmd_version                     0x080042bc   Data          12  cmd.o(FSymTab)
    __fsym_list_thread                       0x080042c8   Data          12  cmd.o(FSymTab)
    __fsym___cmd_list_thread                 0x080042d4   Data          12  cmd.o(FSymTab)
    __fsym_list_sem                          0x080042e0   Data          12  cmd.o(FSymTab)
    __fsym___cmd_list_sem                    0x080042ec   Data          12  cmd.o(FSymTab)
    __fsym_list_mailbox                      0x080042f8   Data          12  cmd.o(FSymTab)
    __fsym___cmd_list_mailbox                0x08004304   Data          12  cmd.o(FSymTab)
    __fsym_list_timer                        0x08004310   Data          12  cmd.o(FSymTab)
    __fsym___cmd_list_timer                  0x0800431c   Data          12  cmd.o(FSymTab)
    __fsym_list                              0x08004328   Data          12  cmd.o(FSymTab)
    __fsym___cmd_help                        0x08004334   Data          12  msh.o(FSymTab)
    __fsym___cmd_ps                          0x08004340   Data          12  msh.o(FSymTab)
    __fsym___cmd_free                        0x0800434c   Data          12  msh.o(FSymTab)
    __fsym_list_mem                          0x08004358   Data          12  mem.o(FSymTab)
    FSymTab$$Limit                           0x08004364   Number         0  mem.o(FSymTab)
    Region$$Table$$Base                      0x08004364   Number         0  anon$$obj.o(Region$$Table)
    Region$$Table$$Limit                     0x08004384   Number         0  anon$$obj.o(Region$$Table)
    uwTickFreq                               0x20000000   Data           1  stm32f1xx_hal.o(.data)
    uwTickPrio                               0x20000004   Data           4  stm32f1xx_hal.o(.data)
    uwTick                                   0x20000008   Data           4  stm32f1xx_hal.o(.data)
    SystemCoreClock                          0x2000000c   Data           4  system_stm32f1xx.o(.data)
    _syscall_table_begin                     0x20000010   Data           4  shell.o(.data)
    _syscall_table_end                       0x20000014   Data           4  shell.o(.data)
    _sysvar_table_begin                      0x20000018   Data           4  shell.o(.data)
    _sysvar_table_end                        0x2000001c   Data           4  shell.o(.data)
    shell                                    0x20000024   Data           4  shell.o(.data)
    rt_interrupt_nest                        0x2000002c   Data           1  irq.o(.data)
    rt_current_priority                      0x20000088   Data           1  scheduler.o(.data)
    rt_current_thread                        0x2000008c   Data           4  scheduler.o(.data)
    rt_thread_ready_priority_group           0x20000090   Data           4  scheduler.o(.data)
    rt_thread_defunct                        0x20000094   Data           8  scheduler.o(.data)
    rt_interrupt_from_thread                 0x200000ac   Data           4  cpuport.o(.data)
    rt_interrupt_to_thread                   0x200000b0   Data           4  cpuport.o(.data)
    rt_thread_switch_interrupt_flag          0x200000b4   Data           4  cpuport.o(.data)
    huart1                                   0x200000b8   Data          72  usart.o(.bss)
    huart2                                   0x20000100   Data          72  usart.o(.bss)
    rt_thread_priority_table                 0x20002d2c   Data         256  scheduler.o(.bss)
    __libspace_start                         0x20002e2c   Data          96  libspace.o(.bss)
    __temporary_stack_top$libspace           0x20002e8c   Data           0  libspace.o(.bss)



==============================================================================

Memory Map of the image

  Image Entry point : 0x080000ed

  Load Region LR_IROM1 (Base: 0x08000000, Size: 0x0000443c, Max: 0x00010000, ABSOLUTE)

    Execution Region ER_IROM1 (Exec base: 0x08000000, Load base: 0x08000000, Size: 0x00004384, Max: 0x00010000, ABSOLUTE)

    Exec Addr    Load Addr    Size         Type   Attr      Idx    E Section Name        Object

    0x08000000   0x08000000   0x000000ec   Data   RO            3    RESET               startup_stm32f103xb.o
    0x080000ec   0x080000ec   0x00000008   Code   RO         3369  * !!!main             c_w.l(__main.o)
    0x080000f4   0x080000f4   0x00000034   Code   RO         3631    !!!scatter          c_w.l(__scatter.o)
    0x08000128   0x08000128   0x0000001a   Code   RO         3633    !!handler_copy      c_w.l(__scatter_copy.o)
    0x08000142   0x08000142   0x00000002   PAD
    0x08000144   0x08000144   0x0000001c   Code   RO         3635    !!handler_zi        c_w.l(__scatter_zi.o)
    0x08000160   0x08000160   0x00000002   Code   RO         3500    .ARM.Collect$$libinit$$00000000  c_w.l(libinit.o)
    0x08000162   0x08000162   0x00000000   Code   RO         3506    .ARM.Collect$$libinit$$00000002  c_w.l(libinit2.o)
    0x08000162   0x08000162   0x00000000   Code   RO         3508    .ARM.Collect$$libinit$$00000004  c_w.l(libinit2.o)
    0x08000162   0x08000162   0x00000000   Code   RO         3511    .ARM.Collect$$libinit$$0000000A  c_w.l(libinit2.o)
    0x08000162   0x08000162   0x00000000   Code   RO         3513    .ARM.Collect$$libinit$$0000000C  c_w.l(libinit2.o)
    0x08000162   0x08000162   0x00000000   Code   RO         3515    .ARM.Collect$$libinit$$0000000E  c_w.l(libinit2.o)
    0x08000162   0x08000162   0x00000000   Code   RO         3518    .ARM.Collect$$libinit$$00000011  c_w.l(libinit2.o)
    0x08000162   0x08000162   0x00000000   Code   RO         3520    .ARM.Collect$$libinit$$00000013  c_w.l(libinit2.o)
    0x08000162   0x08000162   0x00000000   Code   RO         3522    .ARM.Collect$$libinit$$00000015  c_w.l(libinit2.o)
    0x08000162   0x08000162   0x00000000   Code   RO         3524    .ARM.Collect$$libinit$$00000017  c_w.l(libinit2.o)
    0x08000162   0x08000162   0x00000000   Code   RO         3526    .ARM.Collect$$libinit$$00000019  c_w.l(libinit2.o)
    0x08000162   0x08000162   0x00000000   Code   RO         3528    .ARM.Collect$$libinit$$0000001B  c_w.l(libinit2.o)
    0x08000162   0x08000162   0x00000000   Code   RO         3530    .ARM.Collect$$libinit$$0000001D  c_w.l(libinit2.o)
    0x08000162   0x08000162   0x00000000   Code   RO         3532    .ARM.Collect$$libinit$$0000001F  c_w.l(libinit2.o)
    0x08000162   0x08000162   0x00000000   Code   RO         3534    .ARM.Collect$$libinit$$00000021  c_w.l(libinit2.o)
    0x08000162   0x08000162   0x00000000   Code   RO         3536    .ARM.Collect$$libinit$$00000023  c_w.l(libinit2.o)
    0x08000162   0x08000162   0x00000000   Code   RO         3538    .ARM.Collect$$libinit$$00000025  c_w.l(libinit2.o)
    0x08000162   0x08000162   0x00000000   Code   RO         3542    .ARM.Collect$$libinit$$0000002C  c_w.l(libinit2.o)
    0x08000162   0x08000162   0x00000000   Code   RO         3544    .ARM.Collect$$libinit$$0000002E  c_w.l(libinit2.o)
    0x08000162   0x08000162   0x00000000   Code   RO         3546    .ARM.Collect$$libinit$$00000030  c_w.l(libinit2.o)
    0x08000162   0x08000162   0x00000000   Code   RO         3548    .ARM.Collect$$libinit$$00000032  c_w.l(libinit2.o)
    0x08000162   0x08000162   0x00000002   Code   RO         3549    .ARM.Collect$$libinit$$00000033  c_w.l(libinit2.o)
    0x08000164   0x08000164   0x00000002   Code   RO         3569    .ARM.Collect$$libshutdown$$00000000  c_w.l(libshutdown.o)
    0x08000166   0x08000166   0x00000000   Code   RO         3582    .ARM.Collect$$libshutdown$$00000002  c_w.l(libshutdown2.o)
    0x08000166   0x08000166   0x00000000   Code   RO         3584    .ARM.Collect$$libshutdown$$00000004  c_w.l(libshutdown2.o)
    0x08000166   0x08000166   0x00000000   Code   RO         3586    .ARM.Collect$$libshutdown$$00000006  c_w.l(libshutdown2.o)
    0x08000166   0x08000166   0x00000000   Code   RO         3589    .ARM.Collect$$libshutdown$$00000009  c_w.l(libshutdown2.o)
    0x08000166   0x08000166   0x00000000   Code   RO         3592    .ARM.Collect$$libshutdown$$0000000C  c_w.l(libshutdown2.o)
    0x08000166   0x08000166   0x00000000   Code   RO         3594    .ARM.Collect$$libshutdown$$0000000E  c_w.l(libshutdown2.o)
    0x08000166   0x08000166   0x00000000   Code   RO         3597    .ARM.Collect$$libshutdown$$00000011  c_w.l(libshutdown2.o)
    0x08000166   0x08000166   0x00000002   Code   RO         3598    .ARM.Collect$$libshutdown$$00000012  c_w.l(libshutdown2.o)
    0x08000168   0x08000168   0x00000000   Code   RO         3427    .ARM.Collect$$rtentry$$00000000  c_w.l(__rtentry.o)
    0x08000168   0x08000168   0x00000000   Code   RO         3463    .ARM.Collect$$rtentry$$00000002  c_w.l(__rtentry2.o)
    0x08000168   0x08000168   0x00000006   Code   RO         3475    .ARM.Collect$$rtentry$$00000004  c_w.l(__rtentry4.o)
    0x0800016e   0x0800016e   0x00000000   Code   RO         3465    .ARM.Collect$$rtentry$$00000009  c_w.l(__rtentry2.o)
    0x0800016e   0x0800016e   0x00000004   Code   RO         3466    .ARM.Collect$$rtentry$$0000000A  c_w.l(__rtentry2.o)
    0x08000172   0x08000172   0x00000000   Code   RO         3468    .ARM.Collect$$rtentry$$0000000C  c_w.l(__rtentry2.o)
    0x08000172   0x08000172   0x00000008   Code   RO         3469    .ARM.Collect$$rtentry$$0000000D  c_w.l(__rtentry2.o)
    0x0800017a   0x0800017a   0x00000002   Code   RO         3503    .ARM.Collect$$rtexit$$00000000  c_w.l(rtexit.o)
    0x0800017c   0x0800017c   0x00000000   Code   RO         3551    .ARM.Collect$$rtexit$$00000002  c_w.l(rtexit2.o)
    0x0800017c   0x0800017c   0x00000004   Code   RO         3552    .ARM.Collect$$rtexit$$00000003  c_w.l(rtexit2.o)
    0x08000180   0x08000180   0x00000006   Code   RO         3553    .ARM.Collect$$rtexit$$00000004  c_w.l(rtexit2.o)
    0x08000186   0x08000186   0x00000002   PAD
    0x08000188   0x08000188   0x00000040   Code   RO            4    .text               startup_stm32f103xb.o
    0x080001c8   0x080001c8   0x000000f4   Code   RO         2349    .text               context_rvds.o
    0x080002bc   0x080002bc   0x0000003e   Code   RO         3353    .text               c_w.l(strlen.o)
    0x080002fa   0x080002fa   0x00000096   Code   RO         3355    .text               c_w.l(strncmp.o)
    0x08000390   0x08000390   0x00000018   Code   RO         3357    .text               c_w.l(strcat.o)
    0x080003a8   0x080003a8   0x00000064   Code   RO         3359    .text               c_w.l(rt_memcpy_w.o)
    0x0800040c   0x0800040c   0x00000044   Code   RO         3361    .text               c_w.l(rt_memclr.o)
    0x08000450   0x08000450   0x0000004e   Code   RO         3363    .text               c_w.l(rt_memclr_w.o)
    0x0800049e   0x0800049e   0x00000056   Code   RO         3365    .text               c_w.l(strncpy.o)
    0x080004f4   0x080004f4   0x00000006   Code   RO         3367    .text               c_w.l(heapauxi.o)
    0x080004fa   0x080004fa   0x00000002   PAD
    0x080004fc   0x080004fc   0x00000008   Code   RO         3488    .text               c_w.l(libspace.o)
    0x08000504   0x08000504   0x0000004a   Code   RO         3491    .text               c_w.l(sys_stackheap_outer.o)
    0x0800054e   0x0800054e   0x00000012   Code   RO         3493    .text               c_w.l(exit.o)
    0x08000560   0x08000560   0x0000000c   Code   RO         3561    .text               c_w.l(sys_exit.o)
    0x0800056c   0x0800056c   0x00000002   Code   RO         3572    .text               c_w.l(use_no_semi.o)
    0x0800056e   0x0800056e   0x00000000   Code   RO         3574    .text               c_w.l(indicate_semi.o)
    0x0800056e   0x0800056e   0x0000000a   Code   RO         2454    i.$Sub$$main        components.o
    0x08000578   0x08000578   0x00000002   Code   RO          210    i.BusFault_Handler  stm32f1xx_it.o
    0x0800057a   0x0800057a   0x00000002   Code   RO          211    i.DebugMon_Handler  stm32f1xx_it.o
    0x0800057c   0x0800057c   0x00000004   Code   RO           13    i.Error_Handler     main.o
    0x08000580   0x08000580   0x000001e0   Code   RO          638    i.HAL_GPIO_Init     stm32f1xx_hal_gpio.o
    0x08000760   0x08000760   0x0000000a   Code   RO          642    i.HAL_GPIO_WritePin  stm32f1xx_hal_gpio.o
    0x0800076a   0x0800076a   0x00000002   PAD
    0x0800076c   0x0800076c   0x0000000c   Code   RO          332    i.HAL_GetTick       stm32f1xx_hal.o
    0x08000778   0x08000778   0x00000024   Code   RO          339    i.HAL_Init          stm32f1xx_hal.o
    0x0800079c   0x0800079c   0x00000040   Code   RO          340    i.HAL_InitTick      stm32f1xx_hal.o
    0x080007dc   0x080007dc   0x0000003c   Code   RO          261    i.HAL_MspInit       stm32f1xx_hal_msp.o
    0x08000818   0x08000818   0x00000040   Code   RO          804    i.HAL_NVIC_SetPriority  stm32f1xx_hal_cortex.o
    0x08000858   0x08000858   0x00000024   Code   RO          805    i.HAL_NVIC_SetPriorityGrouping  stm32f1xx_hal_cortex.o
    0x0800087c   0x0800087c   0x0000012c   Code   RO          496    i.HAL_RCC_ClockConfig  stm32f1xx_hal_rcc.o
    0x080009a8   0x080009a8   0x0000000c   Code   RO          501    i.HAL_RCC_GetHCLKFreq  stm32f1xx_hal_rcc.o
    0x080009b4   0x080009b4   0x00000020   Code   RO          503    i.HAL_RCC_GetPCLK1Freq  stm32f1xx_hal_rcc.o
    0x080009d4   0x080009d4   0x00000020   Code   RO          504    i.HAL_RCC_GetPCLK2Freq  stm32f1xx_hal_rcc.o
    0x080009f4   0x080009f4   0x0000004c   Code   RO          505    i.HAL_RCC_GetSysClockFreq  stm32f1xx_hal_rcc.o
    0x08000a40   0x08000a40   0x00000320   Code   RO          508    i.HAL_RCC_OscConfig  stm32f1xx_hal_rcc.o
    0x08000d60   0x08000d60   0x00000028   Code   RO          809    i.HAL_SYSTICK_Config  stm32f1xx_hal_cortex.o
    0x08000d88   0x08000d88   0x00000064   Code   RO         1328    i.HAL_UART_Init     stm32f1xx_hal_uart.o
    0x08000dec   0x08000dec   0x000000ac   Code   RO          163    i.HAL_UART_MspInit  usart.o
    0x08000e98   0x08000e98   0x000000a0   Code   RO         1336    i.HAL_UART_Transmit  stm32f1xx_hal_uart.o
    0x08000f38   0x08000f38   0x000000a0   Code   RO          138    i.MX_GPIO_Init      gpio.o
    0x08000fd8   0x08000fd8   0x00000038   Code   RO          164    i.MX_USART1_UART_Init  usart.o
    0x08001010   0x08001010   0x00000038   Code   RO          165    i.MX_USART2_UART_Init  usart.o
    0x08001048   0x08001048   0x00000002   Code   RO          212    i.MemManage_Handler  stm32f1xx_it.o
    0x0800104a   0x0800104a   0x00000002   Code   RO          213    i.NMI_Handler       stm32f1xx_it.o
    0x0800104c   0x0800104c   0x00000012   Code   RO         2356    i.SysTick_Handler   board.o
    0x0800105e   0x0800105e   0x0000005e   Code   RO           14    i.SystemClock_Config  main.o
    0x080010bc   0x080010bc   0x00000068   Code   RO         1661    i.SystemCoreClockUpdate  system_stm32f1xx.o
    0x08001124   0x08001124   0x00000002   Code   RO         1662    i.SystemInit        system_stm32f1xx.o
    0x08001126   0x08001126   0x0000004e   Code   RO         1351    i.UART_EndRxTransfer  stm32f1xx_hal_uart.o
    0x08001174   0x08001174   0x000000b8   Code   RO         1354    i.UART_SetConfig    stm32f1xx_hal_uart.o
    0x0800122c   0x0800122c   0x00000072   Code   RO         1357    i.UART_WaitOnFlagUntilTimeout  stm32f1xx_hal_uart.o
    0x0800129e   0x0800129e   0x00000002   Code   RO          214    i.UsageFault_Handler  stm32f1xx_it.o
    0x080012a0   0x080012a0   0x00000020   Code   RO          811    i.__NVIC_SetPriority  stm32f1xx_hal_cortex.o
    0x080012c0   0x080012c0   0x00000048   Code   RO         2699    i.__rt_ffs          kservice.o
    0x08001308   0x08001308   0x0000006c   Code   RO         2278    i._msh_exec_cmd     msh.o
    0x08001374   0x08001374   0x0000007c   Code   RO         3076    i._rt_thread_init   thread.o
    0x080013f0   0x080013f0   0x00000028   Code   RO         3198    i._rt_timer_init    timer.o
    0x08001418   0x08001418   0x0000001c   Code   RO         3077    i._thread_cleanup_execute  thread.o
    0x08001434   0x08001434   0x000000f4   Code   RO         3285    i.bus_fault_track   cpuport.o
    0x08001528   0x08001528   0x0000000a   Code   RO         2279    i.cmd_free          msh.o
    0x08001532   0x08001532   0x0000000a   Code   RO         2280    i.cmd_ps            msh.o
    0x0800153c   0x0800153c   0x00000074   Code   RO         2083    i.finsh_get_prompt  shell.o
    0x080015b0   0x080015b0   0x00000004   Code   RO         2085    i.finsh_getchar     shell.o
    0x080015b4   0x080015b4   0x00000018   Code   RO         2088    i.finsh_set_prompt_mode  shell.o
    0x080015cc   0x080015cc   0x0000000c   Code   RO         2089    i.finsh_system_function_init  shell.o
    0x080015d8   0x080015d8   0x00000098   Code   RO         2090    i.finsh_system_init  shell.o
    0x08001670   0x08001670   0x000002a0   Code   RO         2092    i.finsh_thread_entry  shell.o
    0x08001910   0x08001910   0x00000084   Code   RO         3286    i.hard_fault_track  cpuport.o
    0x08001994   0x08001994   0x00000020   Code   RO         2180    i.hello             cmd.o
    0x080019b4   0x080019b4   0x00000068   Code   RO         2181    i.list              cmd.o
    0x08001a1c   0x08001a1c   0x00000024   Code   RO         2182    i.list_find_init    cmd.o
    0x08001a40   0x08001a40   0x00000076   Code   RO         2183    i.list_get_next     cmd.o
    0x08001ab6   0x08001ab6   0x00000002   PAD
    0x08001ab8   0x08001ab8   0x0000017c   Code   RO         2184    i.list_mailbox      cmd.o
    0x08001c34   0x08001c34   0x0000006c   Code   RO         2871    i.list_mem          mem.o
    0x08001ca0   0x08001ca0   0x0000015c   Code   RO         2185    i.list_sem          cmd.o
    0x08001dfc   0x08001dfc   0x000001e0   Code   RO         2186    i.list_thread       cmd.o
    0x08001fdc   0x08001fdc   0x0000015c   Code   RO         2187    i.list_timer        cmd.o
    0x08002138   0x08002138   0x00000016   Code   RO           15    i.main              main.o
    0x0800214e   0x0800214e   0x0000000e   Code   RO         2455    i.main_thread_entry  components.o
    0x0800215c   0x0800215c   0x000000e4   Code   RO         3287    i.mem_manage_fault_track  cpuport.o
    0x08002240   0x08002240   0x000000a8   Code   RO         2281    i.msh_auto_complete  msh.o
    0x080022e8   0x080022e8   0x00000064   Code   RO         2282    i.msh_exec          msh.o
    0x0800234c   0x0800234c   0x0000005c   Code   RO         2283    i.msh_get_cmd       msh.o
    0x080023a8   0x080023a8   0x0000007c   Code   RO         2284    i.msh_help          msh.o
    0x08002424   0x08002424   0x00000004   Code   RO         2285    i.msh_is_used       msh.o
    0x08002428   0x08002428   0x000000d8   Code   RO         2286    i.msh_split         msh.o
    0x08002500   0x08002500   0x00000068   Code   RO         2872    i.plug_holes        mem.o
    0x08002568   0x08002568   0x00000170   Code   RO         2701    i.print_number      kservice.o
    0x080026d8   0x080026d8   0x00000030   Code   RO         2456    i.rt_application_init  components.o
    0x08002708   0x08002708   0x0000001c   Code   RO         2873    i.rt_calloc         mem.o
    0x08002724   0x08002724   0x00000020   Code   RO         2457    i.rt_components_board_init  components.o
    0x08002744   0x08002744   0x00000020   Code   RO         2458    i.rt_components_init  components.o
    0x08002764   0x08002764   0x0000001c   Code   RO         3015    i.rt_enter_critical  scheduler.o
    0x08002780   0x08002780   0x00000038   Code   RO         3016    i.rt_exit_critical  scheduler.o
    0x080027b8   0x080027b8   0x000000c8   Code   RO         2874    i.rt_free           mem.o
    0x08002880   0x08002880   0x00000008   Code   RO         2357    i.rt_heap_begin_get  board.o
    0x08002888   0x08002888   0x00000008   Code   RO         2358    i.rt_heap_end_get   board.o
    0x08002890   0x08002890   0x00000036   Code   RO         2359    i.rt_hw_board_init  board.o
    0x080028c6   0x080028c6   0x00000002   PAD
    0x080028c8   0x080028c8   0x00000028   Code   RO         2360    i.rt_hw_console_getchar  board.o
    0x080028f0   0x080028f0   0x00000048   Code   RO         2361    i.rt_hw_console_output  board.o
    0x08002938   0x08002938   0x00000200   Code   RO         3291    i.rt_hw_hard_fault_exception  cpuport.o
    0x08002b38   0x08002b38   0x00000040   Code   RO         3292    i.rt_hw_stack_init  cpuport.o
    0x08002b78   0x08002b78   0x0000001c   Code   RO         2672    i.rt_interrupt_enter  irq.o
    0x08002b94   0x08002b94   0x0000001c   Code   RO         2674    i.rt_interrupt_leave  irq.o
    0x08002bb0   0x08002bb0   0x00000070   Code   RO         2558    i.rt_ipc_list_suspend  ipc.o
    0x08002c20   0x08002c20   0x00000024   Code   RO         2705    i.rt_kprintf        kservice.o
    0x08002c44   0x08002c44   0x00000110   Code   RO         2875    i.rt_malloc         mem.o
    0x08002d54   0x08002d54   0x00000036   Code   RO         2710    i.rt_memmove        kservice.o
    0x08002d8a   0x08002d8a   0x00000056   Code   RO         2711    i.rt_memset         kservice.o
    0x08002de0   0x08002de0   0x0000005a   Code   RO         2937    i.rt_object_allocate  object.o
    0x08002e3a   0x08002e3a   0x0000002e   Code   RO         2938    i.rt_object_delete  object.o
    0x08002e68   0x08002e68   0x0000002c   Code   RO         2939    i.rt_object_detach  object.o
    0x08002e94   0x08002e94   0x00000024   Code   RO         2941    i.rt_object_get_information  object.o
    0x08002eb8   0x08002eb8   0x0000005a   Code   RO         2945    i.rt_object_init    object.o
    0x08002f12   0x08002f12   0x00000010   Code   RO         2946    i.rt_object_is_systemobject  object.o
    0x08002f22   0x08002f22   0x00000002   PAD
    0x08002f24   0x08002f24   0x00000064   Code   RO         3017    i.rt_schedule       scheduler.o
    0x08002f88   0x08002f88   0x00000050   Code   RO         3018    i.rt_schedule_insert_thread  scheduler.o
    0x08002fd8   0x08002fd8   0x00000054   Code   RO         3019    i.rt_schedule_remove_thread  scheduler.o
    0x0800302c   0x0800302c   0x00000022   Code   RO         2571    i.rt_sem_init       ipc.o
    0x0800304e   0x0800304e   0x00000058   Code   RO         2572    i.rt_sem_release    ipc.o
    0x080030a6   0x080030a6   0x00000072   Code   RO         2573    i.rt_sem_take       ipc.o
    0x08003118   0x08003118   0x000000b0   Code   RO         2713    i.rt_show_version   kservice.o
    0x080031c8   0x080031c8   0x00000010   Code   RO         2719    i.rt_strlen         kservice.o
    0x080031d8   0x080031d8   0x0000002a   Code   RO         2721    i.rt_strncpy        kservice.o
    0x08003202   0x08003202   0x00000002   PAD
    0x08003204   0x08003204   0x000000b0   Code   RO         2878    i.rt_system_heap_init  mem.o
    0x080032b4   0x080032b4   0x0000003c   Code   RO         3020    i.rt_system_scheduler_init  scheduler.o
    0x080032f0   0x080032f0   0x00000028   Code   RO         3021    i.rt_system_scheduler_start  scheduler.o
    0x08003318   0x08003318   0x00000018   Code   RO         3199    i.rt_system_timer_init  timer.o
    0x08003330   0x08003330   0x00000002   Code   RO         3200    i.rt_system_timer_thread_init  timer.o
    0x08003332   0x08003332   0x0000005a   Code   RO         3079    i.rt_thread_create  thread.o
    0x0800338c   0x0800338c   0x00000060   Code   RO         3084    i.rt_thread_exit    thread.o
    0x080033ec   0x080033ec   0x00000006   Code   RO         2522    i.rt_thread_idle_entry  idle.o
    0x080033f2   0x080033f2   0x00000002   PAD
    0x080033f4   0x080033f4   0x00000054   Code   RO         2523    i.rt_thread_idle_excute  idle.o
    0x08003448   0x08003448   0x00000040   Code   RO         2525    i.rt_thread_idle_init  idle.o
    0x08003488   0x08003488   0x00000032   Code   RO         3086    i.rt_thread_init    thread.o
    0x080034ba   0x080034ba   0x0000000e   Code   RO         3087    i.rt_thread_mdelay  thread.o
    0x080034c8   0x080034c8   0x00000048   Code   RO         3088    i.rt_thread_resume  thread.o
    0x08003510   0x08003510   0x0000000c   Code   RO         3089    i.rt_thread_self    thread.o
    0x0800351c   0x0800351c   0x00000044   Code   RO         3090    i.rt_thread_sleep   thread.o
    0x08003560   0x08003560   0x0000002a   Code   RO         3091    i.rt_thread_startup  thread.o
    0x0800358a   0x0800358a   0x00000044   Code   RO         3092    i.rt_thread_suspend  thread.o
    0x080035ce   0x080035ce   0x00000028   Code   RO         3093    i.rt_thread_timeout  thread.o
    0x080035f6   0x080035f6   0x00000002   PAD
    0x080035f8   0x080035f8   0x0000006c   Code   RO         3094    i.rt_thread_yield   thread.o
    0x08003664   0x08003664   0x00000032   Code   RO         2417    i.rt_tick_from_millisecond  clock.o
    0x08003696   0x08003696   0x00000002   PAD
    0x08003698   0x08003698   0x0000000c   Code   RO         2418    i.rt_tick_get       clock.o
    0x080036a4   0x080036a4   0x0000002c   Code   RO         2419    i.rt_tick_increase  clock.o
    0x080036d0   0x080036d0   0x000000f4   Code   RO         3201    i.rt_timer_check    timer.o
    0x080037c4   0x080037c4   0x00000054   Code   RO         3202    i.rt_timer_control  timer.o
    0x08003818   0x08003818   0x00000046   Code   RO         3205    i.rt_timer_detach   timer.o
    0x0800385e   0x0800385e   0x0000002a   Code   RO         3206    i.rt_timer_init     timer.o
    0x08003888   0x08003888   0x000000d0   Code   RO         3209    i.rt_timer_start    timer.o
    0x08003958   0x08003958   0x00000052   Code   RO         3210    i.rt_timer_stop     timer.o
    0x080039aa   0x080039aa   0x00000002   PAD
    0x080039ac   0x080039ac   0x0000032c   Code   RO         2724    i.rt_vsnprintf      kservice.o
    0x08003cd8   0x08003cd8   0x00000004   Code   RO         2459    i.rti_board_end     components.o
    0x08003cdc   0x08003cdc   0x00000004   Code   RO         2460    i.rti_board_start   components.o
    0x08003ce0   0x08003ce0   0x00000004   Code   RO         2461    i.rti_end           components.o
    0x08003ce4   0x08003ce4   0x00000004   Code   RO         2462    i.rti_start         components.o
    0x08003ce8   0x08003ce8   0x0000002a   Code   RO         2463    i.rtthread_startup  components.o
    0x08003d12   0x08003d12   0x00000002   PAD
    0x08003d14   0x08003d14   0x00000038   Code   RO         2093    i.shell_auto_complete  shell.o
    0x08003d4c   0x08003d4c   0x00000030   Code   RO         2188    i.show_wait_queue   cmd.o
    0x08003d7c   0x08003d7c   0x0000001e   Code   RO         2287    i.str_common        msh.o
    0x08003d9a   0x08003d9a   0x00000002   PAD
    0x08003d9c   0x08003d9c   0x00000034   Code   RO         2362    i.uart_init         board.o
    0x08003dd0   0x08003dd0   0x000000dc   Code   RO         3293    i.usage_fault_track  cpuport.o
    0x08003eac   0x08003eac   0x0000000a   Code   RO         2189    i.version           cmd.o
    0x08003eb6   0x08003eb6   0x00000012   Data   RO          509    .constdata          stm32f1xx_hal_rcc.o
    0x08003ec8   0x08003ec8   0x00000010   Data   RO         1663    .constdata          system_stm32f1xx.o
    0x08003ed8   0x08003ed8   0x00000008   Data   RO         1664    .constdata          system_stm32f1xx.o
    0x08003ee0   0x08003ee0   0x00000122   Data   RO         2727    .constdata          kservice.o
    0x08004002   0x08004002   0x00000002   PAD
    0x08004004   0x08004004   0x00000044   Data   RO         2190    .conststring        cmd.o
    0x08004048   0x08004048   0x00000006   Data   RO         2191    .rodata.name        cmd.o
    0x0800404e   0x0800404e   0x00000010   Data   RO         2192    .rodata.name        cmd.o
    0x0800405e   0x0800405e   0x00000008   Data   RO         2193    .rodata.name        cmd.o
    0x08004066   0x08004066   0x00000023   Data   RO         2194    .rodata.name        cmd.o
    0x08004089   0x08004089   0x0000000e   Data   RO         2195    .rodata.name        cmd.o
    0x08004097   0x08004097   0x00000023   Data   RO         2196    .rodata.name        cmd.o
    0x080040ba   0x080040ba   0x0000000c   Data   RO         2197    .rodata.name        cmd.o
    0x080040c6   0x080040c6   0x0000000c   Data   RO         2198    .rodata.name        cmd.o
    0x080040d2   0x080040d2   0x00000012   Data   RO         2199    .rodata.name        cmd.o
    0x080040e4   0x080040e4   0x0000000c   Data   RO         2200    .rodata.name        cmd.o
    0x080040f0   0x080040f0   0x00000009   Data   RO         2201    .rodata.name        cmd.o
    0x080040f9   0x080040f9   0x00000019   Data   RO         2202    .rodata.name        cmd.o
    0x08004112   0x08004112   0x0000000f   Data   RO         2203    .rodata.name        cmd.o
    0x08004121   0x08004121   0x00000019   Data   RO         2204    .rodata.name        cmd.o
    0x0800413a   0x0800413a   0x0000000d   Data   RO         2205    .rodata.name        cmd.o
    0x08004147   0x08004147   0x00000018   Data   RO         2206    .rodata.name        cmd.o
    0x0800415f   0x0800415f   0x00000013   Data   RO         2207    .rodata.name        cmd.o
    0x08004172   0x08004172   0x00000018   Data   RO         2208    .rodata.name        cmd.o
    0x0800418a   0x0800418a   0x0000000b   Data   RO         2209    .rodata.name        cmd.o
    0x08004195   0x08004195   0x00000015   Data   RO         2210    .rodata.name        cmd.o
    0x080041aa   0x080041aa   0x00000011   Data   RO         2211    .rodata.name        cmd.o
    0x080041bb   0x080041bb   0x00000015   Data   RO         2212    .rodata.name        cmd.o
    0x080041d0   0x080041d0   0x00000005   Data   RO         2213    .rodata.name        cmd.o
    0x080041d5   0x080041d5   0x0000001a   Data   RO         2214    .rodata.name        cmd.o
    0x080041ef   0x080041ef   0x0000000b   Data   RO         2288    .rodata.name        msh.o
    0x080041fa   0x080041fa   0x00000016   Data   RO         2289    .rodata.name        msh.o
    0x08004210   0x08004210   0x00000009   Data   RO         2290    .rodata.name        msh.o
    0x08004219   0x08004219   0x0000001c   Data   RO         2291    .rodata.name        msh.o
    0x08004235   0x08004235   0x0000000b   Data   RO         2292    .rodata.name        msh.o
    0x08004240   0x08004240   0x00000025   Data   RO         2293    .rodata.name        msh.o
    0x08004265   0x08004265   0x00000009   Data   RO         2881    .rodata.name        mem.o
    0x0800426e   0x0800426e   0x0000001e   Data   RO         2882    .rodata.name        mem.o
    0x0800428c   0x0800428c   0x00000004   Data   RO         2464    .rti_fn.0           components.o
    0x08004290   0x08004290   0x00000004   Data   RO         2465    .rti_fn.0.end       components.o
    0x08004294   0x08004294   0x00000004   Data   RO         2364    .rti_fn.1           board.o
    0x08004298   0x08004298   0x00000004   Data   RO         2466    .rti_fn.1.end       components.o
    0x0800429c   0x0800429c   0x00000004   Data   RO         2096    .rti_fn.6           shell.o
    0x080042a0   0x080042a0   0x00000004   Data   RO         2467    .rti_fn.6.end       components.o
    0x080042a4   0x080042a4   0x00000090   Data   RO         2215    FSymTab             cmd.o
    0x08004334   0x08004334   0x00000024   Data   RO         2294    FSymTab             msh.o
    0x08004358   0x08004358   0x0000000c   Data   RO         2883    FSymTab             mem.o
    0x08004364   0x08004364   0x00000020   Data   RO         3629    Region$$Table       anon$$obj.o


    Execution Region RW_IRAM1 (Exec base: 0x20000000, Load base: 0x08004384, Size: 0x00003490, Max: 0x00005000, ABSOLUTE)

    Exec Addr    Load Addr    Size         Type   Attr      Idx    E Section Name        Object

    0x20000000   0x08004384   0x0000000c   Data   RW          346    .data               stm32f1xx_hal.o
    0x2000000c   0x08004390   0x00000004   Data   RW         1665    .data               system_stm32f1xx.o
    0x20000010   0x08004394   0x00000018   Data   RW         2095    .data               shell.o
    0x20000028   0x080043ac   0x00000004   Data   RW         2421    .data               clock.o
    0x2000002c   0x080043b0   0x00000001   Data   RW         2675    .data               irq.o
    0x2000002d   0x080043b1   0x00000003   PAD
    0x20000030   0x080043b4   0x00000018   Data   RW         2880    .data               mem.o
    0x20000048   0x080043cc   0x00000040   Data   RW         2948    .data               object.o
    0x20000088   0x0800440c   0x00000014   Data   RW         3023    .data               scheduler.o
    0x2000009c   0x08004420   0x0000000c   Data   RW         3211    .data               timer.o
    0x200000a8   0x0800442c   0x00000004   Data   RW         3294    .data               cpuport.o
    0x200000ac   0x08004430   0x00000004   Data   RW         3295    .data               cpuport.o
    0x200000b0   0x08004434   0x00000004   Data   RW         3296    .data               cpuport.o
    0x200000b4   0x08004438   0x00000004   Data   RW         3297    .data               cpuport.o
    0x200000b8        -       0x00000090   Zero   RW          166    .bss                usart.o
    0x20000148        -       0x00000101   Zero   RW         2094    .bss                shell.o
    0x20000249   0x0800443c   0x00000003   PAD
    0x2000024c        -       0x00002848   Zero   RW         2363    .bss                board.o
    0x20002a94        -       0x00000178   Zero   RW         2526    .bss                idle.o
    0x20002c0c        -       0x00000100   Zero   RW         2726    .bss                kservice.o
    0x20002d0c        -       0x00000020   Zero   RW         2879    .bss                mem.o
    0x20002d2c        -       0x00000100   Zero   RW         3022    .bss                scheduler.o
    0x20002e2c        -       0x00000060   Zero   RW         3489    .bss                c_w.l(libspace.o)
    0x20002e8c   0x0800443c   0x00000004   PAD
    0x20002e90        -       0x00000200   Zero   RW            2    HEAP                startup_stm32f103xb.o
    0x20003090        -       0x00000400   Zero   RW            1    STACK               startup_stm32f103xb.o


==============================================================================

Image component sizes


      Code (inc. data)   RO Data    RW Data    ZI Data      Debug   Object Name

       252         28          4          0      10312       4968   board.o
       106         12          0          4          0       1976   clock.o
      1904        662        635          0          0      15753   cmd.o
       194         32         16          0          0       6428   components.o
       244         28          0          0          0        840   context_rvds.o
      1400        736          0         16          0       6018   cpuport.o
         0          0          0          0          0       7126   drv_soft_i2c.o
       160         14          0          0          0        895   gpio.o
       154         24          0          0        376       5426   idle.o
       348          0          0          0          0       7173   ipc.o
        56         12          0          1          0       1782   irq.o
      1662        172        290          0        256      10657   kservice.o
       120          0          0          0          0     394988   main.o
       888        250         51         24         32       5811   mem.o
       862        160        154          0          0       9424   msh.o
       322          6          0         64          0       8440   object.o
       448         58          0         20        256       8862   scheduler.o
      1036        142          4         24        257      11820   shell.o
        64         26        236          0       1536        792   startup_stm32f103xb.o
       112         20          0         12          0       4703   stm32f1xx_hal.o
       172         14          0          0          0      28198   stm32f1xx_hal_cortex.o
       490         34          0          0          0       2832   stm32f1xx_hal_gpio.o
        60          8          0          0          0        838   stm32f1xx_hal_msp.o
      1252         90         18          0          0       5424   stm32f1xx_hal_rcc.o
       636          6          0          0          0       4528   stm32f1xx_hal_uart.o
        10          0          0          0          0       2061   stm32f1xx_it.o
       106         22         24          4          0       1671   system_stm32f1xx.o
       812         38          0          0          0      12972   thread.o
       796         24          0         12          0      11580   timer.o
       284         32          0          0        144       2247   usart.o

    ----------------------------------------------------------------------
     14972       2650       1466        184      13172     586233   Object Totals
         0          0         32          0          0          0   (incl. Generated)
        22          0          2          3          3          0   (incl. Padding)

    ----------------------------------------------------------------------

      Code (inc. data)   RO Data    RW Data    ZI Data      Debug   Library Member Name

         8          0          0          0          0         68   __main.o
         0          0          0          0          0          0   __rtentry.o
        12          0          0          0          0          0   __rtentry2.o
         6          0          0          0          0          0   __rtentry4.o
        52          8          0          0          0          0   __scatter.o
        26          0          0          0          0          0   __scatter_copy.o
        28          0          0          0          0          0   __scatter_zi.o
        18          0          0          0          0         80   exit.o
         6          0          0          0          0        152   heapauxi.o
         0          0          0          0          0          0   indicate_semi.o
         2          0          0          0          0          0   libinit.o
         2          0          0          0          0          0   libinit2.o
         2          0          0          0          0          0   libshutdown.o
         2          0          0          0          0          0   libshutdown2.o
         8          4          0          0         96         68   libspace.o
        68          0          0          0          0         68   rt_memclr.o
        78          0          0          0          0         80   rt_memclr_w.o
       100          0          0          0          0         80   rt_memcpy_w.o
         2          0          0          0          0          0   rtexit.o
        10          0          0          0          0          0   rtexit2.o
        24          0          0          0          0         68   strcat.o
        62          0          0          0          0         76   strlen.o
       150          0          0          0          0         80   strncmp.o
        86          0          0          0          0         76   strncpy.o
        12          4          0          0          0         68   sys_exit.o
        74          0          0          0          0         80   sys_stackheap_outer.o
         2          0          0          0          0         68   use_no_semi.o

    ----------------------------------------------------------------------
       846         16          0          0        100       1112   Library Totals
         6          0          0          0          4          0   (incl. Padding)

    ----------------------------------------------------------------------

      Code (inc. data)   RO Data    RW Data    ZI Data      Debug   Library Name

       840         16          0          0         96       1112   c_w.l

    ----------------------------------------------------------------------
       846         16          0          0        100       1112   Library Totals

    ----------------------------------------------------------------------

==============================================================================


      Code (inc. data)   RO Data    RW Data    ZI Data      Debug   

     15818       2666       1466        184      13272     579541   Grand Totals
     15818       2666       1466        184      13272     579541   ELF Image Totals
     15818       2666       1466        184          0          0   ROM Totals

==============================================================================

    Total RO  Size (Code + RO Data)                17284 (  16.88kB)
    Total RW  Size (RW Data + ZI Data)             13456 (  13.14kB)
    Total ROM Size (Code + RO Data + RW Data)      17468 (  17.06kB)

==============================================================================

